
> telemedicine-backend@1.0.0 test
> cross-env NODE_ENV=test jest --runInBand --detectOpenHandles --forceExit

  console.log
    MongoDB Connected: localhost

      at log (src/config/db.js:6:13)

[undefined] [[32minfo[39m]: [32m[0mPOST /api/auth/register [32m201[0m 259.959 ms - 566[0m[39m
[undefined] [[32minfo[39m]: [32m[0mPOST /api/auth/register [32m201[0m 117.113 ms - 505[0m[39m
[undefined] [[32minfo[39m]: [32m[0mGET /api/doctors [32m200[0m 23.797 ms - 396[0m[39m
[undefined] [[32minfo[39m]: [32m[0mGET /api/doctors?specialty=Neurology [32m200[0m 9.108 ms - 396[0m[39m
[undefined] [[32minfo[39m]: [32m[0mGET /api/doctors/6a2d015bd08ae8e4f47c2c20 [32m200[0m 12.441 ms - 408[0m[39m
  console.error
    ErrorResponse: Doctor not found with id of 6a2d015cd08ae8e4f47c2c31
        at C:\Users\anush\Desktop\anuprojects\Telemedicine Platform\src\controllers\doctorController.js:42:17
        at processTicksAndRejections (node:internal/process/task_queues:95:5) {
      statusCode: 404
    }

    [0m [90m 14 |[39m
     [90m 15 |[39m   [90m// Log to console for developer[39m
    [31m[1m>[22m[39m[90m 16 |[39m   console[33m.[39merror(err)[33m;[39m
     [90m    |[39m           [31m[1m^[22m[39m
     [90m 17 |[39m
     [90m 18 |[39m   [90m// Mongoose bad ObjectId[39m
     [90m 19 |[39m   [36mif[39m (err[33m.[39mname [33m===[39m [32m'CastError'[39m) {[0m

      at error (src/middleware/error.js:16:11)
      at Layer.handle_error (node_modules/express/lib/router/layer.js:71:5)
      at trim_prefix (node_modules/express/lib/router/index.js:326:13)
      at node_modules/express/lib/router/index.js:286:9
      at Function.process_params (node_modules/express/lib/router/index.js:346:12)
      at next (node_modules/express/lib/router/index.js:280:10)
      at node_modules/express/lib/router/index.js:646:15
      at next (node_modules/express/lib/router/index.js:265:14)
      at next (node_modules/express/lib/router/route.js:141:14)
      at next (src/controllers/doctorController.js:42:12)

[undefined] [[32minfo[39m]: [32m[0mGET /api/doctors/6a2d015cd08ae8e4f47c2c31 [33m404[0m 22.914 ms - 80[0m[39m
[undefined] [[32minfo[39m]: [32m[0mGET /api/doctors/me/profile [32m200[0m 13.876 ms - 384[0m[39m
  console.error
    ErrorResponse: Not authorized to access this route
        at protect (C:\Users\anush\Desktop\anuprojects\Telemedicine Platform\src\middleware\auth.js:21:17)
        at Layer.handle [as handle_request] (C:\Users\anush\Desktop\anuprojects\Telemedicine Platform\node_modules\express\lib\router\layer.js:95:5)
        at next (C:\Users\anush\Desktop\anuprojects\Telemedicine Platform\node_modules\express\lib\router\route.js:149:13)
        at Route.dispatch (C:\Users\anush\Desktop\anuprojects\Telemedicine Platform\node_modules\express\lib\router\route.js:119:3)
        at Layer.handle [as handle_request] (C:\Users\anush\Desktop\anuprojects\Telemedicine Platform\node_modules\express\lib\router\layer.js:95:5)
        at C:\Users\anush\Desktop\anuprojects\Telemedicine Platform\node_modules\express\lib\router\index.js:284:15
        at Function.process_params (C:\Users\anush\Desktop\anuprojects\Telemedicine Platform\node_modules\express\lib\router\index.js:346:12)
        at next (C:\Users\anush\Desktop\anuprojects\Telemedicine Platform\node_modules\express\lib\router\index.js:280:10)
        at Function.handle (C:\Users\anush\Desktop\anuprojects\Telemedicine Platform\node_modules\express\lib\router\index.js:175:3)
        at router (C:\Users\anush\Desktop\anuprojects\Telemedicine Platform\node_modules\express\lib\router\index.js:47:12)
        at Layer.handle [as handle_request] (C:\Users\anush\Desktop\anuprojects\Telemedicine Platform\node_modules\express\lib\router\layer.js:95:5)
        at trim_prefix (C:\Users\anush\Desktop\anuprojects\Telemedicine Platform\node_modules\express\lib\router\index.js:328:13)
        at C:\Users\anush\Desktop\anuprojects\Telemedicine Platform\node_modules\express\lib\router\index.js:286:9
        at Function.process_params (C:\Users\anush\Desktop\anuprojects\Telemedicine Platform\node_modules\express\lib\router\index.js:346:12)
        at next (C:\Users\anush\Desktop\anuprojects\Telemedicine Platform\node_modules\express\lib\router\index.js:280:10)
        at logger (C:\Users\anush\Desktop\anuprojects\Telemedicine Platform\node_modules\morgan\index.js:144:5)
        at Layer.handle [as handle_request] (C:\Users\anush\Desktop\anuprojects\Telemedicine Platform\node_modules\express\lib\router\layer.js:95:5)
        at trim_prefix (C:\Users\anush\Desktop\anuprojects\Telemedicine Platform\node_modules\express\lib\router\index.js:328:13)
        at C:\Users\anush\Desktop\anuprojects\Telemedicine Platform\node_modules\express\lib\router\index.js:286:9
        at Function.process_params (C:\Users\anush\Desktop\anuprojects\Telemedicine Platform\node_modules\express\lib\router\index.js:346:12)
        at next (C:\Users\anush\Desktop\anuprojects\Telemedicine Platform\node_modules\express\lib\router\index.js:280:10)
        at cors (C:\Users\anush\Desktop\anuprojects\Telemedicine Platform\node_modules\cors\lib\index.js:188:7)
        at C:\Users\anush\Desktop\anuprojects\Telemedicine Platform\node_modules\cors\lib\index.js:224:17
        at callback (C:\Users\anush\Desktop\anuprojects\Telemedicine Platform\src\server.js:59:27)
        at C:\Users\anush\Desktop\anuprojects\Telemedicine Platform\node_modules\cors\lib\index.js:219:13
        at optionsCallback (C:\Users\anush\Desktop\anuprojects\Telemedicine Platform\node_modules\cors\lib\index.js:199:9)
        at corsMiddleware (C:\Users\anush\Desktop\anuprojects\Telemedicine Platform\node_modules\cors\lib\index.js:204:7)
        at Layer.handle [as handle_request] (C:\Users\anush\Desktop\anuprojects\Telemedicine Platform\node_modules\express\lib\router\layer.js:95:5)
        at trim_prefix (C:\Users\anush\Desktop\anuprojects\Telemedicine Platform\node_modules\express\lib\router\index.js:328:13)
        at C:\Users\anush\Desktop\anuprojects\Telemedicine Platform\node_modules\express\lib\router\index.js:286:9
        at Function.process_params (C:\Users\anush\Desktop\anuprojects\Telemedicine Platform\node_modules\express\lib\router\index.js:346:12)
        at next (C:\Users\anush\Desktop\anuprojects\Telemedicine Platform\node_modules\express\lib\router\index.js:280:10)
        at hpp (C:\Users\anush\Desktop\anuprojects\Telemedicine Platform\node_modules\hpp\lib\index.js:146:9)
        at Layer.handle [as handle_request] (C:\Users\anush\Desktop\anuprojects\Telemedicine Platform\node_modules\express\lib\router\layer.js:95:5)
        at trim_prefix (C:\Users\anush\Desktop\anuprojects\Telemedicine Platform\node_modules\express\lib\router\index.js:328:13)
        at C:\Users\anush\Desktop\anuprojects\Telemedicine Platform\node_modules\express\lib\router\index.js:286:9
        at Function.process_params (C:\Users\anush\Desktop\anuprojects\Telemedicine Platform\node_modules\express\lib\router\index.js:346:12)
        at next (C:\Users\anush\Desktop\anuprojects\Telemedicine Platform\node_modules\express\lib\router\index.js:280:10)
        at C:\Users\anush\Desktop\anuprojects\Telemedicine Platform\node_modules\express-mongo-sanitize\index.js:122:5
        at Layer.handle [as handle_request] (C:\Users\anush\Desktop\anuprojects\Telemedicine Platform\node_modules\express\lib\router\layer.js:95:5)
        at trim_prefix (C:\Users\anush\Desktop\anuprojects\Telemedicine Platform\node_modules\express\lib\router\index.js:328:13)
        at C:\Users\anush\Desktop\anuprojects\Telemedicine Platform\node_modules\express\lib\router\index.js:286:9
        at Function.process_params (C:\Users\anush\Desktop\anuprojects\Telemedicine Platform\node_modules\express\lib\router\index.js:346:12)
        at next (C:\Users\anush\Desktop\anuprojects\Telemedicine Platform\node_modules\express\lib\router\index.js:280:10)
        at next (C:\Users\anush\Desktop\anuprojects\Telemedicine Platform\node_modules\xss-clean\src\index.js:13:5)
        at Layer.handle [as handle_request] (C:\Users\anush\Desktop\anuprojects\Telemedicine Platform\node_modules\express\lib\router\layer.js:95:5)
        at trim_prefix (C:\Users\anush\Desktop\anuprojects\Telemedicine Platform\node_modules\express\lib\router\index.js:328:13)
        at C:\Users\anush\Desktop\anuprojects\Telemedicine Platform\node_modules\express\lib\router\index.js:286:9
        at Function.process_params (C:\Users\anush\Desktop\anuprojects\Telemedicine Platform\node_modules\express\lib\router\index.js:346:12)
        at next (C:\Users\anush\Desktop\anuprojects\Telemedicine Platform\node_modules\express\lib\router\index.js:280:10)
        at internalNext (C:\Users\anush\Desktop\anuprojects\Telemedicine Platform\node_modules\helmet\index.cjs:531:6)
        at xXssProtectionMiddleware (C:\Users\anush\Desktop\anuprojects\Telemedicine Platform\node_modules\helmet\index.cjs:311:3)
        at internalNext (C:\Users\anush\Desktop\anuprojects\Telemedicine Platform\node_modules\helmet\index.cjs:529:6)
        at xPoweredByMiddleware (C:\Users\anush\Desktop\anuprojects\Telemedicine Platform\node_modules\helmet\index.cjs:304:3)
        at internalNext (C:\Users\anush\Desktop\anuprojects\Telemedicine Platform\node_modules\helmet\index.cjs:529:6)
        at xPermittedCrossDomainPoliciesMiddleware (C:\Users\anush\Desktop\anuprojects\Telemedicine Platform\node_modules\helmet\index.cjs:297:3)
        at internalNext (C:\Users\anush\Desktop\anuprojects\Telemedicine Platform\node_modules\helmet\index.cjs:529:6)
        at xFrameOptionsMiddleware (C:\Users\anush\Desktop\anuprojects\Telemedicine Platform\node_modules\helmet\index.cjs:281:3)
        at internalNext (C:\Users\anush\Desktop\anuprojects\Telemedicine Platform\node_modules\helmet\index.cjs:529:6)
        at xDownloadOptionsMiddleware (C:\Users\anush\Desktop\anuprojects\Telemedicine Platform\node_modules\helmet\index.cjs:261:3)
        at internalNext (C:\Users\anush\Desktop\anuprojects\Telemedicine Platform\node_modules\helmet\index.cjs:529:6)
        at xDnsPrefetchControlMiddleware (C:\Users\anush\Desktop\anuprojects\Telemedicine Platform\node_modules\helmet\index.cjs:254:3)
        at internalNext (C:\Users\anush\Desktop\anuprojects\Telemedicine Platform\node_modules\helmet\index.cjs:529:6)
        at xContentTypeOptionsMiddleware (C:\Users\anush\Desktop\anuprojects\Telemedicine Platform\node_modules\helmet\index.cjs:246:3)
        at internalNext (C:\Users\anush\Desktop\anuprojects\Telemedicine Platform\node_modules\helmet\index.cjs:529:6)
        at strictTransportSecurityMiddleware (C:\Users\anush\Desktop\anuprojects\Telemedicine Platform\node_modules\helmet\index.cjs:239:3)
        at internalNext (C:\Users\anush\Desktop\anuprojects\Telemedicine Platform\node_modules\helmet\index.cjs:529:6)
        at referrerPolicyMiddleware (C:\Users\anush\Desktop\anuprojects\Telemedicine Platform\node_modules\helmet\index.cjs:207:3)
        at internalNext (C:\Users\anush\Desktop\anuprojects\Telemedicine Platform\node_modules\helmet\index.cjs:529:6)
        at originAgentClusterMiddleware (C:\Users\anush\Desktop\anuprojects\Telemedicine Platform\node_modules\helmet\index.cjs:182:3)
        at internalNext (C:\Users\anush\Desktop\anuprojects\Telemedicine Platform\node_modules\helmet\index.cjs:529:6)
        at crossOriginResourcePolicyMiddleware (C:\Users\anush\Desktop\anuprojects\Telemedicine Platform\node_modules\helmet\index.cjs:175:3)
        at internalNext (C:\Users\anush\Desktop\anuprojects\Telemedicine Platform\node_modules\helmet\index.cjs:529:6)
        at crossOriginOpenerPolicyMiddleware (C:\Users\anush\Desktop\anuprojects\Telemedicine Platform\node_modules\helmet\index.cjs:159:3)
        at internalNext (C:\Users\anush\Desktop\anuprojects\Telemedicine Platform\node_modules\helmet\index.cjs:529:6)
        at contentSecurityPolicyMiddleware (C:\Users\anush\Desktop\anuprojects\Telemedicine Platform\node_modules\helmet\index.cjs:124:4)
        at internalNext (C:\Users\anush\Desktop\anuprojects\Telemedicine Platform\node_modules\helmet\index.cjs:529:6)
        at helmetMiddleware (C:\Users\anush\Desktop\anuprojects\Telemedicine Platform\node_modules\helmet\index.cjs:533:6)
        at Layer.handle [as handle_request] (C:\Users\anush\Desktop\anuprojects\Telemedicine Platform\node_modules\express\lib\router\layer.js:95:5)
        at trim_prefix (C:\Users\anush\Desktop\anuprojects\Telemedicine Platform\node_modules\express\lib\router\index.js:328:13)
        at C:\Users\anush\Desktop\anuprojects\Telemedicine Platform\node_modules\express\lib\router\index.js:286:9
        at Function.process_params (C:\Users\anush\Desktop\anuprojects\Telemedicine Platform\node_modules\express\lib\router\index.js:346:12)
        at next (C:\Users\anush\Desktop\anuprojects\Telemedicine Platform\node_modules\express\lib\router\index.js:280:10)
        at jsonParser (C:\Users\anush\Desktop\anuprojects\Telemedicine Platform\node_modules\body-parser\lib\types\json.js:113:7)
        at Layer.handle [as handle_request] (C:\Users\anush\Desktop\anuprojects\Telemedicine Platform\node_modules\express\lib\router\layer.js:95:5)
        at trim_prefix (C:\Users\anush\Desktop\anuprojects\Telemedicine Platform\node_modules\express\lib\router\index.js:328:13)
        at C:\Users\anush\Desktop\anuprojects\Telemedicine Platform\node_modules\express\lib\router\index.js:286:9
        at Function.process_params (C:\Users\anush\Desktop\anuprojects\Telemedicine Platform\node_modules\express\lib\router\index.js:346:12)
        at next (C:\Users\anush\Desktop\anuprojects\Telemedicine Platform\node_modules\express\lib\router\index.js:280:10)
        at expressInit (C:\Users\anush\Desktop\anuprojects\Telemedicine Platform\node_modules\express\lib\middleware\init.js:40:5)
        at Layer.handle [as handle_request] (C:\Users\anush\Desktop\anuprojects\Telemedicine Platform\node_modules\express\lib\router\layer.js:95:5)
        at trim_prefix (C:\Users\anush\Desktop\anuprojects\Telemedicine Platform\node_modules\express\lib\router\index.js:328:13)
        at C:\Users\anush\Desktop\anuprojects\Telemedicine Platform\node_modules\express\lib\router\index.js:286:9
        at Function.process_params (C:\Users\anush\Desktop\anuprojects\Telemedicine Platform\node_modules\express\lib\router\index.js:346:12)
        at next (C:\Users\anush\Desktop\anuprojects\Telemedicine Platform\node_modules\express\lib\router\index.js:280:10)
        at query (C:\Users\anush\Desktop\anuprojects\Telemedicine Platform\node_modules\express\lib\middleware\query.js:45:5)
        at Layer.handle [as handle_request] (C:\Users\anush\Desktop\anuprojects\Telemedicine Platform\node_modules\express\lib\router\layer.js:95:5)
        at trim_prefix (C:\Users\anush\Desktop\anuprojects\Telemedicine Platform\node_modules\express\lib\router\index.js:328:13)
        at C:\Users\anush\Desktop\anuprojects\Telemedicine Platform\node_modules\express\lib\router\index.js:286:9
        at Function.process_params (C:\Users\anush\Desktop\anuprojects\Telemedicine Platform\node_modules\express\lib\router\index.js:346:12) {
      statusCode: 401
    }

    [0m [90m 14 |[39m
     [90m 15 |[39m   [90m// Log to console for developer[39m
    [31m[1m>[22m[39m[90m 16 |[39m   console[33m.[39merror(err)[33m;[39m
     [90m    |[39m           [31m[1m^[22m[39m
     [90m 17 |[39m
     [90m 18 |[39m   [90m// Mongoose bad ObjectId[39m
     [90m 19 |[39m   [36mif[39m (err[33m.[39mname [33m===[39m [32m'CastError'[39m) {[0m

      at error (src/middleware/error.js:16:11)
      at Layer.handle_error (node_modules/express/lib/router/layer.js:71:5)
      at trim_prefix (node_modules/express/lib/router/index.js:326:13)
      at node_modules/express/lib/router/index.js:286:9
      at Function.process_params (node_modules/express/lib/router/index.js:346:12)
      at next (node_modules/express/lib/router/index.js:280:10)
      at node_modules/express/lib/router/index.js:646:15
      at next (node_modules/express/lib/router/index.js:265:14)
      at next (node_modules/express/lib/router/route.js:141:14)
      at Layer.handle_error (node_modules/express/lib/router/layer.js:67:12)
      at next (node_modules/express/lib/router/route.js:147:13)
      at Layer.handle_error (node_modules/express/lib/router/layer.js:67:12)
      at next (node_modules/express/lib/router/route.js:147:13)
      at next (src/middleware/auth.js:21:12)
      at Layer.handle [as handle_request] (node_modules/express/lib/router/layer.js:95:5)
      at next (node_modules/express/lib/router/route.js:149:13)
      at Route.dispatch (node_modules/express/lib/router/route.js:119:3)
      at Layer.handle [as handle_request] (node_modules/express/lib/router/layer.js:95:5)
      at node_modules/express/lib/router/index.js:284:15
      at Function.process_params (node_modules/express/lib/router/index.js:346:12)
      at next (node_modules/express/lib/router/index.js:280:10)
      at Function.handle (node_modules/express/lib/router/index.js:175:3)
      at router (node_modules/express/lib/router/index.js:47:12)
      at Layer.handle [as handle_request] (node_modules/express/lib/router/layer.js:95:5)
      at trim_prefix (node_modules/express/lib/router/index.js:328:13)
      at node_modules/express/lib/router/index.js:286:9
      at Function.process_params (node_modules/express/lib/router/index.js:346:12)
      at next (node_modules/express/lib/router/index.js:280:10)
      at logger (node_modules/morgan/index.js:144:5)
      at Layer.handle [as handle_request] (node_modules/express/lib/router/layer.js:95:5)
      at trim_prefix (node_modules/express/lib/router/index.js:328:13)
      at node_modules/express/lib/router/index.js:286:9
      at Function.process_params (node_modules/express/lib/router/index.js:346:12)
      at next (node_modules/express/lib/router/index.js:280:10)
      at cors (node_modules/cors/lib/index.js:188:7)
      at node_modules/cors/lib/index.js:224:17
      at callback (src/server.js:59:27)
      at node_modules/cors/lib/index.js:219:13
      at optionsCallback (node_modules/cors/lib/index.js:199:9)
      at corsMiddleware (node_modules/cors/lib/index.js:204:7)
      at Layer.handle [as handle_request] (node_modules/express/lib/router/layer.js:95:5)
      at trim_prefix (node_modules/express/lib/router/index.js:328:13)
      at node_modules/express/lib/router/index.js:286:9
      at Function.process_params (node_modules/express/lib/router/index.js:346:12)
      at next (node_modules/express/lib/router/index.js:280:10)
      at hpp (node_modules/hpp/lib/index.js:146:9)
      at Layer.handle [as handle_request] (node_modules/express/lib/router/layer.js:95:5)
      at trim_prefix (node_modules/express/lib/router/index.js:328:13)
      at node_modules/express/lib/router/index.js:286:9
      at Function.process_params (node_modules/express/lib/router/index.js:346:12)
      at next (node_modules/express/lib/router/index.js:280:10)
      at node_modules/express-mongo-sanitize/index.js:122:5
      at Layer.handle [as handle_request] (node_modules/express/lib/router/layer.js:95:5)
      at trim_prefix (node_modules/express/lib/router/index.js:328:13)
      at node_modules/express/lib/router/index.js:286:9
      at Function.process_params (node_modules/express/lib/router/index.js:346:12)
      at next (node_modules/express/lib/router/index.js:280:10)
      at next (node_modules/xss-clean/src/index.js:13:5)
      at Layer.handle [as handle_request] (node_modules/express/lib/router/layer.js:95:5)
      at trim_prefix (node_modules/express/lib/router/index.js:328:13)
      at node_modules/express/lib/router/index.js:286:9
      at Function.process_params (node_modules/express/lib/router/index.js:346:12)
      at next (node_modules/express/lib/router/index.js:280:10)
      at internalNext (node_modules/helmet/index.cjs:531:6)
      at xXssProtectionMiddleware (node_modules/helmet/index.cjs:311:3)
      at internalNext (node_modules/helmet/index.cjs:529:6)
      at xPoweredByMiddleware (node_modules/helmet/index.cjs:304:3)
      at internalNext (node_modules/helmet/index.cjs:529:6)
      at xPermittedCrossDomainPoliciesMiddleware (node_modules/helmet/index.cjs:297:3)
      at internalNext (node_modules/helmet/index.cjs:529:6)
      at xFrameOptionsMiddleware (node_modules/helmet/index.cjs:281:3)
      at internalNext (node_modules/helmet/index.cjs:529:6)
      at xDownloadOptionsMiddleware (node_modules/helmet/index.cjs:261:3)
      at internalNext (node_modules/helmet/index.cjs:529:6)
      at xDnsPrefetchControlMiddleware (node_modules/helmet/index.cjs:254:3)
      at internalNext (node_modules/helmet/index.cjs:529:6)
      at xContentTypeOptionsMiddleware (node_modules/helmet/index.cjs:246:3)
      at internalNext (node_modules/helmet/index.cjs:529:6)
      at strictTransportSecurityMiddleware (node_modules/helmet/index.cjs:239:3)
      at internalNext (node_modules/helmet/index.cjs:529:6)
      at referrerPolicyMiddleware (node_modules/helmet/index.cjs:207:3)
      at internalNext (node_modules/helmet/index.cjs:529:6)
      at originAgentClusterMiddleware (node_modules/helmet/index.cjs:182:3)
      at internalNext (node_modules/helmet/index.cjs:529:6)
      at crossOriginResourcePolicyMiddleware (node_modules/helmet/index.cjs:175:3)
      at internalNext (node_modules/helmet/index.cjs:529:6)
      at crossOriginOpenerPolicyMiddleware (node_modules/helmet/index.cjs:159:3)
      at internalNext (node_modules/helmet/index.cjs:529:6)
      at contentSecurityPolicyMiddleware (node_modules/helmet/index.cjs:124:4)
      at internalNext (node_modules/helmet/index.cjs:529:6)
      at helmetMiddleware (node_modules/helmet/index.cjs:533:6)
      at Layer.handle [as handle_request] (node_modules/express/lib/router/layer.js:95:5)
      at trim_prefix (node_modules/express/lib/router/index.js:328:13)
      at node_modules/express/lib/router/index.js:286:9
      at Function.process_params (node_modules/express/lib/router/index.js:346:12)
      at next (node_modules/express/lib/router/index.js:280:10)
      at jsonParser (node_modules/body-parser/lib/types/json.js:113:7)

[undefined] [[32minfo[39m]: [32m[0mGET /api/doctors/me/profile [33m401[0m 28.828 ms - 63[0m[39m
[undefined] [[32minfo[39m]: [32m[0mPUT /api/doctors/me/profile [32m200[0m 20.567 ms - 384[0m[39m
  console.error
    ErrorResponse: User role patient is not authorized to access this route
        at C:\Users\anush\Desktop\anuprojects\Telemedicine Platform\src\middleware\auth.js:57:9
        at Layer.handle [as handle_request] (C:\Users\anush\Desktop\anuprojects\Telemedicine Platform\node_modules\express\lib\router\layer.js:95:5)
        at next (C:\Users\anush\Desktop\anuprojects\Telemedicine Platform\node_modules\express\lib\router\route.js:149:13)
        at next (C:\Users\anush\Desktop\anuprojects\Telemedicine Platform\src\middleware\auth.js:41:5)
        at processTicksAndRejections (node:internal/process/task_queues:95:5) {
      statusCode: 403
    }

    [0m [90m 14 |[39m
     [90m 15 |[39m   [90m// Log to console for developer[39m
    [31m[1m>[22m[39m[90m 16 |[39m   console[33m.[39merror(err)[33m;[39m
     [90m    |[39m           [31m[1m^[22m[39m
     [90m 17 |[39m
     [90m 18 |[39m   [90m// Mongoose bad ObjectId[39m
     [90m 19 |[39m   [36mif[39m (err[33m.[39mname [33m===[39m [32m'CastError'[39m) {[0m

      at error (src/middleware/error.js:16:11)
      at Layer.handle_error (node_modules/express/lib/router/layer.js:71:5)
      at trim_prefix (node_modules/express/lib/router/index.js:326:13)
      at node_modules/express/lib/router/index.js:286:9
      at Function.process_params (node_modules/express/lib/router/index.js:346:12)
      at next (node_modules/express/lib/router/index.js:280:10)
      at node_modules/express/lib/router/index.js:646:15
      at next (node_modules/express/lib/router/index.js:265:14)
      at next (node_modules/express/lib/router/route.js:141:14)
      at Layer.handle_error (node_modules/express/lib/router/layer.js:67:12)
      at next (node_modules/express/lib/router/route.js:147:13)
      at next (src/middleware/auth.js:56:14)
      at Layer.handle [as handle_request] (node_modules/express/lib/router/layer.js:95:5)
      at next (node_modules/express/lib/router/route.js:149:13)
      at next (src/middleware/auth.js:41:5)

[undefined] [[32minfo[39m]: [32m[0mPUT /api/doctors/me/profile [33m403[0m 11.103 ms - 84[0m[39m
npm : FAIL tests/doctor.test.js
At line:1 char:1
+ npm test > test_output.txt 2>&1
+ ~~~~~~~~~~~~~~~~~~~~~~~~~~~~~~~
    + CategoryInfo          : NotSpecified: (FAIL tests/doctor.test.js:String) [], RemoteException
    + FullyQualifiedErrorId : NativeCommandError
 
  Doctor API
    GET /api/doctors
      ΓêÜ returns a list of doctors (public) (40 ms)
      ΓêÜ supports filtering by specialty (26 ms)
    GET /api/doctors/:id
      ├ù returns doctor details by ID (37 ms)
      ΓêÜ returns 404 for non-existent doctor (44 ms)
    GET /api/doctors/me/profile
      ΓêÜ returns own profile for authenticated doctor (27 ms)
      ΓêÜ rejects unauthenticated access (44 ms)
    PUT /api/doctors/me/profile
      ΓêÜ lets doctor update own profile (35 ms)
      ΓêÜ blocks patient from updating doctor profile (30 ms)

  ΓùÅ Doctor API ΓÇ║ GET /api/doctors/:id ΓÇ║ returns doctor details by ID

    expect(received).toBe(expected) // Object.is equality

    Expected: "6a2d015bd08ae8e4f47c2c20"
    Received: undefined

    [0m [90m 63 |[39m       expect(res[33m.[39mstatus)[33m.[39mtoBe([35m200[39m)[33m;[39m
     [90m 64 |[39m       expect(res[33m.[39mbody[33m.[39msuccess)[33m.[39mtoBe([36mtrue[39m)[33m;[39m
    [31m[1m>[22m[39m[90m 65 |[39m       
expect(res[33m.[39mbody[33m.[39mdata[33m.[39m_id)[33m.[39mtoBe(doctorId)[33m;[39m
     [90m    |[39m                                 [31m[1m^[22m[39m
     [90m 66 |[39m     })[33m;[39m
     [90m 67 |[39m
     [90m 68 |[39m     it([32m'returns 404 for non-existent doctor'[39m[33m,[39m [36masync[39m () [33m=>[39m 
{[0m

      at Object.toBe (tests/doctor.test.js:65:33)

  console.log
    MongoDB Connected: localhost

      at log (src/config/db.js:6:13)

[undefined] [[32minfo[39m]: [32m[0mPOST /api/auth/register [32m201[0m 243.010 ms - 509[0m[39m
[undefined] [[32minfo[39m]: [32m[0mPOST /api/auth/register [32m201[0m 148.630 ms - 567[0m[39m
[undefined] [[32minfo[39m]: [32m[0mPOST /api/auth/login [32m200[0m 125.797 ms - 509[0m[39m
[undefined] [[32minfo[39m]: [32m[0mPOST /api/auth/login [32m200[0m 107.390 ms - 567[0m[39m
[undefined] [[32minfo[39m]: [32m[0mPOST /api/auth/login [32m200[0m 114.999 ms - 327[0m[39m
[undefined] [[32minfo[39m]: [32m[0mPUT /api/availability/me/availability [32m200[0m 20.581 ms - 278[0m[39m
[undefined] [[32minfo[39m]: [32m[0mGET /api/availability/6a2d015d6bcef5c693d41645/available-slots?date=2026-06-08 [32m200[0m 17.030 ms - 265[0m[39m
[undefined] [[32minfo[39m]: [32m[0mPOST /api/appointments [32m201[0m 120.364 ms - 483[0m[39m
  console.error
    ErrorResponse: Consultation room is only accessible at the scheduled appointment time
        at exports.getRoom (C:\Users\anush\Desktop\anuprojects\Telemedicine Platform\src\controllers\videoController.js:93:9)
        at processTicksAndRejections (node:internal/process/task_queues:95:5) {
      statusCode: 403
    }

    [0m [90m 14 |[39m
     [90m 15 |[39m   [90m// Log to console for developer[39m
    [31m[1m>[22m[39m[90m 16 |[39m   console[33m.[39merror(err)[33m;[39m
     [90m    |[39m           [31m[1m^[22m[39m
     [90m 17 |[39m
     [90m 18 |[39m   [90m// Mongoose bad ObjectId[39m
     [90m 19 |[39m   [36mif[39m (err[33m.[39mname [33m===[39m [32m'CastError'[39m) {[0m

      at error (src/middleware/error.js:16:11)
      at Layer.handle_error (node_modules/express/lib/router/layer.js:71:5)
      at trim_prefix (node_modules/express/lib/router/index.js:326:13)
      at node_modules/express/lib/router/index.js:286:9
      at Function.process_params (node_modules/express/lib/router/index.js:346:12)
      at next (node_modules/express/lib/router/index.js:280:10)
      at node_modules/express/lib/router/index.js:646:15
      at next (node_modules/express/lib/router/index.js:265:14)
      at next (node_modules/express/lib/router/route.js:141:14)
      at next (src/controllers/videoController.js:92:14)

[undefined] [[32minfo[39m]: [32m[0mGET /api/video/room/6a2d015e6bcef5c693d4165f [33m403[0m 21.091 ms - 98[0m[39m
  console.error
    ErrorResponse: User role patient is not authorized to access this route
        at C:\Users\anush\Desktop\anuprojects\Telemedicine Platform\src\middleware\auth.js:57:9
        at Layer.handle [as handle_request] (C:\Users\anush\Desktop\anuprojects\Telemedicine Platform\node_modules\express\lib\router\layer.js:95:5)
        at next (C:\Users\anush\Desktop\anuprojects\Telemedicine Platform\node_modules\express\lib\router\route.js:149:13)
        at Route.dispatch (C:\Users\anush\Desktop\anuprojects\Telemedicine Platform\node_modules\express\lib\router\route.js:119:3)
        at Layer.handle [as handle_request] (C:\Users\anush\Desktop\anuprojects\Telemedicine Platform\node_modules\express\lib\router\layer.js:95:5)
        at C:\Users\anush\Desktop\anuprojects\Telemedicine Platform\node_modules\express\lib\router\index.js:284:15
        at Function.process_params (C:\Users\anush\Desktop\anuprojects\Telemedicine Platform\node_modules\express\lib\router\index.js:346:12)
        at next (C:\Users\anush\Desktop\anuprojects\Telemedicine Platform\node_modules\express\lib\router\index.js:280:10)
        at next (C:\Users\anush\Desktop\anuprojects\Telemedicine Platform\src\middleware\auth.js:41:5)
        at processTicksAndRejections (node:internal/process/task_queues:95:5) {
      statusCode: 403
    }

    [0m [90m 14 |[39m
     [90m 15 |[39m   [90m// Log to console for developer[39m
    [31m[1m>[22m[39m[90m 16 |[39m   console[33m.[39merror(err)[33m;[39m
     [90m    |[39m           [31m[1m^[22m[39m
     [90m 17 |[39m
     [90m 18 |[39m   [90m// Mongoose bad ObjectId[39m
     [90m 19 |[39m   [36mif[39m (err[33m.[39mname [33m===[39m [32m'CastError'[39m) {[0m

      at error (src/middleware/error.js:16:11)
      at Layer.handle_error (node_modules/express/lib/router/layer.js:71:5)
      at trim_prefix (node_modules/express/lib/router/index.js:326:13)
      at node_modules/express/lib/router/index.js:286:9
      at Function.process_params (node_modules/express/lib/router/index.js:346:12)
      at next (node_modules/express/lib/router/index.js:280:10)
      at node_modules/express/lib/router/index.js:646:15
      at next (node_modules/express/lib/router/index.js:265:14)
      at next (node_modules/express/lib/router/route.js:141:14)
      at Layer.handle_error (node_modules/express/lib/router/layer.js:67:12)
      at next (node_modules/express/lib/router/route.js:147:13)
      at next (src/middleware/auth.js:56:14)
      at Layer.handle [as handle_request] (node_modules/express/lib/router/layer.js:95:5)
      at next (node_modules/express/lib/router/route.js:149:13)
      at Route.dispatch (node_modules/express/lib/router/route.js:119:3)
      at Layer.handle [as handle_request] (node_modules/express/lib/router/layer.js:95:5)
      at node_modules/express/lib/router/index.js:284:15
      at Function.process_params (node_modules/express/lib/router/index.js:346:12)
      at next (node_modules/express/lib/router/index.js:280:10)
      at next (src/middleware/auth.js:41:5)

[undefined] [[32minfo[39m]: [32m[0mGET /api/dashboards/doctor [33m403[0m 14.200 ms - 84[0m[39m
[undefined] [[32minfo[39m]: [32m[0mGET /api/dashboards/doctor [32m200[0m 35.638 ms - 153[0m[39m
[undefined] [[32minfo[39m]: [32m[0mGET /api/dashboards/patient [32m200[0m 45.689 ms - 677[0m[39m
[undefined] [[32minfo[39m]: [32m[0mGET /api/dashboards/admin [32m200[0m 43.821 ms - 211[0m[39m
  console.warn
    OPENAI_API_KEY is not configured. Falling back to Mock AI engine.

    [0m [90m  5 |[39m   [36mconst[39m apiKey [33m=[39m process[33m.[39menv[33m.[39m[33mOPENAI_API_KEY[39m[33m;[39m
     [90m  6 |[39m   [36mif[39m ([33m![39mapiKey [33m||[39m apiKey [33m===[39m [32m'your_openai_api_key'[39m) {
    [31m[1m>[22m[39m[90m  7 |[39m     console[33m.[39mwarn([32m'OPENAI_API_KEY is not configured. Falling back to Mock AI engine.'[39m)[33m;[39m
     [90m    |[39m             [31m[1m^[22m[39m
     [90m  8 |[39m     [36mreturn[39m [36mnull[39m[33m;[39m
     [90m  9 |[39m   }
     [90m 10 |[39m   [36mreturn[39m [36mnew[39m [33mOpenAI[39m({ apiKey })[33m;[39m[0m

      at warn (src/controllers/aiController.js:7:13)
      at getOpenAIClient (src/controllers/aiController.js:23:18)
      at fn (src/middleware/error.js:9:19)
      at Layer.handle [as handle_request] (node_modules/express/lib/router/layer.js:95:5)
      at next (node_modules/express/lib/router/route.js:149:13)
      at Route.dispatch (node_modules/express/lib/router/route.js:119:3)
      at Layer.handle [as handle_request] (node_modules/express/lib/router/layer.js:95:5)
      at node_modules/express/lib/router/index.js:284:15
      at Function.process_params (node_modules/express/lib/router/index.js:346:12)
      at next (node_modules/express/lib/router/index.js:280:10)
      at next (src/middleware/auth.js:41:5)

[undefined] [[32minfo[39m]: [32m[0mPOST /api/ai/symptoms [32m200[0m 11.044 ms - 499[0m[39m
  console.warn
    OPENAI_API_KEY is not configured. Falling back to Mock AI engine.

    [0m [90m  5 |[39m   [36mconst[39m apiKey [33m=[39m process[33m.[39menv[33m.[39m[33mOPENAI_API_KEY[39m[33m;[39m
     [90m  6 |[39m   [36mif[39m ([33m![39mapiKey [33m||[39m apiKey [33m===[39m [32m'your_openai_api_key'[39m) {
    [31m[1m>[22m[39m[90m  7 |[39m     console[33m.[39mwarn([32m'OPENAI_API_KEY is not configured. Falling back to Mock AI engine.'[39m)[33m;[39m
     [90m    |[39m             [31m[1m^[22m[39m
     [90m  8 |[39m     [36mreturn[39m [36mnull[39m[33m;[39m
     [90m  9 |[39m   }
     [90m 10 |[39m   [36mreturn[39m [36mnew[39m [33mOpenAI[39m({ apiKey })[33m;[39m[0m

      at warn (src/controllers/aiController.js:7:13)
      at getOpenAIClient (src/controllers/aiController.js:98:18)
      at fn (src/middleware/error.js:9:19)
      at Layer.handle [as handle_request] (node_modules/express/lib/router/layer.js:95:5)
      at next (node_modules/express/lib/router/route.js:149:13)
      at Route.dispatch (node_modules/express/lib/router/route.js:119:3)
      at Layer.handle [as handle_request] (node_modules/express/lib/router/layer.js:95:5)
      at node_modules/express/lib/router/index.js:284:15
      at Function.process_params (node_modules/express/lib/router/index.js:346:12)
      at next (node_modules/express/lib/router/index.js:280:10)
      at next (src/middleware/auth.js:41:5)

[undefined] [[32minfo[39m]: [32m[0mPOST /api/ai/prescription-summary [32m200[0m 10.860 ms - 267[0m[39m
PASS tests/api.test.js
  Telemedicine Platform API Integration Tests
    Auth Endpoints
      ΓêÜ should register a new patient user (318 ms)
      ΓêÜ should register a new doctor user (195 ms)
      ΓêÜ should seed a new admin user directly (114 ms)
      ΓêÜ should log in the patient and return a token (143 ms)
      ΓêÜ should log in the doctor and return a token (123 ms)
      ΓêÜ should log in the admin and return a token (129 ms)
    Appointment & Availability Endpoints
      ΓêÜ should let doctor configure custom availability schedule (35 ms)
      ΓêÜ should get available slots for doctor on a specific Monday (32 ms)
      ΓêÜ should book an appointment as patient (136 ms)
    Video Consultation Endpoints
      ΓêÜ should not allow room access if not within scheduled time slot (38 ms)
    Dashboard Endpoints
      ΓêÜ should block non-doctors from doctor dashboard (30 ms)
      ΓêÜ should let doctor view their dashboard stats (49 ms)
      ΓêÜ should let patient view their dashboard stats (59 ms)
      ΓêÜ should let admin view their dashboard stats (60 ms)
    AI Feature Endpoints
      ΓêÜ should check symptoms using OpenAI Mock Fallback (27 ms)
      ΓêÜ should structure prescription text (26 ms)

  console.log
    MongoDB Connected: localhost

      at log (src/config/db.js:6:13)

[undefined] [[32minfo[39m]: [32m[0mPOST /api/auth/register [32m201[0m 229.980 ms - 511[0m[39m
[undefined] [[32minfo[39m]: [32m[0mPOST /api/auth/register [32m201[0m 138.426 ms - 570[0m[39m
  console.error
    MongoServerError: E11000 duplicate key error collection: telemedicine_test_auth.users index: email_1 dup key: { email: "patient@auth.test" }
        at InsertOneOperation.handleOk (C:\Users\anush\Desktop\anuprojects\Telemedicine Platform\node_modules\mongodb\src\operations\insert.ts:79:13)
        at tryOperation (C:\Users\anush\Desktop\anuprojects\Telemedicine Platform\node_modules\mongodb\src\operations\execute_operation.ts:290:26)
        at processTicksAndRejections (node:internal/process/task_queues:95:5)
        at executeOperation (C:\Users\anush\Desktop\anuprojects\Telemedicine Platform\node_modules\mongodb\src\operations\execute_operation.ts:119:12)
        at Collection.insertOne (C:\Users\anush\Desktop\anuprojects\Telemedicine Platform\node_modules\mongodb\src\collection.ts:294:12) {
      errorLabelSet: Set(0) {},
      errorResponse: {
        index: 0,
        code: 11000,
        errmsg: 'E11000 duplicate key error collection: telemedicine_test_auth.users index: email_1 dup key: { email: "patient@auth.test" }',
        keyPattern: { email: 1 },
        keyValue: { email: 'patient@auth.test' }
      },
      index: 0,
      code: 11000,
      keyPattern: { email: 1 },
      keyValue: { email: 'patient@auth.test' }
    }

    [0m [90m 14 |[39m
     [90m 15 |[39m   [90m// Log to console for developer[39m
    [31m[1m>[22m[39m[90m 16 |[39m   console[33m.[39merror(err)[33m;[39m
     [90m    |[39m           [31m[1m^[22m[39m
     [90m 17 |[39m
     [90m 18 |[39m   [90m// Mongoose bad ObjectId[39m
     [90m 19 |[39m   [36mif[39m (err[33m.[39mname [33m===[39m [32m'CastError'[39m) {[0m

      at error (src/middleware/error.js:16:11)
      at Layer.handle_error (node_modules/express/lib/router/layer.js:71:5)
      at trim_prefix (node_modules/express/lib/router/index.js:326:13)
      at node_modules/express/lib/router/index.js:286:9
      at Function.process_params (node_modules/express/lib/router/index.js:346:12)
      at next (node_modules/express/lib/router/index.js:280:10)
      at node_modules/express/lib/router/index.js:646:15
      at next (node_modules/express/lib/router/index.js:265:14)
      at next (node_modules/express/lib/router/route.js:141:14)

[undefined] [[32minfo[39m]: [32m[0mPOST /api/auth/register [33m400[0m 133.577 ms - 57[0m[39m
  console.error
    Error: patient validation failed: name: Please add a name, password: Path `password` (`123`, length 3) is shorter than the minimum allowed length (6).
        at ValidationError.inspect (C:\Users\anush\Desktop\anuprojects\Telemedicine Platform\node_modules\mongoose\lib\error\validation.js:52:26)
        at formatValue (node:internal/util/inspect:833:19)
        at inspect (node:internal/util/inspect:376:10)
        at formatWithOptionsInternal (node:internal/util/inspect:2377:40)
        at format (node:internal/util/inspect:2234:10)
        at console.error (C:\Users\anush\Desktop\anuprojects\Telemedicine Platform\node_modules\@jest\console\build\index.js:288:52)
        at error (C:\Users\anush\Desktop\anuprojects\Telemedicine Platform\src\middleware\error.js:16:11)
        at Layer.handle_error (C:\Users\anush\Desktop\anuprojects\Telemedicine Platform\node_modules\express\lib\router\layer.js:71:5)
        at trim_prefix (C:\Users\anush\Desktop\anuprojects\Telemedicine Platform\node_modules\express\lib\router\index.js:326:13)
        at C:\Users\anush\Desktop\anuprojects\Telemedicine Platform\node_modules\express\lib\router\index.js:286:9
        at Function.process_params (C:\Users\anush\Desktop\anuprojects\Telemedicine Platform\node_modules\express\lib\router\index.js:346:12)
        at next (C:\Users\anush\Desktop\anuprojects\Telemedicine Platform\node_modules\express\lib\router\index.js:280:10)
        at C:\Users\anush\Desktop\anuprojects\Telemedicine Platform\node_modules\express\lib\router\index.js:646:15
        at next (C:\Users\anush\Desktop\anuprojects\Telemedicine Platform\node_modules\express\lib\router\index.js:265:14)
        at next (C:\Users\anush\Desktop\anuprojects\Telemedicine Platform\node_modules\express\lib\router\route.js:141:14)
        at processTicksAndRejections (node:internal/process/task_queues:95:5) {
      errors: {
        name: ValidatorError: Please add a name
            at validate (C:\Users\anush\Desktop\anuprojects\Telemedicine Platform\node_modules\mongoose\lib\schemaType.js:1440:13)
            at SchemaString.SchemaType.doValidate (C:\Users\anush\Desktop\anuprojects\Telemedicine Platform\node_modules\mongoose\lib\schemaType.js:1424:7)
            at C:\Users\anush\Desktop\anuprojects\Telemedicine Platform\node_modules\mongoose\lib\document.js:3134:18
            at processTicksAndRejections (node:internal/process/task_queues:77:11) {
          properties: [Object],
          kind: 'required',
          path: 'name',
          value: undefined,
          reason: undefined,
          [Symbol(mongoose#validatorError)]: true
        },
        password: ValidatorError: Path `password` (`123`, length 3) is shorter than the minimum allowed length (6).
            at validate (C:\Users\anush\Desktop\anuprojects\Telemedicine Platform\node_modules\mongoose\lib\schemaType.js:1440:13)
            at SchemaString.SchemaType.doValidate (C:\Users\anush\Desktop\anuprojects\Telemedicine Platform\node_modules\mongoose\lib\schemaType.js:1424:7)
            at C:\Users\anush\Desktop\anuprojects\Telemedicine Platform\node_modules\mongoose\lib\document.js:3134:18
            at processTicksAndRejections (node:internal/process/task_queues:77:11) {
          properties: [Object],
          kind: 'minlength',
          path: 'password',
          value: '123',
          reason: undefined,
          [Symbol(mongoose#validatorError)]: true
        }
      },
      _message: 'patient validation failed'
    }

    [0m [90m 14 |[39m
     [90m 15 |[39m   [90m// Log to console for developer[39m
    [31m[1m>[22m[39m[90m 16 |[39m   console[33m.[39merror(err)[33m;[39m
     [90m    |[39m           [31m[1m^[22m[39m
     [90m 17 |[39m
     [90m 18 |[39m   [90m// Mongoose bad ObjectId[39m
     [90m 19 |[39m   [36mif[39m (err[33m.[39mname [33m===[39m [32m'CastError'[39m) {[0m

      at error (src/middleware/error.js:16:11)
      at Layer.handle_error (node_modules/express/lib/router/layer.js:71:5)
      at trim_prefix (node_modules/express/lib/router/index.js:326:13)
      at node_modules/express/lib/router/index.js:286:9
      at Function.process_params (node_modules/express/lib/router/index.js:346:12)
      at next (node_modules/express/lib/router/index.js:280:10)
      at node_modules/express/lib/router/index.js:646:15
      at next (node_modules/express/lib/router/index.js:265:14)
      at next (node_modules/express/lib/router/route.js:141:14)

[undefined] [[32minfo[39m]: [32m[0mPOST /api/auth/register [33m400[0m 12.552 ms - 127[0m[39m
[undefined] [[32minfo[39m]: [32m[0mPOST /api/auth/login [32m200[0m 127.320 ms - 511[0m[39m
  console.error
    ErrorResponse: Invalid credentials
        at C:\Users\anush\Desktop\anuprojects\Telemedicine Platform\src\controllers\authController.js:108:17 {
      statusCode: 401
    }

    [0m [90m 14 |[39m
     [90m 15 |[39m   [90m// Log to console for developer[39m
    [31m[1m>[22m[39m[90m 16 |[39m   console[33m.[39merror(err)[33m;[39m
     [90m    |[39m           [31m[1m^[22m[39m
     [90m 17 |[39m
     [90m 18 |[39m   [90m// Mongoose bad ObjectId[39m
     [90m 19 |[39m   [36mif[39m (err[33m.[39mname [33m===[39m [32m'CastError'[39m) {[0m

      at error (src/middleware/error.js:16:11)
      at Layer.handle_error (node_modules/express/lib/router/layer.js:71:5)
      at trim_prefix (node_modules/express/lib/router/index.js:326:13)
      at node_modules/express/lib/router/index.js:286:9
      at Function.process_params (node_modules/express/lib/router/index.js:346:12)
      at next (node_modules/express/lib/router/index.js:280:10)
      at node_modules/express/lib/router/index.js:646:15
      at next (node_modules/express/lib/router/index.js:265:14)
      at next (node_modules/express/lib/router/route.js:141:14)
      at next (src/controllers/authController.js:108:12)

[undefined] [[32minfo[39m]: [32m[0mPOST /api/auth/login [33m401[0m 111.337 ms - 47[0m[39m
  console.error
    ErrorResponse: Invalid credentials
        at C:\Users\anush\Desktop\anuprojects\Telemedicine Platform\src\controllers\authController.js:101:17
        at processTicksAndRejections (node:internal/process/task_queues:95:5) {
      statusCode: 401
    }

    [0m [90m 14 |[39m
     [90m 15 |[39m   [90m// Log to console for developer[39m
    [31m[1m>[22m[39m[90m 16 |[39m   console[33m.[39merror(err)[33m;[39m
     [90m    |[39m           [31m[1m^[22m[39m
     [90m 17 |[39m
     [90m 18 |[39m   [90m// Mongoose bad ObjectId[39m
     [90m 19 |[39m   [36mif[39m (err[33m.[39mname [33m===[39m [32m'CastError'[39m) {[0m

      at error (src/middleware/error.js:16:11)
      at Layer.handle_error (node_modules/express/lib/router/layer.js:71:5)
      at trim_prefix (node_modules/express/lib/router/index.js:326:13)
      at node_modules/express/lib/router/index.js:286:9
      at Function.process_params (node_modules/express/lib/router/index.js:346:12)
      at next (node_modules/express/lib/router/index.js:280:10)
      at node_modules/express/lib/router/index.js:646:15
      at next (node_modules/express/lib/router/index.js:265:14)
      at next (node_modules/express/lib/router/route.js:141:14)
      at next (src/controllers/authController.js:101:12)

[undefined] [[32minfo[39m]: [32m[0mPOST /api/auth/login [33m401[0m 13.680 ms - 47[0m[39m
[undefined] [[32minfo[39m]: [32m[0mGET /api/auth/me [32m200[0m 16.939 ms - 329[0m[39m
  console.error
    ErrorResponse: Not authorized to access this route
        at protect (C:\Users\anush\Desktop\anuprojects\Telemedicine Platform\src\middleware\auth.js:21:17)
        at Layer.handle [as handle_request] (C:\Users\anush\Desktop\anuprojects\Telemedicine Platform\node_modules\express\lib\router\layer.js:95:5)
        at next (C:\Users\anush\Desktop\anuprojects\Telemedicine Platform\node_modules\express\lib\router\route.js:149:13)
        at Route.dispatch (C:\Users\anush\Desktop\anuprojects\Telemedicine Platform\node_modules\express\lib\router\route.js:119:3)
        at Layer.handle [as handle_request] (C:\Users\anush\Desktop\anuprojects\Telemedicine Platform\node_modules\express\lib\router\layer.js:95:5)
        at C:\Users\anush\Desktop\anuprojects\Telemedicine Platform\node_modules\express\lib\router\index.js:284:15
        at Function.process_params (C:\Users\anush\Desktop\anuprojects\Telemedicine Platform\node_modules\express\lib\router\index.js:346:12)
        at next (C:\Users\anush\Desktop\anuprojects\Telemedicine Platform\node_modules\express\lib\router\index.js:280:10)
        at Function.handle (C:\Users\anush\Desktop\anuprojects\Telemedicine Platform\node_modules\express\lib\router\index.js:175:3)
        at router (C:\Users\anush\Desktop\anuprojects\Telemedicine Platform\node_modules\express\lib\router\index.js:47:12)
        at Layer.handle [as handle_request] (C:\Users\anush\Desktop\anuprojects\Telemedicine Platform\node_modules\express\lib\router\layer.js:95:5)
        at trim_prefix (C:\Users\anush\Desktop\anuprojects\Telemedicine Platform\node_modules\express\lib\router\index.js:328:13)
        at C:\Users\anush\Desktop\anuprojects\Telemedicine Platform\node_modules\express\lib\router\index.js:286:9
        at Function.process_params (C:\Users\anush\Desktop\anuprojects\Telemedicine Platform\node_modules\express\lib\router\index.js:346:12)
        at next (C:\Users\anush\Desktop\anuprojects\Telemedicine Platform\node_modules\express\lib\router\index.js:280:10)
        at logger (C:\Users\anush\Desktop\anuprojects\Telemedicine Platform\node_modules\morgan\index.js:144:5)
        at Layer.handle [as handle_request] (C:\Users\anush\Desktop\anuprojects\Telemedicine Platform\node_modules\express\lib\router\layer.js:95:5)
        at trim_prefix (C:\Users\anush\Desktop\anuprojects\Telemedicine Platform\node_modules\express\lib\router\index.js:328:13)
        at C:\Users\anush\Desktop\anuprojects\Telemedicine Platform\node_modules\express\lib\router\index.js:286:9
        at Function.process_params (C:\Users\anush\Desktop\anuprojects\Telemedicine Platform\node_modules\express\lib\router\index.js:346:12)
        at next (C:\Users\anush\Desktop\anuprojects\Telemedicine Platform\node_modules\express\lib\router\index.js:280:10)
        at cors (C:\Users\anush\Desktop\anuprojects\Telemedicine Platform\node_modules\cors\lib\index.js:188:7)
        at C:\Users\anush\Desktop\anuprojects\Telemedicine Platform\node_modules\cors\lib\index.js:224:17
        at callback (C:\Users\anush\Desktop\anuprojects\Telemedicine Platform\src\server.js:59:27)
        at C:\Users\anush\Desktop\anuprojects\Telemedicine Platform\node_modules\cors\lib\index.js:219:13
        at optionsCallback (C:\Users\anush\Desktop\anuprojects\Telemedicine Platform\node_modules\cors\lib\index.js:199:9)
        at corsMiddleware (C:\Users\anush\Desktop\anuprojects\Telemedicine Platform\node_modules\cors\lib\index.js:204:7)
        at Layer.handle [as handle_request] (C:\Users\anush\Desktop\anuprojects\Telemedicine Platform\node_modules\express\lib\router\layer.js:95:5)
        at trim_prefix (C:\Users\anush\Desktop\anuprojects\Telemedicine Platform\node_modules\express\lib\router\index.js:328:13)
        at C:\Users\anush\Desktop\anuprojects\Telemedicine Platform\node_modules\express\lib\router\index.js:286:9
        at Function.process_params (C:\Users\anush\Desktop\anuprojects\Telemedicine Platform\node_modules\express\lib\router\index.js:346:12)
        at next (C:\Users\anush\Desktop\anuprojects\Telemedicine Platform\node_modules\express\lib\router\index.js:280:10)
        at hpp (C:\Users\anush\Desktop\anuprojects\Telemedicine Platform\node_modules\hpp\lib\index.js:146:9)
        at Layer.handle [as handle_request] (C:\Users\anush\Desktop\anuprojects\Telemedicine Platform\node_modules\express\lib\router\layer.js:95:5)
        at trim_prefix (C:\Users\anush\Desktop\anuprojects\Telemedicine Platform\node_modules\express\lib\router\index.js:328:13)
        at C:\Users\anush\Desktop\anuprojects\Telemedicine Platform\node_modules\express\lib\router\index.js:286:9
        at Function.process_params (C:\Users\anush\Desktop\anuprojects\Telemedicine Platform\node_modules\express\lib\router\index.js:346:12)
        at next (C:\Users\anush\Desktop\anuprojects\Telemedicine Platform\node_modules\express\lib\router\index.js:280:10)
        at C:\Users\anush\Desktop\anuprojects\Telemedicine Platform\node_modules\express-mongo-sanitize\index.js:122:5
        at Layer.handle [as handle_request] (C:\Users\anush\Desktop\anuprojects\Telemedicine Platform\node_modules\express\lib\router\layer.js:95:5)
        at trim_prefix (C:\Users\anush\Desktop\anuprojects\Telemedicine Platform\node_modules\express\lib\router\index.js:328:13)
        at C:\Users\anush\Desktop\anuprojects\Telemedicine Platform\node_modules\express\lib\router\index.js:286:9
        at Function.process_params (C:\Users\anush\Desktop\anuprojects\Telemedicine Platform\node_modules\express\lib\router\index.js:346:12)
        at next (C:\Users\anush\Desktop\anuprojects\Telemedicine Platform\node_modules\express\lib\router\index.js:280:10)
        at next (C:\Users\anush\Desktop\anuprojects\Telemedicine Platform\node_modules\xss-clean\src\index.js:13:5)
        at Layer.handle [as handle_request] (C:\Users\anush\Desktop\anuprojects\Telemedicine Platform\node_modules\express\lib\router\layer.js:95:5)
        at trim_prefix (C:\Users\anush\Desktop\anuprojects\Telemedicine Platform\node_modules\express\lib\router\index.js:328:13)
        at C:\Users\anush\Desktop\anuprojects\Telemedicine Platform\node_modules\express\lib\router\index.js:286:9
        at Function.process_params (C:\Users\anush\Desktop\anuprojects\Telemedicine Platform\node_modules\express\lib\router\index.js:346:12)
        at next (C:\Users\anush\Desktop\anuprojects\Telemedicine Platform\node_modules\express\lib\router\index.js:280:10)
        at internalNext (C:\Users\anush\Desktop\anuprojects\Telemedicine Platform\node_modules\helmet\index.cjs:531:6)
        at xXssProtectionMiddleware (C:\Users\anush\Desktop\anuprojects\Telemedicine Platform\node_modules\helmet\index.cjs:311:3)
        at internalNext (C:\Users\anush\Desktop\anuprojects\Telemedicine Platform\node_modules\helmet\index.cjs:529:6)
        at xPoweredByMiddleware (C:\Users\anush\Desktop\anuprojects\Telemedicine Platform\node_modules\helmet\index.cjs:304:3)
        at internalNext (C:\Users\anush\Desktop\anuprojects\Telemedicine Platform\node_modules\helmet\index.cjs:529:6)
        at xPermittedCrossDomainPoliciesMiddleware (C:\Users\anush\Desktop\anuprojects\Telemedicine Platform\node_modules\helmet\index.cjs:297:3)
        at internalNext (C:\Users\anush\Desktop\anuprojects\Telemedicine Platform\node_modules\helmet\index.cjs:529:6)
        at xFrameOptionsMiddleware (C:\Users\anush\Desktop\anuprojects\Telemedicine Platform\node_modules\helmet\index.cjs:281:3)
        at internalNext (C:\Users\anush\Desktop\anuprojects\Telemedicine Platform\node_modules\helmet\index.cjs:529:6)
        at xDownloadOptionsMiddleware (C:\Users\anush\Desktop\anuprojects\Telemedicine Platform\node_modules\helmet\index.cjs:261:3)
        at internalNext (C:\Users\anush\Desktop\anuprojects\Telemedicine Platform\node_modules\helmet\index.cjs:529:6)
        at xDnsPrefetchControlMiddleware (C:\Users\anush\Desktop\anuprojects\Telemedicine Platform\node_modules\helmet\index.cjs:254:3)
        at internalNext (C:\Users\anush\Desktop\anuprojects\Telemedicine Platform\node_modules\helmet\index.cjs:529:6)
        at xContentTypeOptionsMiddleware (C:\Users\anush\Desktop\anuprojects\Telemedicine Platform\node_modules\helmet\index.cjs:246:3)
        at internalNext (C:\Users\anush\Desktop\anuprojects\Telemedicine Platform\node_modules\helmet\index.cjs:529:6)
        at strictTransportSecurityMiddleware (C:\Users\anush\Desktop\anuprojects\Telemedicine Platform\node_modules\helmet\index.cjs:239:3)
        at internalNext (C:\Users\anush\Desktop\anuprojects\Telemedicine Platform\node_modules\helmet\index.cjs:529:6)
        at referrerPolicyMiddleware (C:\Users\anush\Desktop\anuprojects\Telemedicine Platform\node_modules\helmet\index.cjs:207:3)
        at internalNext (C:\Users\anush\Desktop\anuprojects\Telemedicine Platform\node_modules\helmet\index.cjs:529:6)
        at originAgentClusterMiddleware (C:\Users\anush\Desktop\anuprojects\Telemedicine Platform\node_modules\helmet\index.cjs:182:3)
        at internalNext (C:\Users\anush\Desktop\anuprojects\Telemedicine Platform\node_modules\helmet\index.cjs:529:6)
        at crossOriginResourcePolicyMiddleware (C:\Users\anush\Desktop\anuprojects\Telemedicine Platform\node_modules\helmet\index.cjs:175:3)
        at internalNext (C:\Users\anush\Desktop\anuprojects\Telemedicine Platform\node_modules\helmet\index.cjs:529:6)
        at crossOriginOpenerPolicyMiddleware (C:\Users\anush\Desktop\anuprojects\Telemedicine Platform\node_modules\helmet\index.cjs:159:3)
        at internalNext (C:\Users\anush\Desktop\anuprojects\Telemedicine Platform\node_modules\helmet\index.cjs:529:6)
        at contentSecurityPolicyMiddleware (C:\Users\anush\Desktop\anuprojects\Telemedicine Platform\node_modules\helmet\index.cjs:124:4)
        at internalNext (C:\Users\anush\Desktop\anuprojects\Telemedicine Platform\node_modules\helmet\index.cjs:529:6)
        at helmetMiddleware (C:\Users\anush\Desktop\anuprojects\Telemedicine Platform\node_modules\helmet\index.cjs:533:6)
        at Layer.handle [as handle_request] (C:\Users\anush\Desktop\anuprojects\Telemedicine Platform\node_modules\express\lib\router\layer.js:95:5)
        at trim_prefix (C:\Users\anush\Desktop\anuprojects\Telemedicine Platform\node_modules\express\lib\router\index.js:328:13)
        at C:\Users\anush\Desktop\anuprojects\Telemedicine Platform\node_modules\express\lib\router\index.js:286:9
        at Function.process_params (C:\Users\anush\Desktop\anuprojects\Telemedicine Platform\node_modules\express\lib\router\index.js:346:12)
        at next (C:\Users\anush\Desktop\anuprojects\Telemedicine Platform\node_modules\express\lib\router\index.js:280:10)
        at jsonParser (C:\Users\anush\Desktop\anuprojects\Telemedicine Platform\node_modules\body-parser\lib\types\json.js:113:7)
        at Layer.handle [as handle_request] (C:\Users\anush\Desktop\anuprojects\Telemedicine Platform\node_modules\express\lib\router\layer.js:95:5)
        at trim_prefix (C:\Users\anush\Desktop\anuprojects\Telemedicine Platform\node_modules\express\lib\router\index.js:328:13)
        at C:\Users\anush\Desktop\anuprojects\Telemedicine Platform\node_modules\express\lib\router\index.js:286:9
        at Function.process_params (C:\Users\anush\Desktop\anuprojects\Telemedicine Platform\node_modules\express\lib\router\index.js:346:12)
        at next (C:\Users\anush\Desktop\anuprojects\Telemedicine Platform\node_modules\express\lib\router\index.js:280:10)
        at expressInit (C:\Users\anush\Desktop\anuprojects\Telemedicine Platform\node_modules\express\lib\middleware\init.js:40:5)
        at Layer.handle [as handle_request] (C:\Users\anush\Desktop\anuprojects\Telemedicine Platform\node_modules\express\lib\router\layer.js:95:5)
        at trim_prefix (C:\Users\anush\Desktop\anuprojects\Telemedicine Platform\node_modules\express\lib\router\index.js:328:13)
        at C:\Users\anush\Desktop\anuprojects\Telemedicine Platform\node_modules\express\lib\router\index.js:286:9
        at Function.process_params (C:\Users\anush\Desktop\anuprojects\Telemedicine Platform\node_modules\express\lib\router\index.js:346:12)
        at next (C:\Users\anush\Desktop\anuprojects\Telemedicine Platform\node_modules\express\lib\router\index.js:280:10)
        at query (C:\Users\anush\Desktop\anuprojects\Telemedicine Platform\node_modules\express\lib\middleware\query.js:45:5)
        at Layer.handle [as handle_request] (C:\Users\anush\Desktop\anuprojects\Telemedicine Platform\node_modules\express\lib\router\layer.js:95:5)
        at trim_prefix (C:\Users\anush\Desktop\anuprojects\Telemedicine Platform\node_modules\express\lib\router\index.js:328:13)
        at C:\Users\anush\Desktop\anuprojects\Telemedicine Platform\node_modules\express\lib\router\index.js:286:9
        at Function.process_params (C:\Users\anush\Desktop\anuprojects\Telemedicine Platform\node_modules\express\lib\router\index.js:346:12) {
      statusCode: 401
    }

    [0m [90m 14 |[39m
     [90m 15 |[39m   [90m// Log to console for developer[39m
    [31m[1m>[22m[39m[90m 16 |[39m   console[33m.[39merror(err)[33m;[39m
     [90m    |[39m           [31m[1m^[22m[39m
     [90m 17 |[39m
     [90m 18 |[39m   [90m// Mongoose bad ObjectId[39m
     [90m 19 |[39m   [36mif[39m (err[33m.[39mname [33m===[39m [32m'CastError'[39m) {[0m

      at error (src/middleware/error.js:16:11)
      at Layer.handle_error (node_modules/express/lib/router/layer.js:71:5)
      at trim_prefix (node_modules/express/lib/router/index.js:326:13)
      at node_modules/express/lib/router/index.js:286:9
      at Function.process_params (node_modules/express/lib/router/index.js:346:12)
      at next (node_modules/express/lib/router/index.js:280:10)
      at node_modules/express/lib/router/index.js:646:15
      at next (node_modules/express/lib/router/index.js:265:14)
      at next (node_modules/express/lib/router/route.js:141:14)
      at Layer.handle_error (node_modules/express/lib/router/layer.js:67:12)
      at next (node_modules/express/lib/router/route.js:147:13)
      at next (src/middleware/auth.js:21:12)
      at Layer.handle [as handle_request] (node_modules/express/lib/router/layer.js:95:5)
      at next (node_modules/express/lib/router/route.js:149:13)
      at Route.dispatch (node_modules/express/lib/router/route.js:119:3)
      at Layer.handle [as handle_request] (node_modules/express/lib/router/layer.js:95:5)
      at node_modules/express/lib/router/index.js:284:15
      at Function.process_params (node_modules/express/lib/router/index.js:346:12)
      at next (node_modules/express/lib/router/index.js:280:10)
      at Function.handle (node_modules/express/lib/router/index.js:175:3)
      at router (node_modules/express/lib/router/index.js:47:12)
      at Layer.handle [as handle_request] (node_modules/express/lib/router/layer.js:95:5)
      at trim_prefix (node_modules/express/lib/router/index.js:328:13)
      at node_modules/express/lib/router/index.js:286:9
      at Function.process_params (node_modules/express/lib/router/index.js:346:12)
      at next (node_modules/express/lib/router/index.js:280:10)
      at logger (node_modules/morgan/index.js:144:5)
      at Layer.handle [as handle_request] (node_modules/express/lib/router/layer.js:95:5)
      at trim_prefix (node_modules/express/lib/router/index.js:328:13)
      at node_modules/express/lib/router/index.js:286:9
      at Function.process_params (node_modules/express/lib/router/index.js:346:12)
      at next (node_modules/express/lib/router/index.js:280:10)
      at cors (node_modules/cors/lib/index.js:188:7)
      at node_modules/cors/lib/index.js:224:17
      at callback (src/server.js:59:27)
      at node_modules/cors/lib/index.js:219:13
      at optionsCallback (node_modules/cors/lib/index.js:199:9)
      at corsMiddleware (node_modules/cors/lib/index.js:204:7)
      at Layer.handle [as handle_request] (node_modules/express/lib/router/layer.js:95:5)
      at trim_prefix (node_modules/express/lib/router/index.js:328:13)
      at node_modules/express/lib/router/index.js:286:9
      at Function.process_params (node_modules/express/lib/router/index.js:346:12)
      at next (node_modules/express/lib/router/index.js:280:10)
      at hpp (node_modules/hpp/lib/index.js:146:9)
      at Layer.handle [as handle_request] (node_modules/express/lib/router/layer.js:95:5)
      at trim_prefix (node_modules/express/lib/router/index.js:328:13)
      at node_modules/express/lib/router/index.js:286:9
      at Function.process_params (node_modules/express/lib/router/index.js:346:12)
      at next (node_modules/express/lib/router/index.js:280:10)
      at node_modules/express-mongo-sanitize/index.js:122:5
      at Layer.handle [as handle_request] (node_modules/express/lib/router/layer.js:95:5)
      at trim_prefix (node_modules/express/lib/router/index.js:328:13)
      at node_modules/express/lib/router/index.js:286:9
      at Function.process_params (node_modules/express/lib/router/index.js:346:12)
      at next (node_modules/express/lib/router/index.js:280:10)
      at next (node_modules/xss-clean/src/index.js:13:5)
      at Layer.handle [as handle_request] (node_modules/express/lib/router/layer.js:95:5)
      at trim_prefix (node_modules/express/lib/router/index.js:328:13)
      at node_modules/express/lib/router/index.js:286:9
      at Function.process_params (node_modules/express/lib/router/index.js:346:12)
      at next (node_modules/express/lib/router/index.js:280:10)
      at internalNext (node_modules/helmet/index.cjs:531:6)
      at xXssProtectionMiddleware (node_modules/helmet/index.cjs:311:3)
      at internalNext (node_modules/helmet/index.cjs:529:6)
      at xPoweredByMiddleware (node_modules/helmet/index.cjs:304:3)
      at internalNext (node_modules/helmet/index.cjs:529:6)
      at xPermittedCrossDomainPoliciesMiddleware (node_modules/helmet/index.cjs:297:3)
      at internalNext (node_modules/helmet/index.cjs:529:6)
      at xFrameOptionsMiddleware (node_modules/helmet/index.cjs:281:3)
      at internalNext (node_modules/helmet/index.cjs:529:6)
      at xDownloadOptionsMiddleware (node_modules/helmet/index.cjs:261:3)
      at internalNext (node_modules/helmet/index.cjs:529:6)
      at xDnsPrefetchControlMiddleware (node_modules/helmet/index.cjs:254:3)
      at internalNext (node_modules/helmet/index.cjs:529:6)
      at xContentTypeOptionsMiddleware (node_modules/helmet/index.cjs:246:3)
      at internalNext (node_modules/helmet/index.cjs:529:6)
      at strictTransportSecurityMiddleware (node_modules/helmet/index.cjs:239:3)
      at internalNext (node_modules/helmet/index.cjs:529:6)
      at referrerPolicyMiddleware (node_modules/helmet/index.cjs:207:3)
      at internalNext (node_modules/helmet/index.cjs:529:6)
      at originAgentClusterMiddleware (node_modules/helmet/index.cjs:182:3)
      at internalNext (node_modules/helmet/index.cjs:529:6)
      at crossOriginResourcePolicyMiddleware (node_modules/helmet/index.cjs:175:3)
      at internalNext (node_modules/helmet/index.cjs:529:6)
      at crossOriginOpenerPolicyMiddleware (node_modules/helmet/index.cjs:159:3)
      at internalNext (node_modules/helmet/index.cjs:529:6)
      at contentSecurityPolicyMiddleware (node_modules/helmet/index.cjs:124:4)
      at internalNext (node_modules/helmet/index.cjs:529:6)
      at helmetMiddleware (node_modules/helmet/index.cjs:533:6)
      at Layer.handle [as handle_request] (node_modules/express/lib/router/layer.js:95:5)
      at trim_prefix (node_modules/express/lib/router/index.js:328:13)
      at node_modules/express/lib/router/index.js:286:9
      at Function.process_params (node_modules/express/lib/router/index.js:346:12)
      at next (node_modules/express/lib/router/index.js:280:10)
      at jsonParser (node_modules/body-parser/lib/types/json.js:113:7)
      at Layer.handle [as handle_request] (node_modules/express/lib/router/layer.js:95:5)
      at trim_prefix (node_modules/express/lib/router/index.js:328:13)

[undefined] [[32minfo[39m]: [32m[0mGET /api/auth/me [33m401[0m 28.760 ms - 63[0m[39m
[undefined] [[31merror[39m]: [31mJWT Verification Error: invalid token[39m
  console.error
    ErrorResponse: Not authorized to access this route
        at protect (C:\Users\anush\Desktop\anuprojects\Telemedicine Platform\src\middleware\auth.js:48:17)
        at Layer.handle [as handle_request] (C:\Users\anush\Desktop\anuprojects\Telemedicine Platform\node_modules\express\lib\router\layer.js:95:5)
        at next (C:\Users\anush\Desktop\anuprojects\Telemedicine Platform\node_modules\express\lib\router\route.js:149:13)
        at Route.dispatch (C:\Users\anush\Desktop\anuprojects\Telemedicine Platform\node_modules\express\lib\router\route.js:119:3)
        at Layer.handle [as handle_request] (C:\Users\anush\Desktop\anuprojects\Telemedicine Platform\node_modules\express\lib\router\layer.js:95:5)
        at C:\Users\anush\Desktop\anuprojects\Telemedicine Platform\node_modules\express\lib\router\index.js:284:15
        at Function.process_params (C:\Users\anush\Desktop\anuprojects\Telemedicine Platform\node_modules\express\lib\router\index.js:346:12)
        at next (C:\Users\anush\Desktop\anuprojects\Telemedicine Platform\node_modules\express\lib\router\index.js:280:10)
        at Function.handle (C:\Users\anush\Desktop\anuprojects\Telemedicine Platform\node_modules\express\lib\router\index.js:175:3)
        at router (C:\Users\anush\Desktop\anuprojects\Telemedicine Platform\node_modules\express\lib\router\index.js:47:12)
        at Layer.handle [as handle_request] (C:\Users\anush\Desktop\anuprojects\Telemedicine Platform\node_modules\express\lib\router\layer.js:95:5)
        at trim_prefix (C:\Users\anush\Desktop\anuprojects\Telemedicine Platform\node_modules\express\lib\router\index.js:328:13)
        at C:\Users\anush\Desktop\anuprojects\Telemedicine Platform\node_modules\express\lib\router\index.js:286:9
        at Function.process_params (C:\Users\anush\Desktop\anuprojects\Telemedicine Platform\node_modules\express\lib\router\index.js:346:12)
        at next (C:\Users\anush\Desktop\anuprojects\Telemedicine Platform\node_modules\express\lib\router\index.js:280:10)
        at logger (C:\Users\anush\Desktop\anuprojects\Telemedicine Platform\node_modules\morgan\index.js:144:5)
        at Layer.handle [as handle_request] (C:\Users\anush\Desktop\anuprojects\Telemedicine Platform\node_modules\express\lib\router\layer.js:95:5)
        at trim_prefix (C:\Users\anush\Desktop\anuprojects\Telemedicine Platform\node_modules\express\lib\router\index.js:328:13)
        at C:\Users\anush\Desktop\anuprojects\Telemedicine Platform\node_modules\express\lib\router\index.js:286:9
        at Function.process_params (C:\Users\anush\Desktop\anuprojects\Telemedicine Platform\node_modules\express\lib\router\index.js:346:12)
        at next (C:\Users\anush\Desktop\anuprojects\Telemedicine Platform\node_modules\express\lib\router\index.js:280:10)
        at cors (C:\Users\anush\Desktop\anuprojects\Telemedicine Platform\node_modules\cors\lib\index.js:188:7)
        at C:\Users\anush\Desktop\anuprojects\Telemedicine Platform\node_modules\cors\lib\index.js:224:17
        at callback (C:\Users\anush\Desktop\anuprojects\Telemedicine Platform\src\server.js:59:27)
        at C:\Users\anush\Desktop\anuprojects\Telemedicine Platform\node_modules\cors\lib\index.js:219:13
        at optionsCallback (C:\Users\anush\Desktop\anuprojects\Telemedicine Platform\node_modules\cors\lib\index.js:199:9)
        at corsMiddleware (C:\Users\anush\Desktop\anuprojects\Telemedicine Platform\node_modules\cors\lib\index.js:204:7)
        at Layer.handle [as handle_request] (C:\Users\anush\Desktop\anuprojects\Telemedicine Platform\node_modules\express\lib\router\layer.js:95:5)
        at trim_prefix (C:\Users\anush\Desktop\anuprojects\Telemedicine Platform\node_modules\express\lib\router\index.js:328:13)
        at C:\Users\anush\Desktop\anuprojects\Telemedicine Platform\node_modules\express\lib\router\index.js:286:9
        at Function.process_params (C:\Users\anush\Desktop\anuprojects\Telemedicine Platform\node_modules\express\lib\router\index.js:346:12)
        at next (C:\Users\anush\Desktop\anuprojects\Telemedicine Platform\node_modules\express\lib\router\index.js:280:10)
        at hpp (C:\Users\anush\Desktop\anuprojects\Telemedicine Platform\node_modules\hpp\lib\index.js:146:9)
        at Layer.handle [as handle_request] (C:\Users\anush\Desktop\anuprojects\Telemedicine Platform\node_modules\express\lib\router\layer.js:95:5)
        at trim_prefix (C:\Users\anush\Desktop\anuprojects\Telemedicine Platform\node_modules\express\lib\router\index.js:328:13)
        at C:\Users\anush\Desktop\anuprojects\Telemedicine Platform\node_modules\express\lib\router\index.js:286:9
        at Function.process_params (C:\Users\anush\Desktop\anuprojects\Telemedicine Platform\node_modules\express\lib\router\index.js:346:12)
        at next (C:\Users\anush\Desktop\anuprojects\Telemedicine Platform\node_modules\express\lib\router\index.js:280:10)
        at C:\Users\anush\Desktop\anuprojects\Telemedicine Platform\node_modules\express-mongo-sanitize\index.js:122:5
        at Layer.handle [as handle_request] (C:\Users\anush\Desktop\anuprojects\Telemedicine Platform\node_modules\express\lib\router\layer.js:95:5)
        at trim_prefix (C:\Users\anush\Desktop\anuprojects\Telemedicine Platform\node_modules\express\lib\router\index.js:328:13)
        at C:\Users\anush\Desktop\anuprojects\Telemedicine Platform\node_modules\express\lib\router\index.js:286:9
        at Function.process_params (C:\Users\anush\Desktop\anuprojects\Telemedicine Platform\node_modules\express\lib\router\index.js:346:12)
        at next (C:\Users\anush\Desktop\anuprojects\Telemedicine Platform\node_modules\express\lib\router\index.js:280:10)
        at next (C:\Users\anush\Desktop\anuprojects\Telemedicine Platform\node_modules\xss-clean\src\index.js:13:5)
        at Layer.handle [as handle_request] (C:\Users\anush\Desktop\anuprojects\Telemedicine Platform\node_modules\express\lib\router\layer.js:95:5)
        at trim_prefix (C:\Users\anush\Desktop\anuprojects\Telemedicine Platform\node_modules\express\lib\router\index.js:328:13)
        at C:\Users\anush\Desktop\anuprojects\Telemedicine Platform\node_modules\express\lib\router\index.js:286:9
        at Function.process_params (C:\Users\anush\Desktop\anuprojects\Telemedicine Platform\node_modules\express\lib\router\index.js:346:12)
        at next (C:\Users\anush\Desktop\anuprojects\Telemedicine Platform\node_modules\express\lib\router\index.js:280:10)
        at internalNext (C:\Users\anush\Desktop\anuprojects\Telemedicine Platform\node_modules\helmet\index.cjs:531:6)
        at xXssProtectionMiddleware (C:\Users\anush\Desktop\anuprojects\Telemedicine Platform\node_modules\helmet\index.cjs:311:3)
        at internalNext (C:\Users\anush\Desktop\anuprojects\Telemedicine Platform\node_modules\helmet\index.cjs:529:6)
        at xPoweredByMiddleware (C:\Users\anush\Desktop\anuprojects\Telemedicine Platform\node_modules\helmet\index.cjs:304:3)
        at internalNext (C:\Users\anush\Desktop\anuprojects\Telemedicine Platform\node_modules\helmet\index.cjs:529:6)
        at xPermittedCrossDomainPoliciesMiddleware (C:\Users\anush\Desktop\anuprojects\Telemedicine Platform\node_modules\helmet\index.cjs:297:3)
        at internalNext (C:\Users\anush\Desktop\anuprojects\Telemedicine Platform\node_modules\helmet\index.cjs:529:6)
        at xFrameOptionsMiddleware (C:\Users\anush\Desktop\anuprojects\Telemedicine Platform\node_modules\helmet\index.cjs:281:3)
        at internalNext (C:\Users\anush\Desktop\anuprojects\Telemedicine Platform\node_modules\helmet\index.cjs:529:6)
        at xDownloadOptionsMiddleware (C:\Users\anush\Desktop\anuprojects\Telemedicine Platform\node_modules\helmet\index.cjs:261:3)
        at internalNext (C:\Users\anush\Desktop\anuprojects\Telemedicine Platform\node_modules\helmet\index.cjs:529:6)
        at xDnsPrefetchControlMiddleware (C:\Users\anush\Desktop\anuprojects\Telemedicine Platform\node_modules\helmet\index.cjs:254:3)
        at internalNext (C:\Users\anush\Desktop\anuprojects\Telemedicine Platform\node_modules\helmet\index.cjs:529:6)
        at xContentTypeOptionsMiddleware (C:\Users\anush\Desktop\anuprojects\Telemedicine Platform\node_modules\helmet\index.cjs:246:3)
        at internalNext (C:\Users\anush\Desktop\anuprojects\Telemedicine Platform\node_modules\helmet\index.cjs:529:6)
        at strictTransportSecurityMiddleware (C:\Users\anush\Desktop\anuprojects\Telemedicine Platform\node_modules\helmet\index.cjs:239:3)
        at internalNext (C:\Users\anush\Desktop\anuprojects\Telemedicine Platform\node_modules\helmet\index.cjs:529:6)
        at referrerPolicyMiddleware (C:\Users\anush\Desktop\anuprojects\Telemedicine Platform\node_modules\helmet\index.cjs:207:3)
        at internalNext (C:\Users\anush\Desktop\anuprojects\Telemedicine Platform\node_modules\helmet\index.cjs:529:6)
        at originAgentClusterMiddleware (C:\Users\anush\Desktop\anuprojects\Telemedicine Platform\node_modules\helmet\index.cjs:182:3)
        at internalNext (C:\Users\anush\Desktop\anuprojects\Telemedicine Platform\node_modules\helmet\index.cjs:529:6)
        at crossOriginResourcePolicyMiddleware (C:\Users\anush\Desktop\anuprojects\Telemedicine Platform\node_modules\helmet\index.cjs:175:3)
        at internalNext (C:\Users\anush\Desktop\anuprojects\Telemedicine Platform\node_modules\helmet\index.cjs:529:6)
        at crossOriginOpenerPolicyMiddleware (C:\Users\anush\Desktop\anuprojects\Telemedicine Platform\node_modules\helmet\index.cjs:159:3)
        at internalNext (C:\Users\anush\Desktop\anuprojects\Telemedicine Platform\node_modules\helmet\index.cjs:529:6)
        at contentSecurityPolicyMiddleware (C:\Users\anush\Desktop\anuprojects\Telemedicine Platform\node_modules\helmet\index.cjs:124:4)
        at internalNext (C:\Users\anush\Desktop\anuprojects\Telemedicine Platform\node_modules\helmet\index.cjs:529:6)
        at helmetMiddleware (C:\Users\anush\Desktop\anuprojects\Telemedicine Platform\node_modules\helmet\index.cjs:533:6)
        at Layer.handle [as handle_request] (C:\Users\anush\Desktop\anuprojects\Telemedicine Platform\node_modules\express\lib\router\layer.js:95:5)
        at trim_prefix (C:\Users\anush\Desktop\anuprojects\Telemedicine Platform\node_modules\express\lib\router\index.js:328:13)
        at C:\Users\anush\Desktop\anuprojects\Telemedicine Platform\node_modules\express\lib\router\index.js:286:9
        at Function.process_params (C:\Users\anush\Desktop\anuprojects\Telemedicine Platform\node_modules\express\lib\router\index.js:346:12)
        at next (C:\Users\anush\Desktop\anuprojects\Telemedicine Platform\node_modules\express\lib\router\index.js:280:10)
        at jsonParser (C:\Users\anush\Desktop\anuprojects\Telemedicine Platform\node_modules\body-parser\lib\types\json.js:113:7)
        at Layer.handle [as handle_request] (C:\Users\anush\Desktop\anuprojects\Telemedicine Platform\node_modules\express\lib\router\layer.js:95:5)
        at trim_prefix (C:\Users\anush\Desktop\anuprojects\Telemedicine Platform\node_modules\express\lib\router\index.js:328:13)
        at C:\Users\anush\Desktop\anuprojects\Telemedicine Platform\node_modules\express\lib\router\index.js:286:9
        at Function.process_params (C:\Users\anush\Desktop\anuprojects\Telemedicine Platform\node_modules\express\lib\router\index.js:346:12)
        at next (C:\Users\anush\Desktop\anuprojects\Telemedicine Platform\node_modules\express\lib\router\index.js:280:10)
        at expressInit (C:\Users\anush\Desktop\anuprojects\Telemedicine Platform\node_modules\express\lib\middleware\init.js:40:5)
        at Layer.handle [as handle_request] (C:\Users\anush\Desktop\anuprojects\Telemedicine Platform\node_modules\express\lib\router\layer.js:95:5)
        at trim_prefix (C:\Users\anush\Desktop\anuprojects\Telemedicine Platform\node_modules\express\lib\router\index.js:328:13)
        at C:\Users\anush\Desktop\anuprojects\Telemedicine Platform\node_modules\express\lib\router\index.js:286:9
        at Function.process_params (C:\Users\anush\Desktop\anuprojects\Telemedicine Platform\node_modules\express\lib\router\index.js:346:12)
        at next (C:\Users\anush\Desktop\anuprojects\Telemedicine Platform\node_modules\express\lib\router\index.js:280:10)
        at query (C:\Users\anush\Desktop\anuprojects\Telemedicine Platform\node_modules\express\lib\middleware\query.js:45:5)
        at Layer.handle [as handle_request] (C:\Users\anush\Desktop\anuprojects\Telemedicine Platform\node_modules\express\lib\router\layer.js:95:5)
        at trim_prefix (C:\Users\anush\Desktop\anuprojects\Telemedicine Platform\node_modules\express\lib\router\index.js:328:13)
        at C:\Users\anush\Desktop\anuprojects\Telemedicine Platform\node_modules\express\lib\router\index.js:286:9
        at Function.process_params (C:\Users\anush\Desktop\anuprojects\Telemedicine Platform\node_modules\express\lib\router\index.js:346:12) {
      statusCode: 401
    }

    [0m [90m 14 |[39m
     [90m 15 |[39m   [90m// Log to console for developer[39m
    [31m[1m>[22m[39m[90m 16 |[39m   console[33m.[39merror(err)[33m;[39m
     [90m    |[39m           [31m[1m^[22m[39m
     [90m 17 |[39m
     [90m 18 |[39m   [90m// Mongoose bad ObjectId[39m
     [90m 19 |[39m   [36mif[39m (err[33m.[39mname [33m===[39m [32m'CastError'[39m) {[0m

      at error (src/middleware/error.js:16:11)
      at Layer.handle_error (node_modules/express/lib/router/layer.js:71:5)
      at trim_prefix (node_modules/express/lib/router/index.js:326:13)
      at node_modules/express/lib/router/index.js:286:9
      at Function.process_params (node_modules/express/lib/router/index.js:346:12)
      at next (node_modules/express/lib/router/index.js:280:10)
      at node_modules/express/lib/router/index.js:646:15
      at next (node_modules/express/lib/router/index.js:265:14)
      at next (node_modules/express/lib/router/route.js:141:14)
      at Layer.handle_error (node_modules/express/lib/router/layer.js:67:12)
      at next (node_modules/express/lib/router/route.js:147:13)
      at next (src/middleware/auth.js:48:12)
      at Layer.handle [as handle_request] (node_modules/express/lib/router/layer.js:95:5)
      at next (node_modules/express/lib/router/route.js:149:13)
      at Route.dispatch (node_modules/express/lib/router/route.js:119:3)
      at Layer.handle [as handle_request] (node_modules/express/lib/router/layer.js:95:5)
      at node_modules/express/lib/router/index.js:284:15
      at Function.process_params (node_modules/express/lib/router/index.js:346:12)
      at next (node_modules/express/lib/router/index.js:280:10)
      at Function.handle (node_modules/express/lib/router/index.js:175:3)
      at router (node_modules/express/lib/router/index.js:47:12)
      at Layer.handle [as handle_request] (node_modules/express/lib/router/layer.js:95:5)
      at trim_prefix (node_modules/express/lib/router/index.js:328:13)
      at node_modules/express/lib/router/index.js:286:9
      at Function.process_params (node_modules/express/lib/router/index.js:346:12)
      at next (node_modules/express/lib/router/index.js:280:10)
      at logger (node_modules/morgan/index.js:144:5)
      at Layer.handle [as handle_request] (node_modules/express/lib/router/layer.js:95:5)
      at trim_prefix (node_modules/express/lib/router/index.js:328:13)
      at node_modules/express/lib/router/index.js:286:9
      at Function.process_params (node_modules/express/lib/router/index.js:346:12)
      at next (node_modules/express/lib/router/index.js:280:10)
      at cors (node_modules/cors/lib/index.js:188:7)
      at node_modules/cors/lib/index.js:224:17
      at callback (src/server.js:59:27)
      at node_modules/cors/lib/index.js:219:13
      at optionsCallback (node_modules/cors/lib/index.js:199:9)
      at corsMiddleware (node_modules/cors/lib/index.js:204:7)
      at Layer.handle [as handle_request] (node_modules/express/lib/router/layer.js:95:5)
      at trim_prefix (node_modules/express/lib/router/index.js:328:13)
      at node_modules/express/lib/router/index.js:286:9
      at Function.process_params (node_modules/express/lib/router/index.js:346:12)
      at next (node_modules/express/lib/router/index.js:280:10)
      at hpp (node_modules/hpp/lib/index.js:146:9)
      at Layer.handle [as handle_request] (node_modules/express/lib/router/layer.js:95:5)
      at trim_prefix (node_modules/express/lib/router/index.js:328:13)
      at node_modules/express/lib/router/index.js:286:9
      at Function.process_params (node_modules/express/lib/router/index.js:346:12)
      at next (node_modules/express/lib/router/index.js:280:10)
      at node_modules/express-mongo-sanitize/index.js:122:5
      at Layer.handle [as handle_request] (node_modules/express/lib/router/layer.js:95:5)
      at trim_prefix (node_modules/express/lib/router/index.js:328:13)
      at node_modules/express/lib/router/index.js:286:9
      at Function.process_params (node_modules/express/lib/router/index.js:346:12)
      at next (node_modules/express/lib/router/index.js:280:10)
      at next (node_modules/xss-clean/src/index.js:13:5)
      at Layer.handle [as handle_request] (node_modules/express/lib/router/layer.js:95:5)
      at trim_prefix (node_modules/express/lib/router/index.js:328:13)
      at node_modules/express/lib/router/index.js:286:9
      at Function.process_params (node_modules/express/lib/router/index.js:346:12)
      at next (node_modules/express/lib/router/index.js:280:10)
      at internalNext (node_modules/helmet/index.cjs:531:6)
      at xXssProtectionMiddleware (node_modules/helmet/index.cjs:311:3)
      at internalNext (node_modules/helmet/index.cjs:529:6)
      at xPoweredByMiddleware (node_modules/helmet/index.cjs:304:3)
      at internalNext (node_modules/helmet/index.cjs:529:6)
      at xPermittedCrossDomainPoliciesMiddleware (node_modules/helmet/index.cjs:297:3)
      at internalNext (node_modules/helmet/index.cjs:529:6)
      at xFrameOptionsMiddleware (node_modules/helmet/index.cjs:281:3)
      at internalNext (node_modules/helmet/index.cjs:529:6)
      at xDownloadOptionsMiddleware (node_modules/helmet/index.cjs:261:3)
      at internalNext (node_modules/helmet/index.cjs:529:6)
      at xDnsPrefetchControlMiddleware (node_modules/helmet/index.cjs:254:3)
      at internalNext (node_modules/helmet/index.cjs:529:6)
      at xContentTypeOptionsMiddleware (node_modules/helmet/index.cjs:246:3)
      at internalNext (node_modules/helmet/index.cjs:529:6)
      at strictTransportSecurityMiddleware (node_modules/helmet/index.cjs:239:3)
      at internalNext (node_modules/helmet/index.cjs:529:6)
      at referrerPolicyMiddleware (node_modules/helmet/index.cjs:207:3)
      at internalNext (node_modules/helmet/index.cjs:529:6)
      at originAgentClusterMiddleware (node_modules/helmet/index.cjs:182:3)
      at internalNext (node_modules/helmet/index.cjs:529:6)
      at crossOriginResourcePolicyMiddleware (node_modules/helmet/index.cjs:175:3)
      at internalNext (node_modules/helmet/index.cjs:529:6)
      at crossOriginOpenerPolicyMiddleware (node_modules/helmet/index.cjs:159:3)
      at internalNext (node_modules/helmet/index.cjs:529:6)
      at contentSecurityPolicyMiddleware (node_modules/helmet/index.cjs:124:4)
      at internalNext (node_modules/helmet/index.cjs:529:6)
      at helmetMiddleware (node_modules/helmet/index.cjs:533:6)
      at Layer.handle [as handle_request] (node_modules/express/lib/router/layer.js:95:5)
      at trim_prefix (node_modules/express/lib/router/index.js:328:13)
      at node_modules/express/lib/router/index.js:286:9
      at Function.process_params (node_modules/express/lib/router/index.js:346:12)
      at next (node_modules/express/lib/router/index.js:280:10)
      at jsonParser (node_modules/body-parser/lib/types/json.js:113:7)
      at Layer.handle [as handle_request] (node_modules/express/lib/router/layer.js:95:5)
      at trim_prefix (node_modules/express/lib/router/index.js:328:13)

[undefined] [[32minfo[39m]: [32m[0mGET /api/auth/me [33m401[0m 29.827 ms - 63[0m[39m
[undefined] [[32minfo[39m]: [32m[0mPOST /api/auth/update-password [32m200[0m 220.936 ms - 511[0m[39m
  console.error
    ErrorResponse: Incorrect current password
        at C:\Users\anush\Desktop\anuprojects\Telemedicine Platform\src\controllers\authController.js:142:17 {
      statusCode: 401
    }

    [0m [90m 14 |[39m
     [90m 15 |[39m   [90m// Log to console for developer[39m
    [31m[1m>[22m[39m[90m 16 |[39m   console[33m.[39merror(err)[33m;[39m
     [90m    |[39m           [31m[1m^[22m[39m
     [90m 17 |[39m
     [90m 18 |[39m   [90m// Mongoose bad ObjectId[39m
     [90m 19 |[39m   [36mif[39m (err[33m.[39mname [33m===[39m [32m'CastError'[39m) {[0m

      at error (src/middleware/error.js:16:11)
      at Layer.handle_error (node_modules/express/lib/router/layer.js:71:5)
      at trim_prefix (node_modules/express/lib/router/index.js:326:13)
      at node_modules/express/lib/router/index.js:286:9
      at Function.process_params (node_modules/express/lib/router/index.js:346:12)
      at next (node_modules/express/lib/router/index.js:280:10)
      at node_modules/express/lib/router/index.js:646:15
      at next (node_modules/express/lib/router/index.js:265:14)
      at next (node_modules/express/lib/router/route.js:141:14)
      at next (src/controllers/authController.js:142:12)

[undefined] [[32minfo[39m]: [32m[0mPOST /api/auth/update-password [33m401[0m 115.152 ms - 54[0m[39m
PASS tests/auth.test.js
  Auth API
    POST /api/auth/register
      ΓêÜ registers a new patient (275 ms)
      ΓêÜ registers a new doctor (170 ms)
      ΓêÜ rejects duplicate email (153 ms)
      ΓêÜ rejects missing required fields (29 ms)
    POST /api/auth/login
      ΓêÜ logs in with correct credentials (143 ms)
      ΓêÜ rejects wrong password (130 ms)
      ΓêÜ rejects unknown email (32 ms)
    GET /api/auth/me
      ΓêÜ returns current user with valid token (32 ms)
      ΓêÜ rejects request without token (50 ms)
      ΓêÜ rejects request with malformed token (48 ms)
    POST /api/auth/update-password
      ΓêÜ updates password with valid token (240 ms)
      ΓêÜ rejects wrong current password (133 ms)

  console.log
    MongoDB Connected: localhost

      at log (src/config/db.js:6:13)

[undefined] [[32minfo[39m]: [32m[0mPOST /api/auth/register [32m201[0m 204.082 ms - 564[0m[39m
[undefined] [[32minfo[39m]: [32m[0mPOST /api/auth/register [32m201[0m 121.730 ms - 509[0m[39m
[undefined] [[32minfo[39m]: [32m[0mPOST /api/appointments [32m201[0m 55.683 ms - 472[0m[39m
[undefined] [[32minfo[39m]: [32m[0mPOST /api/payments/create-intent [32m200[0m 28.444 ms - 113[0m[39m
  console.error
    ErrorResponse: Appointment not found with id of undefined
        at C:\Users\anush\Desktop\anuprojects\Telemedicine Platform\src\controllers\paymentController.js:14:17
        at processTicksAndRejections (node:internal/process/task_queues:95:5) {
      statusCode: 404
    }

    [0m [90m 14 |[39m
     [90m 15 |[39m   [90m// Log to console for developer[39m
    [31m[1m>[22m[39m[90m 16 |[39m   console[33m.[39merror(err)[33m;[39m
     [90m    |[39m           [31m[1m^[22m[39m
     [90m 17 |[39m
     [90m 18 |[39m   [90m// Mongoose bad ObjectId[39m
     [90m 19 |[39m   [36mif[39m (err[33m.[39mname [33m===[39m [32m'CastError'[39m) {[0m

      at error (src/middleware/error.js:16:11)
      at Layer.handle_error (node_modules/express/lib/router/layer.js:71:5)
      at trim_prefix (node_modules/express/lib/router/index.js:326:13)
      at node_modules/express/lib/router/index.js:286:9
      at Function.process_params (node_modules/express/lib/router/index.js:346:12)
      at next (node_modules/express/lib/router/index.js:280:10)
      at node_modules/express/lib/router/index.js:646:15
      at next (node_modules/express/lib/router/index.js:265:14)
      at next (node_modules/express/lib/router/route.js:141:14)
      at next (src/controllers/paymentController.js:14:12)

[undefined] [[32minfo[39m]: [32m[0mPOST /api/payments/create-intent [33m404[0m 14.735 ms - 70[0m[39m
  console.error
    ErrorResponse: Not authorized to access this route
        at protect (C:\Users\anush\Desktop\anuprojects\Telemedicine Platform\src\middleware\auth.js:21:17)
        at Layer.handle [as handle_request] (C:\Users\anush\Desktop\anuprojects\Telemedicine Platform\node_modules\express\lib\router\layer.js:95:5)
        at trim_prefix (C:\Users\anush\Desktop\anuprojects\Telemedicine Platform\node_modules\express\lib\router\index.js:328:13)
        at C:\Users\anush\Desktop\anuprojects\Telemedicine Platform\node_modules\express\lib\router\index.js:286:9
        at Function.process_params (C:\Users\anush\Desktop\anuprojects\Telemedicine Platform\node_modules\express\lib\router\index.js:346:12)
        at next (C:\Users\anush\Desktop\anuprojects\Telemedicine Platform\node_modules\express\lib\router\index.js:280:10)
        at Function.handle (C:\Users\anush\Desktop\anuprojects\Telemedicine Platform\node_modules\express\lib\router\index.js:175:3)
        at router (C:\Users\anush\Desktop\anuprojects\Telemedicine Platform\node_modules\express\lib\router\index.js:47:12)
        at Layer.handle [as handle_request] (C:\Users\anush\Desktop\anuprojects\Telemedicine Platform\node_modules\express\lib\router\layer.js:95:5)
        at trim_prefix (C:\Users\anush\Desktop\anuprojects\Telemedicine Platform\node_modules\express\lib\router\index.js:328:13)
        at C:\Users\anush\Desktop\anuprojects\Telemedicine Platform\node_modules\express\lib\router\index.js:286:9
        at Function.process_params (C:\Users\anush\Desktop\anuprojects\Telemedicine Platform\node_modules\express\lib\router\index.js:346:12)
        at next (C:\Users\anush\Desktop\anuprojects\Telemedicine Platform\node_modules\express\lib\router\index.js:280:10)
        at logger (C:\Users\anush\Desktop\anuprojects\Telemedicine Platform\node_modules\morgan\index.js:144:5)
        at Layer.handle [as handle_request] (C:\Users\anush\Desktop\anuprojects\Telemedicine Platform\node_modules\express\lib\router\layer.js:95:5)
        at trim_prefix (C:\Users\anush\Desktop\anuprojects\Telemedicine Platform\node_modules\express\lib\router\index.js:328:13)
        at C:\Users\anush\Desktop\anuprojects\Telemedicine Platform\node_modules\express\lib\router\index.js:286:9
        at Function.process_params (C:\Users\anush\Desktop\anuprojects\Telemedicine Platform\node_modules\express\lib\router\index.js:346:12)
        at next (C:\Users\anush\Desktop\anuprojects\Telemedicine Platform\node_modules\express\lib\router\index.js:280:10)
        at cors (C:\Users\anush\Desktop\anuprojects\Telemedicine Platform\node_modules\cors\lib\index.js:188:7)
        at C:\Users\anush\Desktop\anuprojects\Telemedicine Platform\node_modules\cors\lib\index.js:224:17
        at callback (C:\Users\anush\Desktop\anuprojects\Telemedicine Platform\src\server.js:59:27)
        at C:\Users\anush\Desktop\anuprojects\Telemedicine Platform\node_modules\cors\lib\index.js:219:13
        at optionsCallback (C:\Users\anush\Desktop\anuprojects\Telemedicine Platform\node_modules\cors\lib\index.js:199:9)
        at corsMiddleware (C:\Users\anush\Desktop\anuprojects\Telemedicine Platform\node_modules\cors\lib\index.js:204:7)
        at Layer.handle [as handle_request] (C:\Users\anush\Desktop\anuprojects\Telemedicine Platform\node_modules\express\lib\router\layer.js:95:5)
        at trim_prefix (C:\Users\anush\Desktop\anuprojects\Telemedicine Platform\node_modules\express\lib\router\index.js:328:13)
        at C:\Users\anush\Desktop\anuprojects\Telemedicine Platform\node_modules\express\lib\router\index.js:286:9
        at Function.process_params (C:\Users\anush\Desktop\anuprojects\Telemedicine Platform\node_modules\express\lib\router\index.js:346:12)
        at next (C:\Users\anush\Desktop\anuprojects\Telemedicine Platform\node_modules\express\lib\router\index.js:280:10)
        at hpp (C:\Users\anush\Desktop\anuprojects\Telemedicine Platform\node_modules\hpp\lib\index.js:146:9)
        at Layer.handle [as handle_request] (C:\Users\anush\Desktop\anuprojects\Telemedicine Platform\node_modules\express\lib\router\layer.js:95:5)
        at trim_prefix (C:\Users\anush\Desktop\anuprojects\Telemedicine Platform\node_modules\express\lib\router\index.js:328:13)
        at C:\Users\anush\Desktop\anuprojects\Telemedicine Platform\node_modules\express\lib\router\index.js:286:9
        at Function.process_params (C:\Users\anush\Desktop\anuprojects\Telemedicine Platform\node_modules\express\lib\router\index.js:346:12)
        at next (C:\Users\anush\Desktop\anuprojects\Telemedicine Platform\node_modules\express\lib\router\index.js:280:10)
        at C:\Users\anush\Desktop\anuprojects\Telemedicine Platform\node_modules\express-mongo-sanitize\index.js:122:5
        at Layer.handle [as handle_request] (C:\Users\anush\Desktop\anuprojects\Telemedicine Platform\node_modules\express\lib\router\layer.js:95:5)
        at trim_prefix (C:\Users\anush\Desktop\anuprojects\Telemedicine Platform\node_modules\express\lib\router\index.js:328:13)
        at C:\Users\anush\Desktop\anuprojects\Telemedicine Platform\node_modules\express\lib\router\index.js:286:9
        at Function.process_params (C:\Users\anush\Desktop\anuprojects\Telemedicine Platform\node_modules\express\lib\router\index.js:346:12)
        at next (C:\Users\anush\Desktop\anuprojects\Telemedicine Platform\node_modules\express\lib\router\index.js:280:10)
        at next (C:\Users\anush\Desktop\anuprojects\Telemedicine Platform\node_modules\xss-clean\src\index.js:13:5)
        at Layer.handle [as handle_request] (C:\Users\anush\Desktop\anuprojects\Telemedicine Platform\node_modules\express\lib\router\layer.js:95:5)
        at trim_prefix (C:\Users\anush\Desktop\anuprojects\Telemedicine Platform\node_modules\express\lib\router\index.js:328:13)
        at C:\Users\anush\Desktop\anuprojects\Telemedicine Platform\node_modules\express\lib\router\index.js:286:9
        at Function.process_params (C:\Users\anush\Desktop\anuprojects\Telemedicine Platform\node_modules\express\lib\router\index.js:346:12)
        at next (C:\Users\anush\Desktop\anuprojects\Telemedicine Platform\node_modules\express\lib\router\index.js:280:10)
        at internalNext (C:\Users\anush\Desktop\anuprojects\Telemedicine Platform\node_modules\helmet\index.cjs:531:6)
        at xXssProtectionMiddleware (C:\Users\anush\Desktop\anuprojects\Telemedicine Platform\node_modules\helmet\index.cjs:311:3)
        at internalNext (C:\Users\anush\Desktop\anuprojects\Telemedicine Platform\node_modules\helmet\index.cjs:529:6)
        at xPoweredByMiddleware (C:\Users\anush\Desktop\anuprojects\Telemedicine Platform\node_modules\helmet\index.cjs:304:3)
        at internalNext (C:\Users\anush\Desktop\anuprojects\Telemedicine Platform\node_modules\helmet\index.cjs:529:6)
        at xPermittedCrossDomainPoliciesMiddleware (C:\Users\anush\Desktop\anuprojects\Telemedicine Platform\node_modules\helmet\index.cjs:297:3)
        at internalNext (C:\Users\anush\Desktop\anuprojects\Telemedicine Platform\node_modules\helmet\index.cjs:529:6)
        at xFrameOptionsMiddleware (C:\Users\anush\Desktop\anuprojects\Telemedicine Platform\node_modules\helmet\index.cjs:281:3)
        at internalNext (C:\Users\anush\Desktop\anuprojects\Telemedicine Platform\node_modules\helmet\index.cjs:529:6)
        at xDownloadOptionsMiddleware (C:\Users\anush\Desktop\anuprojects\Telemedicine Platform\node_modules\helmet\index.cjs:261:3)
        at internalNext (C:\Users\anush\Desktop\anuprojects\Telemedicine Platform\node_modules\helmet\index.cjs:529:6)
        at xDnsPrefetchControlMiddleware (C:\Users\anush\Desktop\anuprojects\Telemedicine Platform\node_modules\helmet\index.cjs:254:3)
        at internalNext (C:\Users\anush\Desktop\anuprojects\Telemedicine Platform\node_modules\helmet\index.cjs:529:6)
        at xContentTypeOptionsMiddleware (C:\Users\anush\Desktop\anuprojects\Telemedicine Platform\node_modules\helmet\index.cjs:246:3)
        at internalNext (C:\Users\anush\Desktop\anuprojects\Telemedicine Platform\node_modules\helmet\index.cjs:529:6)
        at strictTransportSecurityMiddleware (C:\Users\anush\Desktop\anuprojects\Telemedicine Platform\node_modules\helmet\index.cjs:239:3)
        at internalNext (C:\Users\anush\Desktop\anuprojects\Telemedicine Platform\node_modules\helmet\index.cjs:529:6)
        at referrerPolicyMiddleware (C:\Users\anush\Desktop\anuprojects\Telemedicine Platform\node_modules\helmet\index.cjs:207:3)
        at internalNext (C:\Users\anush\Desktop\anuprojects\Telemedicine Platform\node_modules\helmet\index.cjs:529:6)
        at originAgentClusterMiddleware (C:\Users\anush\Desktop\anuprojects\Telemedicine Platform\node_modules\helmet\index.cjs:182:3)
        at internalNext (C:\Users\anush\Desktop\anuprojects\Telemedicine Platform\node_modules\helmet\index.cjs:529:6)
        at crossOriginResourcePolicyMiddleware (C:\Users\anush\Desktop\anuprojects\Telemedicine Platform\node_modules\helmet\index.cjs:175:3)
        at internalNext (C:\Users\anush\Desktop\anuprojects\Telemedicine Platform\node_modules\helmet\index.cjs:529:6)
        at crossOriginOpenerPolicyMiddleware (C:\Users\anush\Desktop\anuprojects\Telemedicine Platform\node_modules\helmet\index.cjs:159:3)
        at internalNext (C:\Users\anush\Desktop\anuprojects\Telemedicine Platform\node_modules\helmet\index.cjs:529:6)
        at contentSecurityPolicyMiddleware (C:\Users\anush\Desktop\anuprojects\Telemedicine Platform\node_modules\helmet\index.cjs:124:4)
        at internalNext (C:\Users\anush\Desktop\anuprojects\Telemedicine Platform\node_modules\helmet\index.cjs:529:6)
        at helmetMiddleware (C:\Users\anush\Desktop\anuprojects\Telemedicine Platform\node_modules\helmet\index.cjs:533:6)
        at Layer.handle [as handle_request] (C:\Users\anush\Desktop\anuprojects\Telemedicine Platform\node_modules\express\lib\router\layer.js:95:5)
        at trim_prefix (C:\Users\anush\Desktop\anuprojects\Telemedicine Platform\node_modules\express\lib\router\index.js:328:13)
        at C:\Users\anush\Desktop\anuprojects\Telemedicine Platform\node_modules\express\lib\router\index.js:286:9
        at Function.process_params (C:\Users\anush\Desktop\anuprojects\Telemedicine Platform\node_modules\express\lib\router\index.js:346:12)
        at next (C:\Users\anush\Desktop\anuprojects\Telemedicine Platform\node_modules\express\lib\router\index.js:280:10)
        at C:\Users\anush\Desktop\anuprojects\Telemedicine Platform\node_modules\body-parser\lib\read.js:137:5
        at AsyncResource.runInAsyncScope (node:async_hooks:206:9)
        at invokeCallback (C:\Users\anush\Desktop\anuprojects\Telemedicine Platform\node_modules\raw-body\index.js:238:16)
        at done (C:\Users\anush\Desktop\anuprojects\Telemedicine Platform\node_modules\raw-body\index.js:227:7)
        at IncomingMessage.onEnd (C:\Users\anush\Desktop\anuprojects\Telemedicine Platform\node_modules\raw-body\index.js:287:7)
        at IncomingMessage.emit (node:events:524:28)
        at endReadableNT (node:internal/streams/readable:1698:12)
        at processTicksAndRejections (node:internal/process/task_queues:82:21) {
      statusCode: 401
    }

    [0m [90m 14 |[39m
     [90m 15 |[39m   [90m// Log to console for developer[39m
    [31m[1m>[22m[39m[90m 16 |[39m   console[33m.[39merror(err)[33m;[39m
     [90m    |[39m           [31m[1m^[22m[39m
     [90m 17 |[39m
     [90m 18 |[39m   [90m// Mongoose bad ObjectId[39m
     [90m 19 |[39m   [36mif[39m (err[33m.[39mname [33m===[39m [32m'CastError'[39m) {[0m

      at error (src/middleware/error.js:16:11)
      at Layer.handle_error (node_modules/express/lib/router/layer.js:71:5)
      at trim_prefix (node_modules/express/lib/router/index.js:326:13)
      at node_modules/express/lib/router/index.js:286:9
      at Function.process_params (node_modules/express/lib/router/index.js:346:12)
      at next (node_modules/express/lib/router/index.js:280:10)
      at node_modules/express/lib/router/index.js:646:15
      at next (node_modules/express/lib/router/index.js:265:14)
      at next (src/middleware/auth.js:21:12)
      at Layer.handle [as handle_request] (node_modules/express/lib/router/layer.js:95:5)
      at trim_prefix (node_modules/express/lib/router/index.js:328:13)
      at node_modules/express/lib/router/index.js:286:9
      at Function.process_params (node_modules/express/lib/router/index.js:346:12)
      at next (node_modules/express/lib/router/index.js:280:10)
      at Function.handle (node_modules/express/lib/router/index.js:175:3)
      at router (node_modules/express/lib/router/index.js:47:12)
      at Layer.handle [as handle_request] (node_modules/express/lib/router/layer.js:95:5)
      at trim_prefix (node_modules/express/lib/router/index.js:328:13)
      at node_modules/express/lib/router/index.js:286:9
      at Function.process_params (node_modules/express/lib/router/index.js:346:12)
      at next (node_modules/express/lib/router/index.js:280:10)
      at logger (node_modules/morgan/index.js:144:5)
      at Layer.handle [as handle_request] (node_modules/express/lib/router/layer.js:95:5)
      at trim_prefix (node_modules/express/lib/router/index.js:328:13)
      at node_modules/express/lib/router/index.js:286:9
      at Function.process_params (node_modules/express/lib/router/index.js:346:12)
      at next (node_modules/express/lib/router/index.js:280:10)
      at cors (node_modules/cors/lib/index.js:188:7)
      at node_modules/cors/lib/index.js:224:17
      at callback (src/server.js:59:27)
      at node_modules/cors/lib/index.js:219:13
      at optionsCallback (node_modules/cors/lib/index.js:199:9)
      at corsMiddleware (node_modules/cors/lib/index.js:204:7)
      at Layer.handle [as handle_request] (node_modules/express/lib/router/layer.js:95:5)
      at trim_prefix (node_modules/express/lib/router/index.js:328:13)
      at node_modules/express/lib/router/index.js:286:9
      at Function.process_params (node_modules/express/lib/router/index.js:346:12)
      at next (node_modules/express/lib/router/index.js:280:10)
      at hpp (node_modules/hpp/lib/index.js:146:9)
      at Layer.handle [as handle_request] (node_modules/express/lib/router/layer.js:95:5)
      at trim_prefix (node_modules/express/lib/router/index.js:328:13)
      at node_modules/express/lib/router/index.js:286:9
      at Function.process_params (node_modules/express/lib/router/index.js:346:12)
      at next (node_modules/express/lib/router/index.js:280:10)
      at node_modules/express-mongo-sanitize/index.js:122:5
      at Layer.handle [as handle_request] (node_modules/express/lib/router/layer.js:95:5)
      at trim_prefix (node_modules/express/lib/router/index.js:328:13)
      at node_modules/express/lib/router/index.js:286:9
      at Function.process_params (node_modules/express/lib/router/index.js:346:12)
      at next (node_modules/express/lib/router/index.js:280:10)
      at next (node_modules/xss-clean/src/index.js:13:5)
      at Layer.handle [as handle_request] (node_modules/express/lib/router/layer.js:95:5)
      at trim_prefix (node_modules/express/lib/router/index.js:328:13)
      at node_modules/express/lib/router/index.js:286:9
      at Function.process_params (node_modules/express/lib/router/index.js:346:12)
      at next (node_modules/express/lib/router/index.js:280:10)
      at internalNext (node_modules/helmet/index.cjs:531:6)
      at xXssProtectionMiddleware (node_modules/helmet/index.cjs:311:3)
      at internalNext (node_modules/helmet/index.cjs:529:6)
      at xPoweredByMiddleware (node_modules/helmet/index.cjs:304:3)
      at internalNext (node_modules/helmet/index.cjs:529:6)
      at xPermittedCrossDomainPoliciesMiddleware (node_modules/helmet/index.cjs:297:3)
      at internalNext (node_modules/helmet/index.cjs:529:6)
      at xFrameOptionsMiddleware (node_modules/helmet/index.cjs:281:3)
      at internalNext (node_modules/helmet/index.cjs:529:6)
      at xDownloadOptionsMiddleware (node_modules/helmet/index.cjs:261:3)
      at internalNext (node_modules/helmet/index.cjs:529:6)
      at xDnsPrefetchControlMiddleware (node_modules/helmet/index.cjs:254:3)
      at internalNext (node_modules/helmet/index.cjs:529:6)
      at xContentTypeOptionsMiddleware (node_modules/helmet/index.cjs:246:3)
      at internalNext (node_modules/helmet/index.cjs:529:6)
      at strictTransportSecurityMiddleware (node_modules/helmet/index.cjs:239:3)
      at internalNext (node_modules/helmet/index.cjs:529:6)
      at referrerPolicyMiddleware (node_modules/helmet/index.cjs:207:3)
      at internalNext (node_modules/helmet/index.cjs:529:6)
      at originAgentClusterMiddleware (node_modules/helmet/index.cjs:182:3)
      at internalNext (node_modules/helmet/index.cjs:529:6)
      at crossOriginResourcePolicyMiddleware (node_modules/helmet/index.cjs:175:3)
      at internalNext (node_modules/helmet/index.cjs:529:6)
      at crossOriginOpenerPolicyMiddleware (node_modules/helmet/index.cjs:159:3)
      at internalNext (node_modules/helmet/index.cjs:529:6)
      at contentSecurityPolicyMiddleware (node_modules/helmet/index.cjs:124:4)
      at internalNext (node_modules/helmet/index.cjs:529:6)
      at helmetMiddleware (node_modules/helmet/index.cjs:533:6)
      at Layer.handle [as handle_request] (node_modules/express/lib/router/layer.js:95:5)
      at trim_prefix (node_modules/express/lib/router/index.js:328:13)
      at node_modules/express/lib/router/index.js:286:9
      at Function.process_params (node_modules/express/lib/router/index.js:346:12)
      at next (node_modules/express/lib/router/index.js:280:10)
      at node_modules/body-parser/lib/read.js:137:5
      at invokeCallback (node_modules/raw-body/index.js:238:16)
      at done (node_modules/raw-body/index.js:227:7)
      at IncomingMessage.onEnd (node_modules/raw-body/index.js:287:7)

[undefined] [[32minfo[39m]: [32m[0mPOST /api/payments/create-intent [33m401[0m 25.771 ms - 63[0m[39m

  ΓùÅ  Cannot log after tests are done. Did you forget to wait for something async in your test?
    Attempted to log "Sending 1-hour appointment reminder for appointment 6a2d015e6bcef5c693d4165f".

    [0m [90m 94 |[39m       setTimeout([36masync[39m () [33m=>[39m {
     [90m 95 |[39m         [36mtry[39m {
    [31m[1m>[22m[39m[90m 96 |[39m           console[33m.[39mlog([32m`Sending 1-hour appointment reminder for 
appointment ${appointment._id}`[39m)[33m;[39m
     [90m    |[39m                   [31m[1m^[22m[39m
     [90m 97 |[39m           [36mawait[39m sendAppointmentReminder(appointment[33m,[39m patientUser[33m,[39m 
doctor)[33m;[39m
     [90m 98 |[39m         } [36mcatch[39m (reminderErr) {
     [90m 99 |[39m           console[33m.[39merror([32m'Error sending scheduled reminder:'[39m[33m,[39m 
reminderErr)[33m;[39m[0m

      at console.log (node_modules/@jest/console/build/index.js:311:10)
      at Timeout.log [as _onTimeout] (src/controllers/appointmentController.js:96:19)

  console.error
    Error sending scheduled reminder: [TypeError: sendAppointmentReminder is not a function]

    [0m [90m  97 |[39m           [36mawait[39m sendAppointmentReminder(appointment[33m,[39m patientUser[33m,[39m doctor)[33m;[39m
     [90m  98 |[39m         } [36mcatch[39m (reminderErr) {
    [31m[1m>[22m[39m[90m  99 |[39m           console[33m.[39merror([32m'Error sending scheduled reminder:'[39m[33m,[39m reminderErr)[33m;[39m
     [90m     |[39m                   [31m[1m^[22m[39m
     [90m 100 |[39m         }
     [90m 101 |[39m       }[33m,[39m [35m5000[39m)[33m;[39m [90m// Trigger 5 seconds later in development so it can be verified easily![39m
     [90m 102 |[39m     }[0m

      at Timeout.error [as _onTimeout] (src/controllers/appointmentController.js:99:19)

[undefined] [[32minfo[39m]: [32m[0mPOST /api/payments/confirm [32m200[0m 29.803 ms - 560[0m[39m
  console.error
    ErrorResponse: Please provide appointmentId and paymentId
        at C:\Users\anush\Desktop\anuprojects\Telemedicine Platform\src\controllers\paymentController.js:71:17
        at fn (C:\Users\anush\Desktop\anuprojects\Telemedicine Platform\src\middleware\error.js:9:19)
        at Layer.handle [as handle_request] (C:\Users\anush\Desktop\anuprojects\Telemedicine Platform\node_modules\express\lib\router\layer.js:95:5)
        at next (C:\Users\anush\Desktop\anuprojects\Telemedicine Platform\node_modules\express\lib\router\route.js:149:13)
        at Route.dispatch (C:\Users\anush\Desktop\anuprojects\Telemedicine Platform\node_modules\express\lib\router\route.js:119:3)
        at Layer.handle [as handle_request] (C:\Users\anush\Desktop\anuprojects\Telemedicine Platform\node_modules\express\lib\router\layer.js:95:5)
        at C:\Users\anush\Desktop\anuprojects\Telemedicine Platform\node_modules\express\lib\router\index.js:284:15
        at Function.process_params (C:\Users\anush\Desktop\anuprojects\Telemedicine Platform\node_modules\express\lib\router\index.js:346:12)
        at next (C:\Users\anush\Desktop\anuprojects\Telemedicine Platform\node_modules\express\lib\router\index.js:280:10)
        at next (C:\Users\anush\Desktop\anuprojects\Telemedicine Platform\src\middleware\auth.js:41:5)
        at processTicksAndRejections (node:internal/process/task_queues:95:5) {
      statusCode: 400
    }

    [0m [90m 14 |[39m
     [90m 15 |[39m   [90m// Log to console for developer[39m
    [31m[1m>[22m[39m[90m 16 |[39m   console[33m.[39merror(err)[33m;[39m
     [90m    |[39m           [31m[1m^[22m[39m
     [90m 17 |[39m
     [90m 18 |[39m   [90m// Mongoose bad ObjectId[39m
     [90m 19 |[39m   [36mif[39m (err[33m.[39mname [33m===[39m [32m'CastError'[39m) {[0m

      at error (src/middleware/error.js:16:11)
      at Layer.handle_error (node_modules/express/lib/router/layer.js:71:5)
      at trim_prefix (node_modules/express/lib/router/index.js:326:13)
      at node_modules/express/lib/router/index.js:286:9
      at Function.process_params (node_modules/express/lib/router/index.js:346:12)
      at Immediate.next (node_modules/express/lib/router/index.js:280:10)
      at Immediate._onImmediate (node_modules/express/lib/router/index.js:646:15)

[undefined] [[32minfo[39m]: [32m[0mPOST /api/payments/confirm [33m400[0m 10.295 ms - 70[0m[39m
  console.error
    ErrorResponse: Not authorized to access this route
        at protect (C:\Users\anush\Desktop\anuprojects\Telemedicine Platform\src\middleware\auth.js:21:17)
        at Layer.handle [as handle_request] (C:\Users\anush\Desktop\anuprojects\Telemedicine Platform\node_modules\express\lib\router\layer.js:95:5)
        at trim_prefix (C:\Users\anush\Desktop\anuprojects\Telemedicine Platform\node_modules\express\lib\router\index.js:328:13)
        at C:\Users\anush\Desktop\anuprojects\Telemedicine Platform\node_modules\express\lib\router\index.js:286:9
        at Function.process_params (C:\Users\anush\Desktop\anuprojects\Telemedicine Platform\node_modules\express\lib\router\index.js:346:12)
        at next (C:\Users\anush\Desktop\anuprojects\Telemedicine Platform\node_modules\express\lib\router\index.js:280:10)
        at Function.handle (C:\Users\anush\Desktop\anuprojects\Telemedicine Platform\node_modules\express\lib\router\index.js:175:3)
        at router (C:\Users\anush\Desktop\anuprojects\Telemedicine Platform\node_modules\express\lib\router\index.js:47:12)
        at Layer.handle [as handle_request] (C:\Users\anush\Desktop\anuprojects\Telemedicine Platform\node_modules\express\lib\router\layer.js:95:5)
        at trim_prefix (C:\Users\anush\Desktop\anuprojects\Telemedicine Platform\node_modules\express\lib\router\index.js:328:13)
        at C:\Users\anush\Desktop\anuprojects\Telemedicine Platform\node_modules\express\lib\router\index.js:286:9
        at Function.process_params (C:\Users\anush\Desktop\anuprojects\Telemedicine Platform\node_modules\express\lib\router\index.js:346:12)
        at next (C:\Users\anush\Desktop\anuprojects\Telemedicine Platform\node_modules\express\lib\router\index.js:280:10)
        at logger (C:\Users\anush\Desktop\anuprojects\Telemedicine Platform\node_modules\morgan\index.js:144:5)
        at Layer.handle [as handle_request] (C:\Users\anush\Desktop\anuprojects\Telemedicine Platform\node_modules\express\lib\router\layer.js:95:5)
        at trim_prefix (C:\Users\anush\Desktop\anuprojects\Telemedicine Platform\node_modules\express\lib\router\index.js:328:13)
        at C:\Users\anush\Desktop\anuprojects\Telemedicine Platform\node_modules\express\lib\router\index.js:286:9
        at Function.process_params (C:\Users\anush\Desktop\anuprojects\Telemedicine Platform\node_modules\express\lib\router\index.js:346:12)
        at next (C:\Users\anush\Desktop\anuprojects\Telemedicine Platform\node_modules\express\lib\router\index.js:280:10)
        at cors (C:\Users\anush\Desktop\anuprojects\Telemedicine Platform\node_modules\cors\lib\index.js:188:7)
        at C:\Users\anush\Desktop\anuprojects\Telemedicine Platform\node_modules\cors\lib\index.js:224:17
        at callback (C:\Users\anush\Desktop\anuprojects\Telemedicine Platform\src\server.js:59:27)
        at C:\Users\anush\Desktop\anuprojects\Telemedicine Platform\node_modules\cors\lib\index.js:219:13
        at optionsCallback (C:\Users\anush\Desktop\anuprojects\Telemedicine Platform\node_modules\cors\lib\index.js:199:9)
        at corsMiddleware (C:\Users\anush\Desktop\anuprojects\Telemedicine Platform\node_modules\cors\lib\index.js:204:7)
        at Layer.handle [as handle_request] (C:\Users\anush\Desktop\anuprojects\Telemedicine Platform\node_modules\express\lib\router\layer.js:95:5)
        at trim_prefix (C:\Users\anush\Desktop\anuprojects\Telemedicine Platform\node_modules\express\lib\router\index.js:328:13)
        at C:\Users\anush\Desktop\anuprojects\Telemedicine Platform\node_modules\express\lib\router\index.js:286:9
        at Function.process_params (C:\Users\anush\Desktop\anuprojects\Telemedicine Platform\node_modules\express\lib\router\index.js:346:12)
        at next (C:\Users\anush\Desktop\anuprojects\Telemedicine Platform\node_modules\express\lib\router\index.js:280:10)
        at hpp (C:\Users\anush\Desktop\anuprojects\Telemedicine Platform\node_modules\hpp\lib\index.js:146:9)
        at Layer.handle [as handle_request] (C:\Users\anush\Desktop\anuprojects\Telemedicine Platform\node_modules\express\lib\router\layer.js:95:5)
        at trim_prefix (C:\Users\anush\Desktop\anuprojects\Telemedicine Platform\node_modules\express\lib\router\index.js:328:13)
        at C:\Users\anush\Desktop\anuprojects\Telemedicine Platform\node_modules\express\lib\router\index.js:286:9
        at Function.process_params (C:\Users\anush\Desktop\anuprojects\Telemedicine Platform\node_modules\express\lib\router\index.js:346:12)
        at next (C:\Users\anush\Desktop\anuprojects\Telemedicine Platform\node_modules\express\lib\router\index.js:280:10)
        at C:\Users\anush\Desktop\anuprojects\Telemedicine Platform\node_modules\express-mongo-sanitize\index.js:122:5
        at Layer.handle [as handle_request] (C:\Users\anush\Desktop\anuprojects\Telemedicine Platform\node_modules\express\lib\router\layer.js:95:5)
        at trim_prefix (C:\Users\anush\Desktop\anuprojects\Telemedicine Platform\node_modules\express\lib\router\index.js:328:13)
        at C:\Users\anush\Desktop\anuprojects\Telemedicine Platform\node_modules\express\lib\router\index.js:286:9
        at Function.process_params (C:\Users\anush\Desktop\anuprojects\Telemedicine Platform\node_modules\express\lib\router\index.js:346:12)
        at next (C:\Users\anush\Desktop\anuprojects\Telemedicine Platform\node_modules\express\lib\router\index.js:280:10)
        at next (C:\Users\anush\Desktop\anuprojects\Telemedicine Platform\node_modules\xss-clean\src\index.js:13:5)
        at Layer.handle [as handle_request] (C:\Users\anush\Desktop\anuprojects\Telemedicine Platform\node_modules\express\lib\router\layer.js:95:5)
        at trim_prefix (C:\Users\anush\Desktop\anuprojects\Telemedicine Platform\node_modules\express\lib\router\index.js:328:13)
        at C:\Users\anush\Desktop\anuprojects\Telemedicine Platform\node_modules\express\lib\router\index.js:286:9
        at Function.process_params (C:\Users\anush\Desktop\anuprojects\Telemedicine Platform\node_modules\express\lib\router\index.js:346:12)
        at next (C:\Users\anush\Desktop\anuprojects\Telemedicine Platform\node_modules\express\lib\router\index.js:280:10)
        at internalNext (C:\Users\anush\Desktop\anuprojects\Telemedicine Platform\node_modules\helmet\index.cjs:531:6)
        at xXssProtectionMiddleware (C:\Users\anush\Desktop\anuprojects\Telemedicine Platform\node_modules\helmet\index.cjs:311:3)
        at internalNext (C:\Users\anush\Desktop\anuprojects\Telemedicine Platform\node_modules\helmet\index.cjs:529:6)
        at xPoweredByMiddleware (C:\Users\anush\Desktop\anuprojects\Telemedicine Platform\node_modules\helmet\index.cjs:304:3)
        at internalNext (C:\Users\anush\Desktop\anuprojects\Telemedicine Platform\node_modules\helmet\index.cjs:529:6)
        at xPermittedCrossDomainPoliciesMiddleware (C:\Users\anush\Desktop\anuprojects\Telemedicine Platform\node_modules\helmet\index.cjs:297:3)
        at internalNext (C:\Users\anush\Desktop\anuprojects\Telemedicine Platform\node_modules\helmet\index.cjs:529:6)
        at xFrameOptionsMiddleware (C:\Users\anush\Desktop\anuprojects\Telemedicine Platform\node_modules\helmet\index.cjs:281:3)
        at internalNext (C:\Users\anush\Desktop\anuprojects\Telemedicine Platform\node_modules\helmet\index.cjs:529:6)
        at xDownloadOptionsMiddleware (C:\Users\anush\Desktop\anuprojects\Telemedicine Platform\node_modules\helmet\index.cjs:261:3)
        at internalNext (C:\Users\anush\Desktop\anuprojects\Telemedicine Platform\node_modules\helmet\index.cjs:529:6)
        at xDnsPrefetchControlMiddleware (C:\Users\anush\Desktop\anuprojects\Telemedicine Platform\node_modules\helmet\index.cjs:254:3)
        at internalNext (C:\Users\anush\Desktop\anuprojects\Telemedicine Platform\node_modules\helmet\index.cjs:529:6)
        at xContentTypeOptionsMiddleware (C:\Users\anush\Desktop\anuprojects\Telemedicine Platform\node_modules\helmet\index.cjs:246:3)
        at internalNext (C:\Users\anush\Desktop\anuprojects\Telemedicine Platform\node_modules\helmet\index.cjs:529:6)
        at strictTransportSecurityMiddleware (C:\Users\anush\Desktop\anuprojects\Telemedicine Platform\node_modules\helmet\index.cjs:239:3)
        at internalNext (C:\Users\anush\Desktop\anuprojects\Telemedicine Platform\node_modules\helmet\index.cjs:529:6)
        at referrerPolicyMiddleware (C:\Users\anush\Desktop\anuprojects\Telemedicine Platform\node_modules\helmet\index.cjs:207:3)
        at internalNext (C:\Users\anush\Desktop\anuprojects\Telemedicine Platform\node_modules\helmet\index.cjs:529:6)
        at originAgentClusterMiddleware (C:\Users\anush\Desktop\anuprojects\Telemedicine Platform\node_modules\helmet\index.cjs:182:3)
        at internalNext (C:\Users\anush\Desktop\anuprojects\Telemedicine Platform\node_modules\helmet\index.cjs:529:6)
        at crossOriginResourcePolicyMiddleware (C:\Users\anush\Desktop\anuprojects\Telemedicine Platform\node_modules\helmet\index.cjs:175:3)
        at internalNext (C:\Users\anush\Desktop\anuprojects\Telemedicine Platform\node_modules\helmet\index.cjs:529:6)
        at crossOriginOpenerPolicyMiddleware (C:\Users\anush\Desktop\anuprojects\Telemedicine Platform\node_modules\helmet\index.cjs:159:3)
        at internalNext (C:\Users\anush\Desktop\anuprojects\Telemedicine Platform\node_modules\helmet\index.cjs:529:6)
        at contentSecurityPolicyMiddleware (C:\Users\anush\Desktop\anuprojects\Telemedicine Platform\node_modules\helmet\index.cjs:124:4)
        at internalNext (C:\Users\anush\Desktop\anuprojects\Telemedicine Platform\node_modules\helmet\index.cjs:529:6)
        at helmetMiddleware (C:\Users\anush\Desktop\anuprojects\Telemedicine Platform\node_modules\helmet\index.cjs:533:6)
        at Layer.handle [as handle_request] (C:\Users\anush\Desktop\anuprojects\Telemedicine Platform\node_modules\express\lib\router\layer.js:95:5)
        at trim_prefix (C:\Users\anush\Desktop\anuprojects\Telemedicine Platform\node_modules\express\lib\router\index.js:328:13)
        at C:\Users\anush\Desktop\anuprojects\Telemedicine Platform\node_modules\express\lib\router\index.js:286:9
        at Function.process_params (C:\Users\anush\Desktop\anuprojects\Telemedicine Platform\node_modules\express\lib\router\index.js:346:12)
        at next (C:\Users\anush\Desktop\anuprojects\Telemedicine Platform\node_modules\express\lib\router\index.js:280:10)
        at C:\Users\anush\Desktop\anuprojects\Telemedicine Platform\node_modules\body-parser\lib\read.js:137:5
        at AsyncResource.runInAsyncScope (node:async_hooks:206:9)
        at invokeCallback (C:\Users\anush\Desktop\anuprojects\Telemedicine Platform\node_modules\raw-body\index.js:238:16)
        at done (C:\Users\anush\Desktop\anuprojects\Telemedicine Platform\node_modules\raw-body\index.js:227:7)
        at IncomingMessage.onEnd (C:\Users\anush\Desktop\anuprojects\Telemedicine Platform\node_modules\raw-body\index.js:287:7)
        at IncomingMessage.emit (node:events:524:28)
        at endReadableNT (node:internal/streams/readable:1698:12)
        at processTicksAndRejections (node:internal/process/task_queues:82:21) {
      statusCode: 401
    }

    [0m [90m 14 |[39m
     [90m 15 |[39m   [90m// Log to console for developer[39m
    [31m[1m>[22m[39m[90m 16 |[39m   console[33m.[39merror(err)[33m;[39m
     [90m    |[39m           [31m[1m^[22m[39m
     [90m 17 |[39m
     [90m 18 |[39m   [90m// Mongoose bad ObjectId[39m
     [90m 19 |[39m   [36mif[39m (err[33m.[39mname [33m===[39m [32m'CastError'[39m) {[0m

      at error (src/middleware/error.js:16:11)
      at Layer.handle_error (node_modules/express/lib/router/layer.js:71:5)
      at trim_prefix (node_modules/express/lib/router/index.js:326:13)
      at node_modules/express/lib/router/index.js:286:9
      at Function.process_params (node_modules/express/lib/router/index.js:346:12)
      at next (node_modules/express/lib/router/index.js:280:10)
      at node_modules/express/lib/router/index.js:646:15
      at next (node_modules/express/lib/router/index.js:265:14)
      at next (src/middleware/auth.js:21:12)
      at Layer.handle [as handle_request] (node_modules/express/lib/router/layer.js:95:5)
      at trim_prefix (node_modules/express/lib/router/index.js:328:13)
      at node_modules/express/lib/router/index.js:286:9
      at Function.process_params (node_modules/express/lib/router/index.js:346:12)
      at next (node_modules/express/lib/router/index.js:280:10)
      at Function.handle (node_modules/express/lib/router/index.js:175:3)
      at router (node_modules/express/lib/router/index.js:47:12)
      at Layer.handle [as handle_request] (node_modules/express/lib/router/layer.js:95:5)
      at trim_prefix (node_modules/express/lib/router/index.js:328:13)
      at node_modules/express/lib/router/index.js:286:9
      at Function.process_params (node_modules/express/lib/router/index.js:346:12)
      at next (node_modules/express/lib/router/index.js:280:10)
      at logger (node_modules/morgan/index.js:144:5)
      at Layer.handle [as handle_request] (node_modules/express/lib/router/layer.js:95:5)
      at trim_prefix (node_modules/express/lib/router/index.js:328:13)
      at node_modules/express/lib/router/index.js:286:9
      at Function.process_params (node_modules/express/lib/router/index.js:346:12)
      at next (node_modules/express/lib/router/index.js:280:10)
      at cors (node_modules/cors/lib/index.js:188:7)
      at node_modules/cors/lib/index.js:224:17
      at callback (src/server.js:59:27)
      at node_modules/cors/lib/index.js:219:13
      at optionsCallback (node_modules/cors/lib/index.js:199:9)
      at corsMiddleware (node_modules/cors/lib/index.js:204:7)
      at Layer.handle [as handle_request] (node_modules/express/lib/router/layer.js:95:5)
      at trim_prefix (node_modules/express/lib/router/index.js:328:13)
      at node_modules/express/lib/router/index.js:286:9
      at Function.process_params (node_modules/express/lib/router/index.js:346:12)
      at next (node_modules/express/lib/router/index.js:280:10)
      at hpp (node_modules/hpp/lib/index.js:146:9)
      at Layer.handle [as handle_request] (node_modules/express/lib/router/layer.js:95:5)
      at trim_prefix (node_modules/express/lib/router/index.js:328:13)
      at node_modules/express/lib/router/index.js:286:9
      at Function.process_params (node_modules/express/lib/router/index.js:346:12)
      at next (node_modules/express/lib/router/index.js:280:10)
      at node_modules/express-mongo-sanitize/index.js:122:5
      at Layer.handle [as handle_request] (node_modules/express/lib/router/layer.js:95:5)
      at trim_prefix (node_modules/express/lib/router/index.js:328:13)
      at node_modules/express/lib/router/index.js:286:9
      at Function.process_params (node_modules/express/lib/router/index.js:346:12)
      at next (node_modules/express/lib/router/index.js:280:10)
      at next (node_modules/xss-clean/src/index.js:13:5)
      at Layer.handle [as handle_request] (node_modules/express/lib/router/layer.js:95:5)
      at trim_prefix (node_modules/express/lib/router/index.js:328:13)
      at node_modules/express/lib/router/index.js:286:9
      at Function.process_params (node_modules/express/lib/router/index.js:346:12)
      at next (node_modules/express/lib/router/index.js:280:10)
      at internalNext (node_modules/helmet/index.cjs:531:6)
      at xXssProtectionMiddleware (node_modules/helmet/index.cjs:311:3)
      at internalNext (node_modules/helmet/index.cjs:529:6)
      at xPoweredByMiddleware (node_modules/helmet/index.cjs:304:3)
      at internalNext (node_modules/helmet/index.cjs:529:6)
      at xPermittedCrossDomainPoliciesMiddleware (node_modules/helmet/index.cjs:297:3)
      at internalNext (node_modules/helmet/index.cjs:529:6)
      at xFrameOptionsMiddleware (node_modules/helmet/index.cjs:281:3)
      at internalNext (node_modules/helmet/index.cjs:529:6)
      at xDownloadOptionsMiddleware (node_modules/helmet/index.cjs:261:3)
      at internalNext (node_modules/helmet/index.cjs:529:6)
      at xDnsPrefetchControlMiddleware (node_modules/helmet/index.cjs:254:3)
      at internalNext (node_modules/helmet/index.cjs:529:6)
      at xContentTypeOptionsMiddleware (node_modules/helmet/index.cjs:246:3)
      at internalNext (node_modules/helmet/index.cjs:529:6)
      at strictTransportSecurityMiddleware (node_modules/helmet/index.cjs:239:3)
      at internalNext (node_modules/helmet/index.cjs:529:6)
      at referrerPolicyMiddleware (node_modules/helmet/index.cjs:207:3)
      at internalNext (node_modules/helmet/index.cjs:529:6)
      at originAgentClusterMiddleware (node_modules/helmet/index.cjs:182:3)
      at internalNext (node_modules/helmet/index.cjs:529:6)
      at crossOriginResourcePolicyMiddleware (node_modules/helmet/index.cjs:175:3)
      at internalNext (node_modules/helmet/index.cjs:529:6)
      at crossOriginOpenerPolicyMiddleware (node_modules/helmet/index.cjs:159:3)
      at internalNext (node_modules/helmet/index.cjs:529:6)
      at contentSecurityPolicyMiddleware (node_modules/helmet/index.cjs:124:4)
      at internalNext (node_modules/helmet/index.cjs:529:6)
      at helmetMiddleware (node_modules/helmet/index.cjs:533:6)
      at Layer.handle [as handle_request] (node_modules/express/lib/router/layer.js:95:5)
      at trim_prefix (node_modules/express/lib/router/index.js:328:13)
      at node_modules/express/lib/router/index.js:286:9
      at Function.process_params (node_modules/express/lib/router/index.js:346:12)
      at next (node_modules/express/lib/router/index.js:280:10)
      at node_modules/body-parser/lib/read.js:137:5
      at invokeCallback (node_modules/raw-body/index.js:238:16)
      at done (node_modules/raw-body/index.js:227:7)
      at IncomingMessage.onEnd (node_modules/raw-body/index.js:287:7)

[undefined] [[32minfo[39m]: [32m[0mPOST /api/payments/confirm [33m401[0m 18.095 ms - 63[0m[39m
[undefined] [[32minfo[39m]: [32m[0mGET /api/appointments [32m200[0m 37.653 ms - 709[0m[39m
PASS tests/payment.test.js
  Payment API
    POST /api/payments/create-intent
      ΓêÜ creates a payment intent (mock Stripe) for a valid appointment (47 ms)
      ΓêÜ rejects missing appointmentId (30 ms)
      ΓêÜ rejects unauthenticated request (42 ms)
    POST /api/payments/confirm
      ΓêÜ confirms payment and updates appointment status to confirmed (44 ms)
      ΓêÜ rejects confirmation with missing fields (28 ms)
      ΓêÜ rejects unauthenticated confirmation (36 ms)
    Appointment state after payment
      ΓêÜ appointment shows paymentStatus=paid in GET /api/appointments (51 ms)

  console.log
    MongoDB Connected: localhost

      at log (src/config/db.js:6:13)


  ΓùÅ  Cannot log after tests are done. Did you forget to wait for something async in your test?
    Attempted to log "Using Ethereal Mail test credentials: epoupwnntxtullpt@ethereal.email".

    [0m [90m 18 |[39m     [36mtry[39m {
     [90m 19 |[39m       [36mconst[39m testAccount [33m=[39m [36mawait[39m 
nodemailer[33m.[39mcreateTestAccount()[33m;[39m
    [31m[1m>[22m[39m[90m 20 |[39m       console[33m.[39mlog([32m'Using Ethereal Mail test 
credentials:'[39m[33m,[39m testAccount[33m.[39muser)[33m;[39m
     [90m    |[39m               [31m[1m^[22m[39m
     [90m 21 |[39m       [36mreturn[39m nodemailer[33m.[39mcreateTransport({
     [90m 22 |[39m         host[33m:[39m [32m'smtp.ethereal.email'[39m[33m,[39m
     [90m 23 |[39m         port[33m:[39m [35m587[39m[33m,[39m[0m

      at console.log (node_modules/@jest/console/build/index.js:311:10)
      at log (src/services/emailService.js:20:15)
      at getTransporter (src/services/emailService.js:50:19)
      at sendEmail (src/services/emailService.js:56:27)

[undefined] [[32minfo[39m]: [32m[0mPOST /api/auth/register [32m201[0m 204.367 ms - 503[0m[39m
  console.warn
    OPENAI_API_KEY is not configured. Falling back to Mock AI engine.

    [0m [90m  5 |[39m   [36mconst[39m apiKey [33m=[39m process[33m.[39menv[33m.[39m[33mOPENAI_API_KEY[39m[33m;[39m
     [90m  6 |[39m   [36mif[39m ([33m![39mapiKey [33m||[39m apiKey [33m===[39m [32m'your_openai_api_key'[39m) {
    [31m[1m>[22m[39m[90m  7 |[39m     console[33m.[39mwarn([32m'OPENAI_API_KEY is not configured. Falling back to Mock AI engine.'[39m)[33m;[39m
     [90m    |[39m             [31m[1m^[22m[39m
     [90m  8 |[39m     [36mreturn[39m [36mnull[39m[33m;[39m
     [90m  9 |[39m   }
     [90m 10 |[39m   [36mreturn[39m [36mnew[39m [33mOpenAI[39m({ apiKey })[33m;[39m[0m

      at warn (src/controllers/aiController.js:7:13)
      at getOpenAIClient (src/controllers/aiController.js:23:18)
      at fn (src/middleware/error.js:9:19)
      at Layer.handle [as handle_request] (node_modules/express/lib/router/layer.js:95:5)
      at next (node_modules/express/lib/router/route.js:149:13)
      at Route.dispatch (node_modules/express/lib/router/route.js:119:3)
      at Layer.handle [as handle_request] (node_modules/express/lib/router/layer.js:95:5)
      at node_modules/express/lib/router/index.js:284:15
      at Function.process_params (node_modules/express/lib/router/index.js:346:12)
      at next (node_modules/express/lib/router/index.js:280:10)
      at next (src/middleware/auth.js:41:5)

[undefined] [[32minfo[39m]: [32m[0mPOST /api/ai/symptoms [32m200[0m 27.061 ms - 499[0m[39m
  console.warn
    OPENAI_API_KEY is not configured. Falling back to Mock AI engine.

    [0m [90m  5 |[39m   [36mconst[39m apiKey [33m=[39m process[33m.[39menv[33m.[39m[33mOPENAI_API_KEY[39m[33m;[39m
     [90m  6 |[39m   [36mif[39m ([33m![39mapiKey [33m||[39m apiKey [33m===[39m [32m'your_openai_api_key'[39m) {
    [31m[1m>[22m[39m[90m  7 |[39m     console[33m.[39mwarn([32m'OPENAI_API_KEY is not configured. Falling back to Mock AI engine.'[39m)[33m;[39m
     [90m    |[39m             [31m[1m^[22m[39m
     [90m  8 |[39m     [36mreturn[39m [36mnull[39m[33m;[39m
     [90m  9 |[39m   }
     [90m 10 |[39m   [36mreturn[39m [36mnew[39m [33mOpenAI[39m({ apiKey })[33m;[39m[0m

      at warn (src/controllers/aiController.js:7:13)
      at getOpenAIClient (src/controllers/aiController.js:23:18)
      at fn (src/middleware/error.js:9:19)
      at Layer.handle [as handle_request] (node_modules/express/lib/router/layer.js:95:5)
      at next (node_modules/express/lib/router/route.js:149:13)
      at Route.dispatch (node_modules/express/lib/router/route.js:119:3)
      at Layer.handle [as handle_request] (node_modules/express/lib/router/layer.js:95:5)
      at node_modules/express/lib/router/index.js:284:15
      at Function.process_params (node_modules/express/lib/router/index.js:346:12)
      at next (node_modules/express/lib/router/index.js:280:10)
      at next (src/middleware/auth.js:41:5)

[undefined] [[32minfo[39m]: [32m[0mPOST /api/ai/symptoms [32m200[0m 10.360 ms - 499[0m[39m
  console.error
    ErrorResponse: Please provide symptoms to analyze
        at C:\Users\anush\Desktop\anuprojects\Telemedicine Platform\src\controllers\aiController.js:20:17
        at fn (C:\Users\anush\Desktop\anuprojects\Telemedicine Platform\src\middleware\error.js:9:19)
        at Layer.handle [as handle_request] (C:\Users\anush\Desktop\anuprojects\Telemedicine Platform\node_modules\express\lib\router\layer.js:95:5)
        at next (C:\Users\anush\Desktop\anuprojects\Telemedicine Platform\node_modules\express\lib\router\route.js:149:13)
        at Route.dispatch (C:\Users\anush\Desktop\anuprojects\Telemedicine Platform\node_modules\express\lib\router\route.js:119:3)
        at Layer.handle [as handle_request] (C:\Users\anush\Desktop\anuprojects\Telemedicine Platform\node_modules\express\lib\router\layer.js:95:5)
        at C:\Users\anush\Desktop\anuprojects\Telemedicine Platform\node_modules\express\lib\router\index.js:284:15
        at Function.process_params (C:\Users\anush\Desktop\anuprojects\Telemedicine Platform\node_modules\express\lib\router\index.js:346:12)
        at next (C:\Users\anush\Desktop\anuprojects\Telemedicine Platform\node_modules\express\lib\router\index.js:280:10)
        at next (C:\Users\anush\Desktop\anuprojects\Telemedicine Platform\src\middleware\auth.js:41:5)
        at processTicksAndRejections (node:internal/process/task_queues:95:5) {
      statusCode: 400
    }

    [0m [90m 14 |[39m
     [90m 15 |[39m   [90m// Log to console for developer[39m
    [31m[1m>[22m[39m[90m 16 |[39m   console[33m.[39merror(err)[33m;[39m
     [90m    |[39m           [31m[1m^[22m[39m
     [90m 17 |[39m
     [90m 18 |[39m   [90m// Mongoose bad ObjectId[39m
     [90m 19 |[39m   [36mif[39m (err[33m.[39mname [33m===[39m [32m'CastError'[39m) {[0m

      at error (src/middleware/error.js:16:11)
      at Layer.handle_error (node_modules/express/lib/router/layer.js:71:5)
      at trim_prefix (node_modules/express/lib/router/index.js:326:13)
      at node_modules/express/lib/router/index.js:286:9
      at Function.process_params (node_modules/express/lib/router/index.js:346:12)
      at next (node_modules/express/lib/router/index.js:280:10)
      at node_modules/express/lib/router/index.js:646:15
      at next (node_modules/express/lib/router/index.js:265:14)
      at next (node_modules/express/lib/router/route.js:141:14)
      at next (src/controllers/aiController.js:20:12)
      at fn (src/middleware/error.js:9:19)
      at Layer.handle [as handle_request] (node_modules/express/lib/router/layer.js:95:5)
      at next (node_modules/express/lib/router/route.js:149:13)
      at Route.dispatch (node_modules/express/lib/router/route.js:119:3)
      at Layer.handle [as handle_request] (node_modules/express/lib/router/layer.js:95:5)
      at node_modules/express/lib/router/index.js:284:15
      at Function.process_params (node_modules/express/lib/router/index.js:346:12)
      at next (node_modules/express/lib/router/index.js:280:10)
      at next (src/middleware/auth.js:41:5)

[undefined] [[32minfo[39m]: [32m[0mPOST /api/ai/symptoms [33m400[0m 17.050 ms - 62[0m[39m
  console.error
    ErrorResponse: Please provide symptoms to analyze
        at C:\Users\anush\Desktop\anuprojects\Telemedicine Platform\src\controllers\aiController.js:20:17
        at fn (C:\Users\anush\Desktop\anuprojects\Telemedicine Platform\src\middleware\error.js:9:19)
        at Layer.handle [as handle_request] (C:\Users\anush\Desktop\anuprojects\Telemedicine Platform\node_modules\express\lib\router\layer.js:95:5)
        at next (C:\Users\anush\Desktop\anuprojects\Telemedicine Platform\node_modules\express\lib\router\route.js:149:13)
        at Route.dispatch (C:\Users\anush\Desktop\anuprojects\Telemedicine Platform\node_modules\express\lib\router\route.js:119:3)
        at Layer.handle [as handle_request] (C:\Users\anush\Desktop\anuprojects\Telemedicine Platform\node_modules\express\lib\router\layer.js:95:5)
        at C:\Users\anush\Desktop\anuprojects\Telemedicine Platform\node_modules\express\lib\router\index.js:284:15
        at Function.process_params (C:\Users\anush\Desktop\anuprojects\Telemedicine Platform\node_modules\express\lib\router\index.js:346:12)
        at next (C:\Users\anush\Desktop\anuprojects\Telemedicine Platform\node_modules\express\lib\router\index.js:280:10)
        at next (C:\Users\anush\Desktop\anuprojects\Telemedicine Platform\src\middleware\auth.js:41:5)
        at processTicksAndRejections (node:internal/process/task_queues:95:5) {
      statusCode: 400
    }

    [0m [90m 14 |[39m
     [90m 15 |[39m   [90m// Log to console for developer[39m
    [31m[1m>[22m[39m[90m 16 |[39m   console[33m.[39merror(err)[33m;[39m
     [90m    |[39m           [31m[1m^[22m[39m
     [90m 17 |[39m
     [90m 18 |[39m   [90m// Mongoose bad ObjectId[39m
     [90m 19 |[39m   [36mif[39m (err[33m.[39mname [33m===[39m [32m'CastError'[39m) {[0m

      at error (src/middleware/error.js:16:11)
      at Layer.handle_error (node_modules/express/lib/router/layer.js:71:5)
      at trim_prefix (node_modules/express/lib/router/index.js:326:13)
      at node_modules/express/lib/router/index.js:286:9
      at Function.process_params (node_modules/express/lib/router/index.js:346:12)
      at next (node_modules/express/lib/router/index.js:280:10)
      at node_modules/express/lib/router/index.js:646:15
      at next (node_modules/express/lib/router/index.js:265:14)
      at next (node_modules/express/lib/router/route.js:141:14)
      at next (src/controllers/aiController.js:20:12)
      at fn (src/middleware/error.js:9:19)
      at Layer.handle [as handle_request] (node_modules/express/lib/router/layer.js:95:5)
      at next (node_modules/express/lib/router/route.js:149:13)
      at Route.dispatch (node_modules/express/lib/router/route.js:119:3)
      at Layer.handle [as handle_request] (node_modules/express/lib/router/layer.js:95:5)
      at node_modules/express/lib/router/index.js:284:15
      at Function.process_params (node_modules/express/lib/router/index.js:346:12)
      at next (node_modules/express/lib/router/index.js:280:10)
      at next (src/middleware/auth.js:41:5)

[undefined] [[32minfo[39m]: [32m[0mPOST /api/ai/symptoms [33m400[0m 11.037 ms - 62[0m[39m
  console.error
    ErrorResponse: Not authorized to access this route
        at protect (C:\Users\anush\Desktop\anuprojects\Telemedicine Platform\src\middleware\auth.js:21:17)
        at Layer.handle [as handle_request] (C:\Users\anush\Desktop\anuprojects\Telemedicine Platform\node_modules\express\lib\router\layer.js:95:5)
        at trim_prefix (C:\Users\anush\Desktop\anuprojects\Telemedicine Platform\node_modules\express\lib\router\index.js:328:13)
        at C:\Users\anush\Desktop\anuprojects\Telemedicine Platform\node_modules\express\lib\router\index.js:286:9
        at Function.process_params (C:\Users\anush\Desktop\anuprojects\Telemedicine Platform\node_modules\express\lib\router\index.js:346:12)
        at next (C:\Users\anush\Desktop\anuprojects\Telemedicine Platform\node_modules\express\lib\router\index.js:280:10)
        at Function.handle (C:\Users\anush\Desktop\anuprojects\Telemedicine Platform\node_modules\express\lib\router\index.js:175:3)
        at router (C:\Users\anush\Desktop\anuprojects\Telemedicine Platform\node_modules\express\lib\router\index.js:47:12)
        at Layer.handle [as handle_request] (C:\Users\anush\Desktop\anuprojects\Telemedicine Platform\node_modules\express\lib\router\layer.js:95:5)
        at trim_prefix (C:\Users\anush\Desktop\anuprojects\Telemedicine Platform\node_modules\express\lib\router\index.js:328:13)
        at C:\Users\anush\Desktop\anuprojects\Telemedicine Platform\node_modules\express\lib\router\index.js:286:9
        at Function.process_params (C:\Users\anush\Desktop\anuprojects\Telemedicine Platform\node_modules\express\lib\router\index.js:346:12)
        at next (C:\Users\anush\Desktop\anuprojects\Telemedicine Platform\node_modules\express\lib\router\index.js:280:10)
        at logger (C:\Users\anush\Desktop\anuprojects\Telemedicine Platform\node_modules\morgan\index.js:144:5)
        at Layer.handle [as handle_request] (C:\Users\anush\Desktop\anuprojects\Telemedicine Platform\node_modules\express\lib\router\layer.js:95:5)
        at trim_prefix (C:\Users\anush\Desktop\anuprojects\Telemedicine Platform\node_modules\express\lib\router\index.js:328:13)
        at C:\Users\anush\Desktop\anuprojects\Telemedicine Platform\node_modules\express\lib\router\index.js:286:9
        at Function.process_params (C:\Users\anush\Desktop\anuprojects\Telemedicine Platform\node_modules\express\lib\router\index.js:346:12)
        at next (C:\Users\anush\Desktop\anuprojects\Telemedicine Platform\node_modules\express\lib\router\index.js:280:10)
        at cors (C:\Users\anush\Desktop\anuprojects\Telemedicine Platform\node_modules\cors\lib\index.js:188:7)
        at C:\Users\anush\Desktop\anuprojects\Telemedicine Platform\node_modules\cors\lib\index.js:224:17
        at callback (C:\Users\anush\Desktop\anuprojects\Telemedicine Platform\src\server.js:59:27)
        at C:\Users\anush\Desktop\anuprojects\Telemedicine Platform\node_modules\cors\lib\index.js:219:13
        at optionsCallback (C:\Users\anush\Desktop\anuprojects\Telemedicine Platform\node_modules\cors\lib\index.js:199:9)
        at corsMiddleware (C:\Users\anush\Desktop\anuprojects\Telemedicine Platform\node_modules\cors\lib\index.js:204:7)
        at Layer.handle [as handle_request] (C:\Users\anush\Desktop\anuprojects\Telemedicine Platform\node_modules\express\lib\router\layer.js:95:5)
        at trim_prefix (C:\Users\anush\Desktop\anuprojects\Telemedicine Platform\node_modules\express\lib\router\index.js:328:13)
        at C:\Users\anush\Desktop\anuprojects\Telemedicine Platform\node_modules\express\lib\router\index.js:286:9
        at Function.process_params (C:\Users\anush\Desktop\anuprojects\Telemedicine Platform\node_modules\express\lib\router\index.js:346:12)
        at next (C:\Users\anush\Desktop\anuprojects\Telemedicine Platform\node_modules\express\lib\router\index.js:280:10)
        at hpp (C:\Users\anush\Desktop\anuprojects\Telemedicine Platform\node_modules\hpp\lib\index.js:146:9)
        at Layer.handle [as handle_request] (C:\Users\anush\Desktop\anuprojects\Telemedicine Platform\node_modules\express\lib\router\layer.js:95:5)
        at trim_prefix (C:\Users\anush\Desktop\anuprojects\Telemedicine Platform\node_modules\express\lib\router\index.js:328:13)
        at C:\Users\anush\Desktop\anuprojects\Telemedicine Platform\node_modules\express\lib\router\index.js:286:9
        at Function.process_params (C:\Users\anush\Desktop\anuprojects\Telemedicine Platform\node_modules\express\lib\router\index.js:346:12)
        at next (C:\Users\anush\Desktop\anuprojects\Telemedicine Platform\node_modules\express\lib\router\index.js:280:10)
        at C:\Users\anush\Desktop\anuprojects\Telemedicine Platform\node_modules\express-mongo-sanitize\index.js:122:5
        at Layer.handle [as handle_request] (C:\Users\anush\Desktop\anuprojects\Telemedicine Platform\node_modules\express\lib\router\layer.js:95:5)
        at trim_prefix (C:\Users\anush\Desktop\anuprojects\Telemedicine Platform\node_modules\express\lib\router\index.js:328:13)
        at C:\Users\anush\Desktop\anuprojects\Telemedicine Platform\node_modules\express\lib\router\index.js:286:9
        at Function.process_params (C:\Users\anush\Desktop\anuprojects\Telemedicine Platform\node_modules\express\lib\router\index.js:346:12)
        at next (C:\Users\anush\Desktop\anuprojects\Telemedicine Platform\node_modules\express\lib\router\index.js:280:10)
        at next (C:\Users\anush\Desktop\anuprojects\Telemedicine Platform\node_modules\xss-clean\src\index.js:13:5)
        at Layer.handle [as handle_request] (C:\Users\anush\Desktop\anuprojects\Telemedicine Platform\node_modules\express\lib\router\layer.js:95:5)
        at trim_prefix (C:\Users\anush\Desktop\anuprojects\Telemedicine Platform\node_modules\express\lib\router\index.js:328:13)
        at C:\Users\anush\Desktop\anuprojects\Telemedicine Platform\node_modules\express\lib\router\index.js:286:9
        at Function.process_params (C:\Users\anush\Desktop\anuprojects\Telemedicine Platform\node_modules\express\lib\router\index.js:346:12)
        at next (C:\Users\anush\Desktop\anuprojects\Telemedicine Platform\node_modules\express\lib\router\index.js:280:10)
        at internalNext (C:\Users\anush\Desktop\anuprojects\Telemedicine Platform\node_modules\helmet\index.cjs:531:6)
        at xXssProtectionMiddleware (C:\Users\anush\Desktop\anuprojects\Telemedicine Platform\node_modules\helmet\index.cjs:311:3)
        at internalNext (C:\Users\anush\Desktop\anuprojects\Telemedicine Platform\node_modules\helmet\index.cjs:529:6)
        at xPoweredByMiddleware (C:\Users\anush\Desktop\anuprojects\Telemedicine Platform\node_modules\helmet\index.cjs:304:3)
        at internalNext (C:\Users\anush\Desktop\anuprojects\Telemedicine Platform\node_modules\helmet\index.cjs:529:6)
        at xPermittedCrossDomainPoliciesMiddleware (C:\Users\anush\Desktop\anuprojects\Telemedicine Platform\node_modules\helmet\index.cjs:297:3)
        at internalNext (C:\Users\anush\Desktop\anuprojects\Telemedicine Platform\node_modules\helmet\index.cjs:529:6)
        at xFrameOptionsMiddleware (C:\Users\anush\Desktop\anuprojects\Telemedicine Platform\node_modules\helmet\index.cjs:281:3)
        at internalNext (C:\Users\anush\Desktop\anuprojects\Telemedicine Platform\node_modules\helmet\index.cjs:529:6)
        at xDownloadOptionsMiddleware (C:\Users\anush\Desktop\anuprojects\Telemedicine Platform\node_modules\helmet\index.cjs:261:3)
        at internalNext (C:\Users\anush\Desktop\anuprojects\Telemedicine Platform\node_modules\helmet\index.cjs:529:6)
        at xDnsPrefetchControlMiddleware (C:\Users\anush\Desktop\anuprojects\Telemedicine Platform\node_modules\helmet\index.cjs:254:3)
        at internalNext (C:\Users\anush\Desktop\anuprojects\Telemedicine Platform\node_modules\helmet\index.cjs:529:6)
        at xContentTypeOptionsMiddleware (C:\Users\anush\Desktop\anuprojects\Telemedicine Platform\node_modules\helmet\index.cjs:246:3)
        at internalNext (C:\Users\anush\Desktop\anuprojects\Telemedicine Platform\node_modules\helmet\index.cjs:529:6)
        at strictTransportSecurityMiddleware (C:\Users\anush\Desktop\anuprojects\Telemedicine Platform\node_modules\helmet\index.cjs:239:3)
        at internalNext (C:\Users\anush\Desktop\anuprojects\Telemedicine Platform\node_modules\helmet\index.cjs:529:6)
        at referrerPolicyMiddleware (C:\Users\anush\Desktop\anuprojects\Telemedicine Platform\node_modules\helmet\index.cjs:207:3)
        at internalNext (C:\Users\anush\Desktop\anuprojects\Telemedicine Platform\node_modules\helmet\index.cjs:529:6)
        at originAgentClusterMiddleware (C:\Users\anush\Desktop\anuprojects\Telemedicine Platform\node_modules\helmet\index.cjs:182:3)
        at internalNext (C:\Users\anush\Desktop\anuprojects\Telemedicine Platform\node_modules\helmet\index.cjs:529:6)
        at crossOriginResourcePolicyMiddleware (C:\Users\anush\Desktop\anuprojects\Telemedicine Platform\node_modules\helmet\index.cjs:175:3)
        at internalNext (C:\Users\anush\Desktop\anuprojects\Telemedicine Platform\node_modules\helmet\index.cjs:529:6)
        at crossOriginOpenerPolicyMiddleware (C:\Users\anush\Desktop\anuprojects\Telemedicine Platform\node_modules\helmet\index.cjs:159:3)
        at internalNext (C:\Users\anush\Desktop\anuprojects\Telemedicine Platform\node_modules\helmet\index.cjs:529:6)
        at contentSecurityPolicyMiddleware (C:\Users\anush\Desktop\anuprojects\Telemedicine Platform\node_modules\helmet\index.cjs:124:4)
        at internalNext (C:\Users\anush\Desktop\anuprojects\Telemedicine Platform\node_modules\helmet\index.cjs:529:6)
        at helmetMiddleware (C:\Users\anush\Desktop\anuprojects\Telemedicine Platform\node_modules\helmet\index.cjs:533:6)
        at Layer.handle [as handle_request] (C:\Users\anush\Desktop\anuprojects\Telemedicine Platform\node_modules\express\lib\router\layer.js:95:5)
        at trim_prefix (C:\Users\anush\Desktop\anuprojects\Telemedicine Platform\node_modules\express\lib\router\index.js:328:13)
        at C:\Users\anush\Desktop\anuprojects\Telemedicine Platform\node_modules\express\lib\router\index.js:286:9
        at Function.process_params (C:\Users\anush\Desktop\anuprojects\Telemedicine Platform\node_modules\express\lib\router\index.js:346:12)
        at next (C:\Users\anush\Desktop\anuprojects\Telemedicine Platform\node_modules\express\lib\router\index.js:280:10)
        at C:\Users\anush\Desktop\anuprojects\Telemedicine Platform\node_modules\body-parser\lib\read.js:137:5
        at AsyncResource.runInAsyncScope (node:async_hooks:206:9)
        at invokeCallback (C:\Users\anush\Desktop\anuprojects\Telemedicine Platform\node_modules\raw-body\index.js:238:16)
        at done (C:\Users\anush\Desktop\anuprojects\Telemedicine Platform\node_modules\raw-body\index.js:227:7)
        at IncomingMessage.onEnd (C:\Users\anush\Desktop\anuprojects\Telemedicine Platform\node_modules\raw-body\index.js:287:7)
        at IncomingMessage.emit (node:events:524:28)
        at endReadableNT (node:internal/streams/readable:1698:12)
        at processTicksAndRejections (node:internal/process/task_queues:82:21) {
      statusCode: 401
    }

    [0m [90m 14 |[39m
     [90m 15 |[39m   [90m// Log to console for developer[39m
    [31m[1m>[22m[39m[90m 16 |[39m   console[33m.[39merror(err)[33m;[39m
     [90m    |[39m           [31m[1m^[22m[39m
     [90m 17 |[39m
     [90m 18 |[39m   [90m// Mongoose bad ObjectId[39m
     [90m 19 |[39m   [36mif[39m (err[33m.[39mname [33m===[39m [32m'CastError'[39m) {[0m

      at error (src/middleware/error.js:16:11)
      at Layer.handle_error (node_modules/express/lib/router/layer.js:71:5)
      at trim_prefix (node_modules/express/lib/router/index.js:326:13)
      at node_modules/express/lib/router/index.js:286:9
      at Function.process_params (node_modules/express/lib/router/index.js:346:12)
      at next (node_modules/express/lib/router/index.js:280:10)
      at node_modules/express/lib/router/index.js:646:15
      at next (node_modules/express/lib/router/index.js:265:14)
      at next (src/middleware/auth.js:21:12)
      at Layer.handle [as handle_request] (node_modules/express/lib/router/layer.js:95:5)
      at trim_prefix (node_modules/express/lib/router/index.js:328:13)
      at node_modules/express/lib/router/index.js:286:9
      at Function.process_params (node_modules/express/lib/router/index.js:346:12)
      at next (node_modules/express/lib/router/index.js:280:10)
      at Function.handle (node_modules/express/lib/router/index.js:175:3)
      at router (node_modules/express/lib/router/index.js:47:12)
      at Layer.handle [as handle_request] (node_modules/express/lib/router/layer.js:95:5)
      at trim_prefix (node_modules/express/lib/router/index.js:328:13)
      at node_modules/express/lib/router/index.js:286:9
      at Function.process_params (node_modules/express/lib/router/index.js:346:12)
      at next (node_modules/express/lib/router/index.js:280:10)
      at logger (node_modules/morgan/index.js:144:5)
      at Layer.handle [as handle_request] (node_modules/express/lib/router/layer.js:95:5)
      at trim_prefix (node_modules/express/lib/router/index.js:328:13)
      at node_modules/express/lib/router/index.js:286:9
      at Function.process_params (node_modules/express/lib/router/index.js:346:12)
      at next (node_modules/express/lib/router/index.js:280:10)
      at cors (node_modules/cors/lib/index.js:188:7)
      at node_modules/cors/lib/index.js:224:17
      at callback (src/server.js:59:27)
      at node_modules/cors/lib/index.js:219:13
      at optionsCallback (node_modules/cors/lib/index.js:199:9)
      at corsMiddleware (node_modules/cors/lib/index.js:204:7)
      at Layer.handle [as handle_request] (node_modules/express/lib/router/layer.js:95:5)
      at trim_prefix (node_modules/express/lib/router/index.js:328:13)
      at node_modules/express/lib/router/index.js:286:9
      at Function.process_params (node_modules/express/lib/router/index.js:346:12)
      at next (node_modules/express/lib/router/index.js:280:10)
      at hpp (node_modules/hpp/lib/index.js:146:9)
      at Layer.handle [as handle_request] (node_modules/express/lib/router/layer.js:95:5)
      at trim_prefix (node_modules/express/lib/router/index.js:328:13)
      at node_modules/express/lib/router/index.js:286:9
      at Function.process_params (node_modules/express/lib/router/index.js:346:12)
      at next (node_modules/express/lib/router/index.js:280:10)
      at node_modules/express-mongo-sanitize/index.js:122:5
      at Layer.handle [as handle_request] (node_modules/express/lib/router/layer.js:95:5)
      at trim_prefix (node_modules/express/lib/router/index.js:328:13)
      at node_modules/express/lib/router/index.js:286:9
      at Function.process_params (node_modules/express/lib/router/index.js:346:12)
      at next (node_modules/express/lib/router/index.js:280:10)
      at next (node_modules/xss-clean/src/index.js:13:5)
      at Layer.handle [as handle_request] (node_modules/express/lib/router/layer.js:95:5)
      at trim_prefix (node_modules/express/lib/router/index.js:328:13)
      at node_modules/express/lib/router/index.js:286:9
      at Function.process_params (node_modules/express/lib/router/index.js:346:12)
      at next (node_modules/express/lib/router/index.js:280:10)
      at internalNext (node_modules/helmet/index.cjs:531:6)
      at xXssProtectionMiddleware (node_modules/helmet/index.cjs:311:3)
      at internalNext (node_modules/helmet/index.cjs:529:6)
      at xPoweredByMiddleware (node_modules/helmet/index.cjs:304:3)
      at internalNext (node_modules/helmet/index.cjs:529:6)
      at xPermittedCrossDomainPoliciesMiddleware (node_modules/helmet/index.cjs:297:3)
      at internalNext (node_modules/helmet/index.cjs:529:6)
      at xFrameOptionsMiddleware (node_modules/helmet/index.cjs:281:3)
      at internalNext (node_modules/helmet/index.cjs:529:6)
      at xDownloadOptionsMiddleware (node_modules/helmet/index.cjs:261:3)
      at internalNext (node_modules/helmet/index.cjs:529:6)
      at xDnsPrefetchControlMiddleware (node_modules/helmet/index.cjs:254:3)
      at internalNext (node_modules/helmet/index.cjs:529:6)
      at xContentTypeOptionsMiddleware (node_modules/helmet/index.cjs:246:3)
      at internalNext (node_modules/helmet/index.cjs:529:6)
      at strictTransportSecurityMiddleware (node_modules/helmet/index.cjs:239:3)
      at internalNext (node_modules/helmet/index.cjs:529:6)
      at referrerPolicyMiddleware (node_modules/helmet/index.cjs:207:3)
      at internalNext (node_modules/helmet/index.cjs:529:6)
      at originAgentClusterMiddleware (node_modules/helmet/index.cjs:182:3)
      at internalNext (node_modules/helmet/index.cjs:529:6)
      at crossOriginResourcePolicyMiddleware (node_modules/helmet/index.cjs:175:3)
      at internalNext (node_modules/helmet/index.cjs:529:6)
      at crossOriginOpenerPolicyMiddleware (node_modules/helmet/index.cjs:159:3)
      at internalNext (node_modules/helmet/index.cjs:529:6)
      at contentSecurityPolicyMiddleware (node_modules/helmet/index.cjs:124:4)
      at internalNext (node_modules/helmet/index.cjs:529:6)
      at helmetMiddleware (node_modules/helmet/index.cjs:533:6)
      at Layer.handle [as handle_request] (node_modules/express/lib/router/layer.js:95:5)
      at trim_prefix (node_modules/express/lib/router/index.js:328:13)
      at node_modules/express/lib/router/index.js:286:9
      at Function.process_params (node_modules/express/lib/router/index.js:346:12)
      at next (node_modules/express/lib/router/index.js:280:10)
      at node_modules/body-parser/lib/read.js:137:5
      at invokeCallback (node_modules/raw-body/index.js:238:16)
      at done (node_modules/raw-body/index.js:227:7)
      at IncomingMessage.onEnd (node_modules/raw-body/index.js:287:7)

[undefined] [[32minfo[39m]: [32m[0mPOST /api/ai/symptoms [33m401[0m 23.169 ms - 63[0m[39m
  console.warn
    OPENAI_API_KEY is not configured. Falling back to Mock AI engine.

    [0m [90m  5 |[39m   [36mconst[39m apiKey [33m=[39m process[33m.[39menv[33m.[39m[33mOPENAI_API_KEY[39m[33m;[39m
     [90m  6 |[39m   [36mif[39m ([33m![39mapiKey [33m||[39m apiKey [33m===[39m [32m'your_openai_api_key'[39m) {
    [31m[1m>[22m[39m[90m  7 |[39m     console[33m.[39mwarn([32m'OPENAI_API_KEY is not configured. Falling back to Mock AI engine.'[39m)[33m;[39m
     [90m    |[39m             [31m[1m^[22m[39m
     [90m  8 |[39m     [36mreturn[39m [36mnull[39m[33m;[39m
     [90m  9 |[39m   }
     [90m 10 |[39m   [36mreturn[39m [36mnew[39m [33mOpenAI[39m({ apiKey })[33m;[39m[0m

      at warn (src/controllers/aiController.js:7:13)
      at getOpenAIClient (src/controllers/aiController.js:98:18)
      at fn (src/middleware/error.js:9:19)
      at Layer.handle [as handle_request] (node_modules/express/lib/router/layer.js:95:5)
      at next (node_modules/express/lib/router/route.js:149:13)
      at Route.dispatch (node_modules/express/lib/router/route.js:119:3)
      at Layer.handle [as handle_request] (node_modules/express/lib/router/layer.js:95:5)
      at node_modules/express/lib/router/index.js:284:15
      at Function.process_params (node_modules/express/lib/router/index.js:346:12)
      at next (node_modules/express/lib/router/index.js:280:10)
      at next (src/middleware/auth.js:41:5)

[undefined] [[32minfo[39m]: [32m[0mPOST /api/ai/prescription-summary [32m200[0m 12.132 ms - 267[0m[39m
  console.error
    ErrorResponse: Please provide prescription text to summarize
        at C:\Users\anush\Desktop\anuprojects\Telemedicine Platform\src\controllers\aiController.js:95:17
        at fn (C:\Users\anush\Desktop\anuprojects\Telemedicine Platform\src\middleware\error.js:9:19)
        at Layer.handle [as handle_request] (C:\Users\anush\Desktop\anuprojects\Telemedicine Platform\node_modules\express\lib\router\layer.js:95:5)
        at next (C:\Users\anush\Desktop\anuprojects\Telemedicine Platform\node_modules\express\lib\router\route.js:149:13)
        at Route.dispatch (C:\Users\anush\Desktop\anuprojects\Telemedicine Platform\node_modules\express\lib\router\route.js:119:3)
        at Layer.handle [as handle_request] (C:\Users\anush\Desktop\anuprojects\Telemedicine Platform\node_modules\express\lib\router\layer.js:95:5)
        at C:\Users\anush\Desktop\anuprojects\Telemedicine Platform\node_modules\express\lib\router\index.js:284:15
        at Function.process_params (C:\Users\anush\Desktop\anuprojects\Telemedicine Platform\node_modules\express\lib\router\index.js:346:12)
        at next (C:\Users\anush\Desktop\anuprojects\Telemedicine Platform\node_modules\express\lib\router\index.js:280:10)
        at next (C:\Users\anush\Desktop\anuprojects\Telemedicine Platform\src\middleware\auth.js:41:5)
        at processTicksAndRejections (node:internal/process/task_queues:95:5) {
      statusCode: 400
    }

    [0m [90m 14 |[39m
     [90m 15 |[39m   [90m// Log to console for developer[39m
    [31m[1m>[22m[39m[90m 16 |[39m   console[33m.[39merror(err)[33m;[39m
     [90m    |[39m           [31m[1m^[22m[39m
     [90m 17 |[39m
     [90m 18 |[39m   [90m// Mongoose bad ObjectId[39m
     [90m 19 |[39m   [36mif[39m (err[33m.[39mname [33m===[39m [32m'CastError'[39m) {[0m

      at error (src/middleware/error.js:16:11)
      at Layer.handle_error (node_modules/express/lib/router/layer.js:71:5)
      at trim_prefix (node_modules/express/lib/router/index.js:326:13)
      at node_modules/express/lib/router/index.js:286:9
      at Function.process_params (node_modules/express/lib/router/index.js:346:12)
      at Immediate.next (node_modules/express/lib/router/index.js:280:10)
      at Immediate._onImmediate (node_modules/express/lib/router/index.js:646:15)

[undefined] [[32minfo[39m]: [32m[0mPOST /api/ai/prescription-summary [33m400[0m 9.315 ms - 73[0m[39m
  console.error
    ErrorResponse: Not authorized to access this route
        at protect (C:\Users\anush\Desktop\anuprojects\Telemedicine Platform\src\middleware\auth.js:21:17)
        at Layer.handle [as handle_request] (C:\Users\anush\Desktop\anuprojects\Telemedicine Platform\node_modules\express\lib\router\layer.js:95:5)
        at trim_prefix (C:\Users\anush\Desktop\anuprojects\Telemedicine Platform\node_modules\express\lib\router\index.js:328:13)
        at C:\Users\anush\Desktop\anuprojects\Telemedicine Platform\node_modules\express\lib\router\index.js:286:9
        at Function.process_params (C:\Users\anush\Desktop\anuprojects\Telemedicine Platform\node_modules\express\lib\router\index.js:346:12)
        at next (C:\Users\anush\Desktop\anuprojects\Telemedicine Platform\node_modules\express\lib\router\index.js:280:10)
        at Function.handle (C:\Users\anush\Desktop\anuprojects\Telemedicine Platform\node_modules\express\lib\router\index.js:175:3)
        at router (C:\Users\anush\Desktop\anuprojects\Telemedicine Platform\node_modules\express\lib\router\index.js:47:12)
        at Layer.handle [as handle_request] (C:\Users\anush\Desktop\anuprojects\Telemedicine Platform\node_modules\express\lib\router\layer.js:95:5)
        at trim_prefix (C:\Users\anush\Desktop\anuprojects\Telemedicine Platform\node_modules\express\lib\router\index.js:328:13)
        at C:\Users\anush\Desktop\anuprojects\Telemedicine Platform\node_modules\express\lib\router\index.js:286:9
        at Function.process_params (C:\Users\anush\Desktop\anuprojects\Telemedicine Platform\node_modules\express\lib\router\index.js:346:12)
        at next (C:\Users\anush\Desktop\anuprojects\Telemedicine Platform\node_modules\express\lib\router\index.js:280:10)
        at logger (C:\Users\anush\Desktop\anuprojects\Telemedicine Platform\node_modules\morgan\index.js:144:5)
        at Layer.handle [as handle_request] (C:\Users\anush\Desktop\anuprojects\Telemedicine Platform\node_modules\express\lib\router\layer.js:95:5)
        at trim_prefix (C:\Users\anush\Desktop\anuprojects\Telemedicine Platform\node_modules\express\lib\router\index.js:328:13)
        at C:\Users\anush\Desktop\anuprojects\Telemedicine Platform\node_modules\express\lib\router\index.js:286:9
        at Function.process_params (C:\Users\anush\Desktop\anuprojects\Telemedicine Platform\node_modules\express\lib\router\index.js:346:12)
        at next (C:\Users\anush\Desktop\anuprojects\Telemedicine Platform\node_modules\express\lib\router\index.js:280:10)
        at cors (C:\Users\anush\Desktop\anuprojects\Telemedicine Platform\node_modules\cors\lib\index.js:188:7)
        at C:\Users\anush\Desktop\anuprojects\Telemedicine Platform\node_modules\cors\lib\index.js:224:17
        at callback (C:\Users\anush\Desktop\anuprojects\Telemedicine Platform\src\server.js:59:27)
        at C:\Users\anush\Desktop\anuprojects\Telemedicine Platform\node_modules\cors\lib\index.js:219:13
        at optionsCallback (C:\Users\anush\Desktop\anuprojects\Telemedicine Platform\node_modules\cors\lib\index.js:199:9)
        at corsMiddleware (C:\Users\anush\Desktop\anuprojects\Telemedicine Platform\node_modules\cors\lib\index.js:204:7)
        at Layer.handle [as handle_request] (C:\Users\anush\Desktop\anuprojects\Telemedicine Platform\node_modules\express\lib\router\layer.js:95:5)
        at trim_prefix (C:\Users\anush\Desktop\anuprojects\Telemedicine Platform\node_modules\express\lib\router\index.js:328:13)
        at C:\Users\anush\Desktop\anuprojects\Telemedicine Platform\node_modules\express\lib\router\index.js:286:9
        at Function.process_params (C:\Users\anush\Desktop\anuprojects\Telemedicine Platform\node_modules\express\lib\router\index.js:346:12)
        at next (C:\Users\anush\Desktop\anuprojects\Telemedicine Platform\node_modules\express\lib\router\index.js:280:10)
        at hpp (C:\Users\anush\Desktop\anuprojects\Telemedicine Platform\node_modules\hpp\lib\index.js:146:9)
        at Layer.handle [as handle_request] (C:\Users\anush\Desktop\anuprojects\Telemedicine Platform\node_modules\express\lib\router\layer.js:95:5)
        at trim_prefix (C:\Users\anush\Desktop\anuprojects\Telemedicine Platform\node_modules\express\lib\router\index.js:328:13)
        at C:\Users\anush\Desktop\anuprojects\Telemedicine Platform\node_modules\express\lib\router\index.js:286:9
        at Function.process_params (C:\Users\anush\Desktop\anuprojects\Telemedicine Platform\node_modules\express\lib\router\index.js:346:12)
        at next (C:\Users\anush\Desktop\anuprojects\Telemedicine Platform\node_modules\express\lib\router\index.js:280:10)
        at C:\Users\anush\Desktop\anuprojects\Telemedicine Platform\node_modules\express-mongo-sanitize\index.js:122:5
        at Layer.handle [as handle_request] (C:\Users\anush\Desktop\anuprojects\Telemedicine Platform\node_modules\express\lib\router\layer.js:95:5)
        at trim_prefix (C:\Users\anush\Desktop\anuprojects\Telemedicine Platform\node_modules\express\lib\router\index.js:328:13)
        at C:\Users\anush\Desktop\anuprojects\Telemedicine Platform\node_modules\express\lib\router\index.js:286:9
        at Function.process_params (C:\Users\anush\Desktop\anuprojects\Telemedicine Platform\node_modules\express\lib\router\index.js:346:12)
        at next (C:\Users\anush\Desktop\anuprojects\Telemedicine Platform\node_modules\express\lib\router\index.js:280:10)
        at next (C:\Users\anush\Desktop\anuprojects\Telemedicine Platform\node_modules\xss-clean\src\index.js:13:5)
        at Layer.handle [as handle_request] (C:\Users\anush\Desktop\anuprojects\Telemedicine Platform\node_modules\express\lib\router\layer.js:95:5)
        at trim_prefix (C:\Users\anush\Desktop\anuprojects\Telemedicine Platform\node_modules\express\lib\router\index.js:328:13)
        at C:\Users\anush\Desktop\anuprojects\Telemedicine Platform\node_modules\express\lib\router\index.js:286:9
        at Function.process_params (C:\Users\anush\Desktop\anuprojects\Telemedicine Platform\node_modules\express\lib\router\index.js:346:12)
        at next (C:\Users\anush\Desktop\anuprojects\Telemedicine Platform\node_modules\express\lib\router\index.js:280:10)
        at internalNext (C:\Users\anush\Desktop\anuprojects\Telemedicine Platform\node_modules\helmet\index.cjs:531:6)
        at xXssProtectionMiddleware (C:\Users\anush\Desktop\anuprojects\Telemedicine Platform\node_modules\helmet\index.cjs:311:3)
        at internalNext (C:\Users\anush\Desktop\anuprojects\Telemedicine Platform\node_modules\helmet\index.cjs:529:6)
        at xPoweredByMiddleware (C:\Users\anush\Desktop\anuprojects\Telemedicine Platform\node_modules\helmet\index.cjs:304:3)
        at internalNext (C:\Users\anush\Desktop\anuprojects\Telemedicine Platform\node_modules\helmet\index.cjs:529:6)
        at xPermittedCrossDomainPoliciesMiddleware (C:\Users\anush\Desktop\anuprojects\Telemedicine Platform\node_modules\helmet\index.cjs:297:3)
        at internalNext (C:\Users\anush\Desktop\anuprojects\Telemedicine Platform\node_modules\helmet\index.cjs:529:6)
        at xFrameOptionsMiddleware (C:\Users\anush\Desktop\anuprojects\Telemedicine Platform\node_modules\helmet\index.cjs:281:3)
        at internalNext (C:\Users\anush\Desktop\anuprojects\Telemedicine Platform\node_modules\helmet\index.cjs:529:6)
        at xDownloadOptionsMiddleware (C:\Users\anush\Desktop\anuprojects\Telemedicine Platform\node_modules\helmet\index.cjs:261:3)
        at internalNext (C:\Users\anush\Desktop\anuprojects\Telemedicine Platform\node_modules\helmet\index.cjs:529:6)
        at xDnsPrefetchControlMiddleware (C:\Users\anush\Desktop\anuprojects\Telemedicine Platform\node_modules\helmet\index.cjs:254:3)
        at internalNext (C:\Users\anush\Desktop\anuprojects\Telemedicine Platform\node_modules\helmet\index.cjs:529:6)
        at xContentTypeOptionsMiddleware (C:\Users\anush\Desktop\anuprojects\Telemedicine Platform\node_modules\helmet\index.cjs:246:3)
        at internalNext (C:\Users\anush\Desktop\anuprojects\Telemedicine Platform\node_modules\helmet\index.cjs:529:6)
        at strictTransportSecurityMiddleware (C:\Users\anush\Desktop\anuprojects\Telemedicine Platform\node_modules\helmet\index.cjs:239:3)
        at internalNext (C:\Users\anush\Desktop\anuprojects\Telemedicine Platform\node_modules\helmet\index.cjs:529:6)
        at referrerPolicyMiddleware (C:\Users\anush\Desktop\anuprojects\Telemedicine Platform\node_modules\helmet\index.cjs:207:3)
        at internalNext (C:\Users\anush\Desktop\anuprojects\Telemedicine Platform\node_modules\helmet\index.cjs:529:6)
        at originAgentClusterMiddleware (C:\Users\anush\Desktop\anuprojects\Telemedicine Platform\node_modules\helmet\index.cjs:182:3)
        at internalNext (C:\Users\anush\Desktop\anuprojects\Telemedicine Platform\node_modules\helmet\index.cjs:529:6)
        at crossOriginResourcePolicyMiddleware (C:\Users\anush\Desktop\anuprojects\Telemedicine Platform\node_modules\helmet\index.cjs:175:3)
        at internalNext (C:\Users\anush\Desktop\anuprojects\Telemedicine Platform\node_modules\helmet\index.cjs:529:6)
        at crossOriginOpenerPolicyMiddleware (C:\Users\anush\Desktop\anuprojects\Telemedicine Platform\node_modules\helmet\index.cjs:159:3)
        at internalNext (C:\Users\anush\Desktop\anuprojects\Telemedicine Platform\node_modules\helmet\index.cjs:529:6)
        at contentSecurityPolicyMiddleware (C:\Users\anush\Desktop\anuprojects\Telemedicine Platform\node_modules\helmet\index.cjs:124:4)
        at internalNext (C:\Users\anush\Desktop\anuprojects\Telemedicine Platform\node_modules\helmet\index.cjs:529:6)
        at helmetMiddleware (C:\Users\anush\Desktop\anuprojects\Telemedicine Platform\node_modules\helmet\index.cjs:533:6)
        at Layer.handle [as handle_request] (C:\Users\anush\Desktop\anuprojects\Telemedicine Platform\node_modules\express\lib\router\layer.js:95:5)
        at trim_prefix (C:\Users\anush\Desktop\anuprojects\Telemedicine Platform\node_modules\express\lib\router\index.js:328:13)
        at C:\Users\anush\Desktop\anuprojects\Telemedicine Platform\node_modules\express\lib\router\index.js:286:9
        at Function.process_params (C:\Users\anush\Desktop\anuprojects\Telemedicine Platform\node_modules\express\lib\router\index.js:346:12)
        at next (C:\Users\anush\Desktop\anuprojects\Telemedicine Platform\node_modules\express\lib\router\index.js:280:10)
        at C:\Users\anush\Desktop\anuprojects\Telemedicine Platform\node_modules\body-parser\lib\read.js:137:5
        at AsyncResource.runInAsyncScope (node:async_hooks:206:9)
        at invokeCallback (C:\Users\anush\Desktop\anuprojects\Telemedicine Platform\node_modules\raw-body\index.js:238:16)
        at done (C:\Users\anush\Desktop\anuprojects\Telemedicine Platform\node_modules\raw-body\index.js:227:7)
        at IncomingMessage.onEnd (C:\Users\anush\Desktop\anuprojects\Telemedicine Platform\node_modules\raw-body\index.js:287:7)
        at IncomingMessage.emit (node:events:524:28)
        at endReadableNT (node:internal/streams/readable:1698:12)
        at processTicksAndRejections (node:internal/process/task_queues:82:21) {
      statusCode: 401
    }

    [0m [90m 14 |[39m
     [90m 15 |[39m   [90m// Log to console for developer[39m
    [31m[1m>[22m[39m[90m 16 |[39m   console[33m.[39merror(err)[33m;[39m
     [90m    |[39m           [31m[1m^[22m[39m
     [90m 17 |[39m
     [90m 18 |[39m   [90m// Mongoose bad ObjectId[39m
     [90m 19 |[39m   [36mif[39m (err[33m.[39mname [33m===[39m [32m'CastError'[39m) {[0m

      at error (src/middleware/error.js:16:11)
      at Layer.handle_error (node_modules/express/lib/router/layer.js:71:5)
      at trim_prefix (node_modules/express/lib/router/index.js:326:13)
      at node_modules/express/lib/router/index.js:286:9
      at Function.process_params (node_modules/express/lib/router/index.js:346:12)
      at next (node_modules/express/lib/router/index.js:280:10)
      at node_modules/express/lib/router/index.js:646:15
      at next (node_modules/express/lib/router/index.js:265:14)
      at next (src/middleware/auth.js:21:12)
      at Layer.handle [as handle_request] (node_modules/express/lib/router/layer.js:95:5)
      at trim_prefix (node_modules/express/lib/router/index.js:328:13)
      at node_modules/express/lib/router/index.js:286:9
      at Function.process_params (node_modules/express/lib/router/index.js:346:12)
      at next (node_modules/express/lib/router/index.js:280:10)
      at Function.handle (node_modules/express/lib/router/index.js:175:3)
      at router (node_modules/express/lib/router/index.js:47:12)
      at Layer.handle [as handle_request] (node_modules/express/lib/router/layer.js:95:5)
      at trim_prefix (node_modules/express/lib/router/index.js:328:13)
      at node_modules/express/lib/router/index.js:286:9
      at Function.process_params (node_modules/express/lib/router/index.js:346:12)
      at next (node_modules/express/lib/router/index.js:280:10)
      at logger (node_modules/morgan/index.js:144:5)
      at Layer.handle [as handle_request] (node_modules/express/lib/router/layer.js:95:5)
      at trim_prefix (node_modules/express/lib/router/index.js:328:13)
      at node_modules/express/lib/router/index.js:286:9
      at Function.process_params (node_modules/express/lib/router/index.js:346:12)
      at next (node_modules/express/lib/router/index.js:280:10)
      at cors (node_modules/cors/lib/index.js:188:7)
      at node_modules/cors/lib/index.js:224:17
      at callback (src/server.js:59:27)
      at node_modules/cors/lib/index.js:219:13
      at optionsCallback (node_modules/cors/lib/index.js:199:9)
      at corsMiddleware (node_modules/cors/lib/index.js:204:7)
      at Layer.handle [as handle_request] (node_modules/express/lib/router/layer.js:95:5)
      at trim_prefix (node_modules/express/lib/router/index.js:328:13)
      at node_modules/express/lib/router/index.js:286:9
      at Function.process_params (node_modules/express/lib/router/index.js:346:12)
      at next (node_modules/express/lib/router/index.js:280:10)
      at hpp (node_modules/hpp/lib/index.js:146:9)
      at Layer.handle [as handle_request] (node_modules/express/lib/router/layer.js:95:5)
      at trim_prefix (node_modules/express/lib/router/index.js:328:13)
      at node_modules/express/lib/router/index.js:286:9
      at Function.process_params (node_modules/express/lib/router/index.js:346:12)
      at next (node_modules/express/lib/router/index.js:280:10)
      at node_modules/express-mongo-sanitize/index.js:122:5
      at Layer.handle [as handle_request] (node_modules/express/lib/router/layer.js:95:5)
      at trim_prefix (node_modules/express/lib/router/index.js:328:13)
      at node_modules/express/lib/router/index.js:286:9
      at Function.process_params (node_modules/express/lib/router/index.js:346:12)
      at next (node_modules/express/lib/router/index.js:280:10)
      at next (node_modules/xss-clean/src/index.js:13:5)
      at Layer.handle [as handle_request] (node_modules/express/lib/router/layer.js:95:5)
      at trim_prefix (node_modules/express/lib/router/index.js:328:13)
      at node_modules/express/lib/router/index.js:286:9
      at Function.process_params (node_modules/express/lib/router/index.js:346:12)
      at next (node_modules/express/lib/router/index.js:280:10)
      at internalNext (node_modules/helmet/index.cjs:531:6)
      at xXssProtectionMiddleware (node_modules/helmet/index.cjs:311:3)
      at internalNext (node_modules/helmet/index.cjs:529:6)
      at xPoweredByMiddleware (node_modules/helmet/index.cjs:304:3)
      at internalNext (node_modules/helmet/index.cjs:529:6)
      at xPermittedCrossDomainPoliciesMiddleware (node_modules/helmet/index.cjs:297:3)
      at internalNext (node_modules/helmet/index.cjs:529:6)
      at xFrameOptionsMiddleware (node_modules/helmet/index.cjs:281:3)
      at internalNext (node_modules/helmet/index.cjs:529:6)
      at xDownloadOptionsMiddleware (node_modules/helmet/index.cjs:261:3)
      at internalNext (node_modules/helmet/index.cjs:529:6)
      at xDnsPrefetchControlMiddleware (node_modules/helmet/index.cjs:254:3)
      at internalNext (node_modules/helmet/index.cjs:529:6)
      at xContentTypeOptionsMiddleware (node_modules/helmet/index.cjs:246:3)
      at internalNext (node_modules/helmet/index.cjs:529:6)
      at strictTransportSecurityMiddleware (node_modules/helmet/index.cjs:239:3)
      at internalNext (node_modules/helmet/index.cjs:529:6)
      at referrerPolicyMiddleware (node_modules/helmet/index.cjs:207:3)
      at internalNext (node_modules/helmet/index.cjs:529:6)
      at originAgentClusterMiddleware (node_modules/helmet/index.cjs:182:3)
      at internalNext (node_modules/helmet/index.cjs:529:6)
      at crossOriginResourcePolicyMiddleware (node_modules/helmet/index.cjs:175:3)
      at internalNext (node_modules/helmet/index.cjs:529:6)
      at crossOriginOpenerPolicyMiddleware (node_modules/helmet/index.cjs:159:3)
      at internalNext (node_modules/helmet/index.cjs:529:6)
      at contentSecurityPolicyMiddleware (node_modules/helmet/index.cjs:124:4)
      at internalNext (node_modules/helmet/index.cjs:529:6)
      at helmetMiddleware (node_modules/helmet/index.cjs:533:6)
      at Layer.handle [as handle_request] (node_modules/express/lib/router/layer.js:95:5)
      at trim_prefix (node_modules/express/lib/router/index.js:328:13)
      at node_modules/express/lib/router/index.js:286:9
      at Function.process_params (node_modules/express/lib/router/index.js:346:12)
      at next (node_modules/express/lib/router/index.js:280:10)
      at node_modules/body-parser/lib/read.js:137:5
      at invokeCallback (node_modules/raw-body/index.js:238:16)
      at done (node_modules/raw-body/index.js:227:7)
      at IncomingMessage.onEnd (node_modules/raw-body/index.js:287:7)

[undefined] [[32minfo[39m]: [32m[0mPOST /api/ai/prescription-summary [33m401[0m 18.314 ms - 63[0m[39m
PASS tests/ai.test.js
  AI API
    POST /api/ai/symptoms
      ΓêÜ returns possible conditions for valid symptoms (mock fallback) (65 ms)
      ΓêÜ returns a recommendation field (28 ms)
      ΓêÜ returns 400 for empty symptoms (38 ms)
      ΓêÜ returns 400 for missing symptoms field (26 ms)
      ΓêÜ rejects unauthenticated request (38 ms)
    POST /api/ai/prescription-summary
      ΓêÜ structures prescription text into medicines list (mock fallback) (31 ms)
      ΓêÜ returns 400 for empty prescription text (27 ms)
      ΓêÜ rejects unauthenticated request (38 ms)

  console.log
    MongoDB Connected: localhost

      at log (src/config/db.js:6:13)


  ΓùÅ  Cannot log after tests are done. Did you forget to wait for something async in your test?
    Attempted to log "Using Ethereal Mail test credentials: cqgbictbemlnkfev@ethereal.email".

    [0m [90m 18 |[39m     [36mtry[39m {
     [90m 19 |[39m       [36mconst[39m testAccount [33m=[39m [36mawait[39m 
nodemailer[33m.[39mcreateTestAccount()[33m;[39m
    [31m[1m>[22m[39m[90m 20 |[39m       console[33m.[39mlog([32m'Using Ethereal Mail test 
credentials:'[39m[33m,[39m testAccount[33m.[39muser)[33m;[39m
     [90m    |[39m               [31m[1m^[22m[39m
     [90m 21 |[39m       [36mreturn[39m nodemailer[33m.[39mcreateTransport({
     [90m 22 |[39m         host[33m:[39m [32m'smtp.ethereal.email'[39m[33m,[39m
     [90m 23 |[39m         port[33m:[39m [35m587[39m[33m,[39m[0m

      at console.log (node_modules/@jest/console/build/index.js:311:10)
      at log (src/services/emailService.js:20:15)
      at getTransporter (src/services/emailService.js:50:19)
      at sendEmail (src/services/emailService.js:56:27)

[undefined] [[32minfo[39m]: [32m[0mPOST /api/auth/register [32m201[0m 233.666 ms - 569[0m[39m
[undefined] [[32minfo[39m]: [32m[0mPOST /api/auth/register [32m201[0m 122.444 ms - 506[0m[39m
[undefined] [[32minfo[39m]: [32m[0mPUT /api/availability/me/availability [32m200[0m 29.255 ms - 278[0m[39m
[undefined] [[32minfo[39m]: [32m[0mPOST /api/appointments [32m201[0m 50.508 ms - 466[0m[39m
  console.error
    ErrorResponse: Not authorized to access this route
        at protect (C:\Users\anush\Desktop\anuprojects\Telemedicine Platform\src\middleware\auth.js:21:17)
        at Layer.handle [as handle_request] (C:\Users\anush\Desktop\anuprojects\Telemedicine Platform\node_modules\express\lib\router\layer.js:95:5)
        at trim_prefix (C:\Users\anush\Desktop\anuprojects\Telemedicine Platform\node_modules\express\lib\router\index.js:328:13)
        at C:\Users\anush\Desktop\anuprojects\Telemedicine Platform\node_modules\express\lib\router\index.js:286:9
        at Function.process_params (C:\Users\anush\Desktop\anuprojects\Telemedicine Platform\node_modules\express\lib\router\index.js:346:12)
        at next (C:\Users\anush\Desktop\anuprojects\Telemedicine Platform\node_modules\express\lib\router\index.js:280:10)
        at Function.handle (C:\Users\anush\Desktop\anuprojects\Telemedicine Platform\node_modules\express\lib\router\index.js:175:3)
        at router (C:\Users\anush\Desktop\anuprojects\Telemedicine Platform\node_modules\express\lib\router\index.js:47:12)
        at Layer.handle [as handle_request] (C:\Users\anush\Desktop\anuprojects\Telemedicine Platform\node_modules\express\lib\router\layer.js:95:5)
        at trim_prefix (C:\Users\anush\Desktop\anuprojects\Telemedicine Platform\node_modules\express\lib\router\index.js:328:13)
        at C:\Users\anush\Desktop\anuprojects\Telemedicine Platform\node_modules\express\lib\router\index.js:286:9
        at Function.process_params (C:\Users\anush\Desktop\anuprojects\Telemedicine Platform\node_modules\express\lib\router\index.js:346:12)
        at next (C:\Users\anush\Desktop\anuprojects\Telemedicine Platform\node_modules\express\lib\router\index.js:280:10)
        at logger (C:\Users\anush\Desktop\anuprojects\Telemedicine Platform\node_modules\morgan\index.js:144:5)
        at Layer.handle [as handle_request] (C:\Users\anush\Desktop\anuprojects\Telemedicine Platform\node_modules\express\lib\router\layer.js:95:5)
        at trim_prefix (C:\Users\anush\Desktop\anuprojects\Telemedicine Platform\node_modules\express\lib\router\index.js:328:13)
        at C:\Users\anush\Desktop\anuprojects\Telemedicine Platform\node_modules\express\lib\router\index.js:286:9
        at Function.process_params (C:\Users\anush\Desktop\anuprojects\Telemedicine Platform\node_modules\express\lib\router\index.js:346:12)
        at next (C:\Users\anush\Desktop\anuprojects\Telemedicine Platform\node_modules\express\lib\router\index.js:280:10)
        at cors (C:\Users\anush\Desktop\anuprojects\Telemedicine Platform\node_modules\cors\lib\index.js:188:7)
        at C:\Users\anush\Desktop\anuprojects\Telemedicine Platform\node_modules\cors\lib\index.js:224:17
        at callback (C:\Users\anush\Desktop\anuprojects\Telemedicine Platform\src\server.js:59:27)
        at C:\Users\anush\Desktop\anuprojects\Telemedicine Platform\node_modules\cors\lib\index.js:219:13
        at optionsCallback (C:\Users\anush\Desktop\anuprojects\Telemedicine Platform\node_modules\cors\lib\index.js:199:9)
        at corsMiddleware (C:\Users\anush\Desktop\anuprojects\Telemedicine Platform\node_modules\cors\lib\index.js:204:7)
        at Layer.handle [as handle_request] (C:\Users\anush\Desktop\anuprojects\Telemedicine Platform\node_modules\express\lib\router\layer.js:95:5)
        at trim_prefix (C:\Users\anush\Desktop\anuprojects\Telemedicine Platform\node_modules\express\lib\router\index.js:328:13)
        at C:\Users\anush\Desktop\anuprojects\Telemedicine Platform\node_modules\express\lib\router\index.js:286:9
        at Function.process_params (C:\Users\anush\Desktop\anuprojects\Telemedicine Platform\node_modules\express\lib\router\index.js:346:12)
        at next (C:\Users\anush\Desktop\anuprojects\Telemedicine Platform\node_modules\express\lib\router\index.js:280:10)
        at hpp (C:\Users\anush\Desktop\anuprojects\Telemedicine Platform\node_modules\hpp\lib\index.js:146:9)
        at Layer.handle [as handle_request] (C:\Users\anush\Desktop\anuprojects\Telemedicine Platform\node_modules\express\lib\router\layer.js:95:5)
        at trim_prefix (C:\Users\anush\Desktop\anuprojects\Telemedicine Platform\node_modules\express\lib\router\index.js:328:13)
        at C:\Users\anush\Desktop\anuprojects\Telemedicine Platform\node_modules\express\lib\router\index.js:286:9
        at Function.process_params (C:\Users\anush\Desktop\anuprojects\Telemedicine Platform\node_modules\express\lib\router\index.js:346:12)
        at next (C:\Users\anush\Desktop\anuprojects\Telemedicine Platform\node_modules\express\lib\router\index.js:280:10)
        at C:\Users\anush\Desktop\anuprojects\Telemedicine Platform\node_modules\express-mongo-sanitize\index.js:122:5
        at Layer.handle [as handle_request] (C:\Users\anush\Desktop\anuprojects\Telemedicine Platform\node_modules\express\lib\router\layer.js:95:5)
        at trim_prefix (C:\Users\anush\Desktop\anuprojects\Telemedicine Platform\node_modules\express\lib\router\index.js:328:13)
        at C:\Users\anush\Desktop\anuprojects\Telemedicine Platform\node_modules\express\lib\router\index.js:286:9
        at Function.process_params (C:\Users\anush\Desktop\anuprojects\Telemedicine Platform\node_modules\express\lib\router\index.js:346:12)
        at next (C:\Users\anush\Desktop\anuprojects\Telemedicine Platform\node_modules\express\lib\router\index.js:280:10)
        at next (C:\Users\anush\Desktop\anuprojects\Telemedicine Platform\node_modules\xss-clean\src\index.js:13:5)
        at Layer.handle [as handle_request] (C:\Users\anush\Desktop\anuprojects\Telemedicine Platform\node_modules\express\lib\router\layer.js:95:5)
        at trim_prefix (C:\Users\anush\Desktop\anuprojects\Telemedicine Platform\node_modules\express\lib\router\index.js:328:13)
        at C:\Users\anush\Desktop\anuprojects\Telemedicine Platform\node_modules\express\lib\router\index.js:286:9
        at Function.process_params (C:\Users\anush\Desktop\anuprojects\Telemedicine Platform\node_modules\express\lib\router\index.js:346:12)
        at next (C:\Users\anush\Desktop\anuprojects\Telemedicine Platform\node_modules\express\lib\router\index.js:280:10)
        at internalNext (C:\Users\anush\Desktop\anuprojects\Telemedicine Platform\node_modules\helmet\index.cjs:531:6)
        at xXssProtectionMiddleware (C:\Users\anush\Desktop\anuprojects\Telemedicine Platform\node_modules\helmet\index.cjs:311:3)
        at internalNext (C:\Users\anush\Desktop\anuprojects\Telemedicine Platform\node_modules\helmet\index.cjs:529:6)
        at xPoweredByMiddleware (C:\Users\anush\Desktop\anuprojects\Telemedicine Platform\node_modules\helmet\index.cjs:304:3)
        at internalNext (C:\Users\anush\Desktop\anuprojects\Telemedicine Platform\node_modules\helmet\index.cjs:529:6)
        at xPermittedCrossDomainPoliciesMiddleware (C:\Users\anush\Desktop\anuprojects\Telemedicine Platform\node_modules\helmet\index.cjs:297:3)
        at internalNext (C:\Users\anush\Desktop\anuprojects\Telemedicine Platform\node_modules\helmet\index.cjs:529:6)
        at xFrameOptionsMiddleware (C:\Users\anush\Desktop\anuprojects\Telemedicine Platform\node_modules\helmet\index.cjs:281:3)
        at internalNext (C:\Users\anush\Desktop\anuprojects\Telemedicine Platform\node_modules\helmet\index.cjs:529:6)
        at xDownloadOptionsMiddleware (C:\Users\anush\Desktop\anuprojects\Telemedicine Platform\node_modules\helmet\index.cjs:261:3)
        at internalNext (C:\Users\anush\Desktop\anuprojects\Telemedicine Platform\node_modules\helmet\index.cjs:529:6)
        at xDnsPrefetchControlMiddleware (C:\Users\anush\Desktop\anuprojects\Telemedicine Platform\node_modules\helmet\index.cjs:254:3)
        at internalNext (C:\Users\anush\Desktop\anuprojects\Telemedicine Platform\node_modules\helmet\index.cjs:529:6)
        at xContentTypeOptionsMiddleware (C:\Users\anush\Desktop\anuprojects\Telemedicine Platform\node_modules\helmet\index.cjs:246:3)
        at internalNext (C:\Users\anush\Desktop\anuprojects\Telemedicine Platform\node_modules\helmet\index.cjs:529:6)
        at strictTransportSecurityMiddleware (C:\Users\anush\Desktop\anuprojects\Telemedicine Platform\node_modules\helmet\index.cjs:239:3)
        at internalNext (C:\Users\anush\Desktop\anuprojects\Telemedicine Platform\node_modules\helmet\index.cjs:529:6)
        at referrerPolicyMiddleware (C:\Users\anush\Desktop\anuprojects\Telemedicine Platform\node_modules\helmet\index.cjs:207:3)
        at internalNext (C:\Users\anush\Desktop\anuprojects\Telemedicine Platform\node_modules\helmet\index.cjs:529:6)
        at originAgentClusterMiddleware (C:\Users\anush\Desktop\anuprojects\Telemedicine Platform\node_modules\helmet\index.cjs:182:3)
        at internalNext (C:\Users\anush\Desktop\anuprojects\Telemedicine Platform\node_modules\helmet\index.cjs:529:6)
        at crossOriginResourcePolicyMiddleware (C:\Users\anush\Desktop\anuprojects\Telemedicine Platform\node_modules\helmet\index.cjs:175:3)
        at internalNext (C:\Users\anush\Desktop\anuprojects\Telemedicine Platform\node_modules\helmet\index.cjs:529:6)
        at crossOriginOpenerPolicyMiddleware (C:\Users\anush\Desktop\anuprojects\Telemedicine Platform\node_modules\helmet\index.cjs:159:3)
        at internalNext (C:\Users\anush\Desktop\anuprojects\Telemedicine Platform\node_modules\helmet\index.cjs:529:6)
        at contentSecurityPolicyMiddleware (C:\Users\anush\Desktop\anuprojects\Telemedicine Platform\node_modules\helmet\index.cjs:124:4)
        at internalNext (C:\Users\anush\Desktop\anuprojects\Telemedicine Platform\node_modules\helmet\index.cjs:529:6)
        at helmetMiddleware (C:\Users\anush\Desktop\anuprojects\Telemedicine Platform\node_modules\helmet\index.cjs:533:6)
        at Layer.handle [as handle_request] (C:\Users\anush\Desktop\anuprojects\Telemedicine Platform\node_modules\express\lib\router\layer.js:95:5)
        at trim_prefix (C:\Users\anush\Desktop\anuprojects\Telemedicine Platform\node_modules\express\lib\router\index.js:328:13)
        at C:\Users\anush\Desktop\anuprojects\Telemedicine Platform\node_modules\express\lib\router\index.js:286:9
        at Function.process_params (C:\Users\anush\Desktop\anuprojects\Telemedicine Platform\node_modules\express\lib\router\index.js:346:12)
        at next (C:\Users\anush\Desktop\anuprojects\Telemedicine Platform\node_modules\express\lib\router\index.js:280:10)
        at C:\Users\anush\Desktop\anuprojects\Telemedicine Platform\node_modules\body-parser\lib\read.js:137:5
        at AsyncResource.runInAsyncScope (node:async_hooks:206:9)
        at invokeCallback (C:\Users\anush\Desktop\anuprojects\Telemedicine Platform\node_modules\raw-body\index.js:238:16)
        at done (C:\Users\anush\Desktop\anuprojects\Telemedicine Platform\node_modules\raw-body\index.js:227:7)
        at IncomingMessage.onEnd (C:\Users\anush\Desktop\anuprojects\Telemedicine Platform\node_modules\raw-body\index.js:287:7)
        at IncomingMessage.emit (node:events:524:28)
        at endReadableNT (node:internal/streams/readable:1698:12)
        at processTicksAndRejections (node:internal/process/task_queues:82:21) {
      statusCode: 401
    }

    [0m [90m 14 |[39m
     [90m 15 |[39m   [90m// Log to console for developer[39m
    [31m[1m>[22m[39m[90m 16 |[39m   console[33m.[39merror(err)[33m;[39m
     [90m    |[39m           [31m[1m^[22m[39m
     [90m 17 |[39m
     [90m 18 |[39m   [90m// Mongoose bad ObjectId[39m
     [90m 19 |[39m   [36mif[39m (err[33m.[39mname [33m===[39m [32m'CastError'[39m) {[0m

      at error (src/middleware/error.js:16:11)
      at Layer.handle_error (node_modules/express/lib/router/layer.js:71:5)
      at trim_prefix (node_modules/express/lib/router/index.js:326:13)
      at node_modules/express/lib/router/index.js:286:9
      at Function.process_params (node_modules/express/lib/router/index.js:346:12)
      at next (node_modules/express/lib/router/index.js:280:10)
      at node_modules/express/lib/router/index.js:646:15
      at next (node_modules/express/lib/router/index.js:265:14)
      at next (src/middleware/auth.js:21:12)
      at Layer.handle [as handle_request] (node_modules/express/lib/router/layer.js:95:5)
      at trim_prefix (node_modules/express/lib/router/index.js:328:13)
      at node_modules/express/lib/router/index.js:286:9
      at Function.process_params (node_modules/express/lib/router/index.js:346:12)
      at next (node_modules/express/lib/router/index.js:280:10)
      at Function.handle (node_modules/express/lib/router/index.js:175:3)
      at router (node_modules/express/lib/router/index.js:47:12)
      at Layer.handle [as handle_request] (node_modules/express/lib/router/layer.js:95:5)
      at trim_prefix (node_modules/express/lib/router/index.js:328:13)
      at node_modules/express/lib/router/index.js:286:9
      at Function.process_params (node_modules/express/lib/router/index.js:346:12)
      at next (node_modules/express/lib/router/index.js:280:10)
      at logger (node_modules/morgan/index.js:144:5)
      at Layer.handle [as handle_request] (node_modules/express/lib/router/layer.js:95:5)
      at trim_prefix (node_modules/express/lib/router/index.js:328:13)
      at node_modules/express/lib/router/index.js:286:9
      at Function.process_params (node_modules/express/lib/router/index.js:346:12)
      at next (node_modules/express/lib/router/index.js:280:10)
      at cors (node_modules/cors/lib/index.js:188:7)
      at node_modules/cors/lib/index.js:224:17
      at callback (src/server.js:59:27)
      at node_modules/cors/lib/index.js:219:13
      at optionsCallback (node_modules/cors/lib/index.js:199:9)
      at corsMiddleware (node_modules/cors/lib/index.js:204:7)
      at Layer.handle [as handle_request] (node_modules/express/lib/router/layer.js:95:5)
      at trim_prefix (node_modules/express/lib/router/index.js:328:13)
      at node_modules/express/lib/router/index.js:286:9
      at Function.process_params (node_modules/express/lib/router/index.js:346:12)
      at next (node_modules/express/lib/router/index.js:280:10)
      at hpp (node_modules/hpp/lib/index.js:146:9)
      at Layer.handle [as handle_request] (node_modules/express/lib/router/layer.js:95:5)
      at trim_prefix (node_modules/express/lib/router/index.js:328:13)
      at node_modules/express/lib/router/index.js:286:9
      at Function.process_params (node_modules/express/lib/router/index.js:346:12)
      at next (node_modules/express/lib/router/index.js:280:10)
      at node_modules/express-mongo-sanitize/index.js:122:5
      at Layer.handle [as handle_request] (node_modules/express/lib/router/layer.js:95:5)
      at trim_prefix (node_modules/express/lib/router/index.js:328:13)
      at node_modules/express/lib/router/index.js:286:9
      at Function.process_params (node_modules/express/lib/router/index.js:346:12)
      at next (node_modules/express/lib/router/index.js:280:10)
      at next (node_modules/xss-clean/src/index.js:13:5)
      at Layer.handle [as handle_request] (node_modules/express/lib/router/layer.js:95:5)
      at trim_prefix (node_modules/express/lib/router/index.js:328:13)
      at node_modules/express/lib/router/index.js:286:9
      at Function.process_params (node_modules/express/lib/router/index.js:346:12)
      at next (node_modules/express/lib/router/index.js:280:10)
      at internalNext (node_modules/helmet/index.cjs:531:6)
      at xXssProtectionMiddleware (node_modules/helmet/index.cjs:311:3)
      at internalNext (node_modules/helmet/index.cjs:529:6)
      at xPoweredByMiddleware (node_modules/helmet/index.cjs:304:3)
      at internalNext (node_modules/helmet/index.cjs:529:6)
      at xPermittedCrossDomainPoliciesMiddleware (node_modules/helmet/index.cjs:297:3)
      at internalNext (node_modules/helmet/index.cjs:529:6)
      at xFrameOptionsMiddleware (node_modules/helmet/index.cjs:281:3)
      at internalNext (node_modules/helmet/index.cjs:529:6)
      at xDownloadOptionsMiddleware (node_modules/helmet/index.cjs:261:3)
      at internalNext (node_modules/helmet/index.cjs:529:6)
      at xDnsPrefetchControlMiddleware (node_modules/helmet/index.cjs:254:3)
      at internalNext (node_modules/helmet/index.cjs:529:6)
      at xContentTypeOptionsMiddleware (node_modules/helmet/index.cjs:246:3)
      at internalNext (node_modules/helmet/index.cjs:529:6)
      at strictTransportSecurityMiddleware (node_modules/helmet/index.cjs:239:3)
      at internalNext (node_modules/helmet/index.cjs:529:6)
      at referrerPolicyMiddleware (node_modules/helmet/index.cjs:207:3)
      at internalNext (node_modules/helmet/index.cjs:529:6)
      at originAgentClusterMiddleware (node_modules/helmet/index.cjs:182:3)
      at internalNext (node_modules/helmet/index.cjs:529:6)
      at crossOriginResourcePolicyMiddleware (node_modules/helmet/index.cjs:175:3)
      at internalNext (node_modules/helmet/index.cjs:529:6)
      at crossOriginOpenerPolicyMiddleware (node_modules/helmet/index.cjs:159:3)
      at internalNext (node_modules/helmet/index.cjs:529:6)
      at contentSecurityPolicyMiddleware (node_modules/helmet/index.cjs:124:4)
      at internalNext (node_modules/helmet/index.cjs:529:6)
      at helmetMiddleware (node_modules/helmet/index.cjs:533:6)
      at Layer.handle [as handle_request] (node_modules/express/lib/router/layer.js:95:5)
      at trim_prefix (node_modules/express/lib/router/index.js:328:13)
      at node_modules/express/lib/router/index.js:286:9
      at Function.process_params (node_modules/express/lib/router/index.js:346:12)
      at next (node_modules/express/lib/router/index.js:280:10)
      at node_modules/body-parser/lib/read.js:137:5
      at invokeCallback (node_modules/raw-body/index.js:238:16)
      at done (node_modules/raw-body/index.js:227:7)
      at IncomingMessage.onEnd (node_modules/raw-body/index.js:287:7)

[undefined] [[32minfo[39m]: [32m[0mPOST /api/appointments [33m401[0m 18.927 ms - 63[0m[39m
  console.error
    CastError: Cast to date failed for value "Invalid Date" (type Date) at path "date" for model "AvailabilityException"
        at SchemaDate.cast (C:\Users\anush\Desktop\anuprojects\Telemedicine Platform\node_modules\mongoose\lib\schema\date.js:379:11)
        at SchemaDate.SchemaType.applySetters (C:\Users\anush\Desktop\anuprojects\Telemedicine Platform\node_modules\mongoose\lib\schemaType.js:1288:12)
        at SchemaDate.castForQuery (C:\Users\anush\Desktop\anuprojects\Telemedicine Platform\node_modules\mongoose\lib\schema\date.js:428:19)
        at cast (C:\Users\anush\Desktop\anuprojects\Telemedicine Platform\node_modules\mongoose\lib\cast.js:390:32)
        at model.Query.Query.cast (C:\Users\anush\Desktop\anuprojects\Telemedicine Platform\node_modules\mongoose\lib\query.js:5060:12)
        at model.Query.Query._castConditions (C:\Users\anush\Desktop\anuprojects\Telemedicine Platform\node_modules\mongoose\lib\query.js:2374:10)
        at model.Query._findOne (C:\Users\anush\Desktop\anuprojects\Telemedicine Platform\node_modules\mongoose\lib\query.js:2697:8)
        at model.Query.exec (C:\Users\anush\Desktop\anuprojects\Telemedicine Platform\node_modules\mongoose\lib\query.js:4627:80)
        at processTicksAndRejections (node:internal/process/task_queues:95:5)
        at C:\Users\anush\Desktop\anuprojects\Telemedicine Platform\src\controllers\appointmentController.js:33:21 {
      stringValue: '"Invalid Date"',
      messageFormat: undefined,
      kind: 'date',
      value: Invalid Date,
      path: 'date',
      reason: AssertionError [ERR_ASSERTION]: The expression evaluated to a falsy value:
      
        assert.ok(!isNaN(value.valueOf()))
      
          at castDate (C:\Users\anush\Desktop\anuprojects\Telemedicine Platform\node_modules\mongoose\lib\cast\date.js:13:12)
          at SchemaDate.cast (C:\Users\anush\Desktop\anuprojects\Telemedicine Platform\node_modules\mongoose\lib\schema\date.js:377:12)
          at SchemaDate.SchemaType.applySetters (C:\Users\anush\Desktop\anuprojects\Telemedicine Platform\node_modules\mongoose\lib\schemaType.js:1288:12)
          at SchemaDate.castForQuery (C:\Users\anush\Desktop\anuprojects\Telemedicine Platform\node_modules\mongoose\lib\schema\date.js:428:19)
          at cast (C:\Users\anush\Desktop\anuprojects\Telemedicine Platform\node_modules\mongoose\lib\cast.js:390:32)
          at model.Query.Query.cast (C:\Users\anush\Desktop\anuprojects\Telemedicine Platform\node_modules\mongoose\lib\query.js:5060:12)
          at model.Query.Query._castConditions (C:\Users\anush\Desktop\anuprojects\Telemedicine Platform\node_modules\mongoose\lib\query.js:2374:10)
          at model.Query._findOne (C:\Users\anush\Desktop\anuprojects\Telemedicine Platform\node_modules\mongoose\lib\query.js:2697:8)
          at model.Query.exec (C:\Users\anush\Desktop\anuprojects\Telemedicine Platform\node_modules\mongoose\lib\query.js:4627:80)
          at processTicksAndRejections (node:internal/process/task_queues:95:5)
          at C:\Users\anush\Desktop\anuprojects\Telemedicine Platform\src\controllers\appointmentController.js:33:21 {
        generatedMessage: true,
        code: 'ERR_ASSERTION',
        actual: false,
        expected: true,
        operator: '=='
      },
      valueType: 'Date'
    }

    [0m [90m 14 |[39m
     [90m 15 |[39m   [90m// Log to console for developer[39m
    [31m[1m>[22m[39m[90m 16 |[39m   console[33m.[39merror(err)[33m;[39m
     [90m    |[39m           [31m[1m^[22m[39m
     [90m 17 |[39m
     [90m 18 |[39m   [90m// Mongoose bad ObjectId[39m
     [90m 19 |[39m   [36mif[39m (err[33m.[39mname [33m===[39m [32m'CastError'[39m) {[0m

      at error (src/middleware/error.js:16:11)
      at Layer.handle_error (node_modules/express/lib/router/layer.js:71:5)
      at trim_prefix (node_modules/express/lib/router/index.js:326:13)
      at node_modules/express/lib/router/index.js:286:9
      at Function.process_params (node_modules/express/lib/router/index.js:346:12)
      at next (node_modules/express/lib/router/index.js:280:10)
      at node_modules/express/lib/router/index.js:646:15
      at next (node_modules/express/lib/router/index.js:265:14)
      at next (node_modules/express/lib/router/route.js:141:14)

[undefined] [[32minfo[39m]: [32m[0mPOST /api/appointments [33m404[0m 30.609 ms - 70[0m[39m
[undefined] [[32minfo[39m]: [32m[0mGET /api/appointments [32m200[0m 29.740 ms - 671[0m[39m
  console.error
    ErrorResponse: Not authorized to access this route
        at protect (C:\Users\anush\Desktop\anuprojects\Telemedicine Platform\src\middleware\auth.js:21:17)
        at Layer.handle [as handle_request] (C:\Users\anush\Desktop\anuprojects\Telemedicine Platform\node_modules\express\lib\router\layer.js:95:5)
        at trim_prefix (C:\Users\anush\Desktop\anuprojects\Telemedicine Platform\node_modules\express\lib\router\index.js:328:13)
        at C:\Users\anush\Desktop\anuprojects\Telemedicine Platform\node_modules\express\lib\router\index.js:286:9
        at Function.process_params (C:\Users\anush\Desktop\anuprojects\Telemedicine Platform\node_modules\express\lib\router\index.js:346:12)
        at next (C:\Users\anush\Desktop\anuprojects\Telemedicine Platform\node_modules\express\lib\router\index.js:280:10)
        at Function.handle (C:\Users\anush\Desktop\anuprojects\Telemedicine Platform\node_modules\express\lib\router\index.js:175:3)
        at router (C:\Users\anush\Desktop\anuprojects\Telemedicine Platform\node_modules\express\lib\router\index.js:47:12)
        at Layer.handle [as handle_request] (C:\Users\anush\Desktop\anuprojects\Telemedicine Platform\node_modules\express\lib\router\layer.js:95:5)
        at trim_prefix (C:\Users\anush\Desktop\anuprojects\Telemedicine Platform\node_modules\express\lib\router\index.js:328:13)
        at C:\Users\anush\Desktop\anuprojects\Telemedicine Platform\node_modules\express\lib\router\index.js:286:9
        at Function.process_params (C:\Users\anush\Desktop\anuprojects\Telemedicine Platform\node_modules\express\lib\router\index.js:346:12)
        at next (C:\Users\anush\Desktop\anuprojects\Telemedicine Platform\node_modules\express\lib\router\index.js:280:10)
        at logger (C:\Users\anush\Desktop\anuprojects\Telemedicine Platform\node_modules\morgan\index.js:144:5)
        at Layer.handle [as handle_request] (C:\Users\anush\Desktop\anuprojects\Telemedicine Platform\node_modules\express\lib\router\layer.js:95:5)
        at trim_prefix (C:\Users\anush\Desktop\anuprojects\Telemedicine Platform\node_modules\express\lib\router\index.js:328:13)
        at C:\Users\anush\Desktop\anuprojects\Telemedicine Platform\node_modules\express\lib\router\index.js:286:9
        at Function.process_params (C:\Users\anush\Desktop\anuprojects\Telemedicine Platform\node_modules\express\lib\router\index.js:346:12)
        at next (C:\Users\anush\Desktop\anuprojects\Telemedicine Platform\node_modules\express\lib\router\index.js:280:10)
        at cors (C:\Users\anush\Desktop\anuprojects\Telemedicine Platform\node_modules\cors\lib\index.js:188:7)
        at C:\Users\anush\Desktop\anuprojects\Telemedicine Platform\node_modules\cors\lib\index.js:224:17
        at callback (C:\Users\anush\Desktop\anuprojects\Telemedicine Platform\src\server.js:59:27)
        at C:\Users\anush\Desktop\anuprojects\Telemedicine Platform\node_modules\cors\lib\index.js:219:13
        at optionsCallback (C:\Users\anush\Desktop\anuprojects\Telemedicine Platform\node_modules\cors\lib\index.js:199:9)
        at corsMiddleware (C:\Users\anush\Desktop\anuprojects\Telemedicine Platform\node_modules\cors\lib\index.js:204:7)
        at Layer.handle [as handle_request] (C:\Users\anush\Desktop\anuprojects\Telemedicine Platform\node_modules\express\lib\router\layer.js:95:5)
        at trim_prefix (C:\Users\anush\Desktop\anuprojects\Telemedicine Platform\node_modules\express\lib\router\index.js:328:13)
        at C:\Users\anush\Desktop\anuprojects\Telemedicine Platform\node_modules\express\lib\router\index.js:286:9
        at Function.process_params (C:\Users\anush\Desktop\anuprojects\Telemedicine Platform\node_modules\express\lib\router\index.js:346:12)
        at next (C:\Users\anush\Desktop\anuprojects\Telemedicine Platform\node_modules\express\lib\router\index.js:280:10)
        at hpp (C:\Users\anush\Desktop\anuprojects\Telemedicine Platform\node_modules\hpp\lib\index.js:146:9)
        at Layer.handle [as handle_request] (C:\Users\anush\Desktop\anuprojects\Telemedicine Platform\node_modules\express\lib\router\layer.js:95:5)
        at trim_prefix (C:\Users\anush\Desktop\anuprojects\Telemedicine Platform\node_modules\express\lib\router\index.js:328:13)
        at C:\Users\anush\Desktop\anuprojects\Telemedicine Platform\node_modules\express\lib\router\index.js:286:9
        at Function.process_params (C:\Users\anush\Desktop\anuprojects\Telemedicine Platform\node_modules\express\lib\router\index.js:346:12)
        at next (C:\Users\anush\Desktop\anuprojects\Telemedicine Platform\node_modules\express\lib\router\index.js:280:10)
        at C:\Users\anush\Desktop\anuprojects\Telemedicine Platform\node_modules\express-mongo-sanitize\index.js:122:5
        at Layer.handle [as handle_request] (C:\Users\anush\Desktop\anuprojects\Telemedicine Platform\node_modules\express\lib\router\layer.js:95:5)
        at trim_prefix (C:\Users\anush\Desktop\anuprojects\Telemedicine Platform\node_modules\express\lib\router\index.js:328:13)
        at C:\Users\anush\Desktop\anuprojects\Telemedicine Platform\node_modules\express\lib\router\index.js:286:9
        at Function.process_params (C:\Users\anush\Desktop\anuprojects\Telemedicine Platform\node_modules\express\lib\router\index.js:346:12)
        at next (C:\Users\anush\Desktop\anuprojects\Telemedicine Platform\node_modules\express\lib\router\index.js:280:10)
        at next (C:\Users\anush\Desktop\anuprojects\Telemedicine Platform\node_modules\xss-clean\src\index.js:13:5)
        at Layer.handle [as handle_request] (C:\Users\anush\Desktop\anuprojects\Telemedicine Platform\node_modules\express\lib\router\layer.js:95:5)
        at trim_prefix (C:\Users\anush\Desktop\anuprojects\Telemedicine Platform\node_modules\express\lib\router\index.js:328:13)
        at C:\Users\anush\Desktop\anuprojects\Telemedicine Platform\node_modules\express\lib\router\index.js:286:9
        at Function.process_params (C:\Users\anush\Desktop\anuprojects\Telemedicine Platform\node_modules\express\lib\router\index.js:346:12)
        at next (C:\Users\anush\Desktop\anuprojects\Telemedicine Platform\node_modules\express\lib\router\index.js:280:10)
        at internalNext (C:\Users\anush\Desktop\anuprojects\Telemedicine Platform\node_modules\helmet\index.cjs:531:6)
        at xXssProtectionMiddleware (C:\Users\anush\Desktop\anuprojects\Telemedicine Platform\node_modules\helmet\index.cjs:311:3)
        at internalNext (C:\Users\anush\Desktop\anuprojects\Telemedicine Platform\node_modules\helmet\index.cjs:529:6)
        at xPoweredByMiddleware (C:\Users\anush\Desktop\anuprojects\Telemedicine Platform\node_modules\helmet\index.cjs:304:3)
        at internalNext (C:\Users\anush\Desktop\anuprojects\Telemedicine Platform\node_modules\helmet\index.cjs:529:6)
        at xPermittedCrossDomainPoliciesMiddleware (C:\Users\anush\Desktop\anuprojects\Telemedicine Platform\node_modules\helmet\index.cjs:297:3)
        at internalNext (C:\Users\anush\Desktop\anuprojects\Telemedicine Platform\node_modules\helmet\index.cjs:529:6)
        at xFrameOptionsMiddleware (C:\Users\anush\Desktop\anuprojects\Telemedicine Platform\node_modules\helmet\index.cjs:281:3)
        at internalNext (C:\Users\anush\Desktop\anuprojects\Telemedicine Platform\node_modules\helmet\index.cjs:529:6)
        at xDownloadOptionsMiddleware (C:\Users\anush\Desktop\anuprojects\Telemedicine Platform\node_modules\helmet\index.cjs:261:3)
        at internalNext (C:\Users\anush\Desktop\anuprojects\Telemedicine Platform\node_modules\helmet\index.cjs:529:6)
        at xDnsPrefetchControlMiddleware (C:\Users\anush\Desktop\anuprojects\Telemedicine Platform\node_modules\helmet\index.cjs:254:3)
        at internalNext (C:\Users\anush\Desktop\anuprojects\Telemedicine Platform\node_modules\helmet\index.cjs:529:6)
        at xContentTypeOptionsMiddleware (C:\Users\anush\Desktop\anuprojects\Telemedicine Platform\node_modules\helmet\index.cjs:246:3)
        at internalNext (C:\Users\anush\Desktop\anuprojects\Telemedicine Platform\node_modules\helmet\index.cjs:529:6)
        at strictTransportSecurityMiddleware (C:\Users\anush\Desktop\anuprojects\Telemedicine Platform\node_modules\helmet\index.cjs:239:3)
        at internalNext (C:\Users\anush\Desktop\anuprojects\Telemedicine Platform\node_modules\helmet\index.cjs:529:6)
        at referrerPolicyMiddleware (C:\Users\anush\Desktop\anuprojects\Telemedicine Platform\node_modules\helmet\index.cjs:207:3)
        at internalNext (C:\Users\anush\Desktop\anuprojects\Telemedicine Platform\node_modules\helmet\index.cjs:529:6)
        at originAgentClusterMiddleware (C:\Users\anush\Desktop\anuprojects\Telemedicine Platform\node_modules\helmet\index.cjs:182:3)
        at internalNext (C:\Users\anush\Desktop\anuprojects\Telemedicine Platform\node_modules\helmet\index.cjs:529:6)
        at crossOriginResourcePolicyMiddleware (C:\Users\anush\Desktop\anuprojects\Telemedicine Platform\node_modules\helmet\index.cjs:175:3)
        at internalNext (C:\Users\anush\Desktop\anuprojects\Telemedicine Platform\node_modules\helmet\index.cjs:529:6)
        at crossOriginOpenerPolicyMiddleware (C:\Users\anush\Desktop\anuprojects\Telemedicine Platform\node_modules\helmet\index.cjs:159:3)
        at internalNext (C:\Users\anush\Desktop\anuprojects\Telemedicine Platform\node_modules\helmet\index.cjs:529:6)
        at contentSecurityPolicyMiddleware (C:\Users\anush\Desktop\anuprojects\Telemedicine Platform\node_modules\helmet\index.cjs:124:4)
        at internalNext (C:\Users\anush\Desktop\anuprojects\Telemedicine Platform\node_modules\helmet\index.cjs:529:6)
        at helmetMiddleware (C:\Users\anush\Desktop\anuprojects\Telemedicine Platform\node_modules\helmet\index.cjs:533:6)
        at Layer.handle [as handle_request] (C:\Users\anush\Desktop\anuprojects\Telemedicine Platform\node_modules\express\lib\router\layer.js:95:5)
        at trim_prefix (C:\Users\anush\Desktop\anuprojects\Telemedicine Platform\node_modules\express\lib\router\index.js:328:13)
        at C:\Users\anush\Desktop\anuprojects\Telemedicine Platform\node_modules\express\lib\router\index.js:286:9
        at Function.process_params (C:\Users\anush\Desktop\anuprojects\Telemedicine Platform\node_modules\express\lib\router\index.js:346:12)
        at next (C:\Users\anush\Desktop\anuprojects\Telemedicine Platform\node_modules\express\lib\router\index.js:280:10)
        at jsonParser (C:\Users\anush\Desktop\anuprojects\Telemedicine Platform\node_modules\body-parser\lib\types\json.js:113:7)
        at Layer.handle [as handle_request] (C:\Users\anush\Desktop\anuprojects\Telemedicine Platform\node_modules\express\lib\router\layer.js:95:5)
        at trim_prefix (C:\Users\anush\Desktop\anuprojects\Telemedicine Platform\node_modules\express\lib\router\index.js:328:13)
        at C:\Users\anush\Desktop\anuprojects\Telemedicine Platform\node_modules\express\lib\router\index.js:286:9
        at Function.process_params (C:\Users\anush\Desktop\anuprojects\Telemedicine Platform\node_modules\express\lib\router\index.js:346:12)
        at next (C:\Users\anush\Desktop\anuprojects\Telemedicine Platform\node_modules\express\lib\router\index.js:280:10)
        at expressInit (C:\Users\anush\Desktop\anuprojects\Telemedicine Platform\node_modules\express\lib\middleware\init.js:40:5)
        at Layer.handle [as handle_request] (C:\Users\anush\Desktop\anuprojects\Telemedicine Platform\node_modules\express\lib\router\layer.js:95:5)
        at trim_prefix (C:\Users\anush\Desktop\anuprojects\Telemedicine Platform\node_modules\express\lib\router\index.js:328:13)
        at C:\Users\anush\Desktop\anuprojects\Telemedicine Platform\node_modules\express\lib\router\index.js:286:9
        at Function.process_params (C:\Users\anush\Desktop\anuprojects\Telemedicine Platform\node_modules\express\lib\router\index.js:346:12)
        at next (C:\Users\anush\Desktop\anuprojects\Telemedicine Platform\node_modules\express\lib\router\index.js:280:10)
        at query (C:\Users\anush\Desktop\anuprojects\Telemedicine Platform\node_modules\express\lib\middleware\query.js:45:5)
        at Layer.handle [as handle_request] (C:\Users\anush\Desktop\anuprojects\Telemedicine Platform\node_modules\express\lib\router\layer.js:95:5)
        at trim_prefix (C:\Users\anush\Desktop\anuprojects\Telemedicine Platform\node_modules\express\lib\router\index.js:328:13)
        at C:\Users\anush\Desktop\anuprojects\Telemedicine Platform\node_modules\express\lib\router\index.js:286:9
        at Function.process_params (C:\Users\anush\Desktop\anuprojects\Telemedicine Platform\node_modules\express\lib\router\index.js:346:12)
        at next (C:\Users\anush\Desktop\anuprojects\Telemedicine Platform\node_modules\express\lib\router\index.js:280:10)
        at Function.handle (C:\Users\anush\Desktop\anuprojects\Telemedicine Platform\node_modules\express\lib\router\index.js:175:3) {
      statusCode: 401
    }

    [0m [90m 14 |[39m
     [90m 15 |[39m   [90m// Log to console for developer[39m
    [31m[1m>[22m[39m[90m 16 |[39m   console[33m.[39merror(err)[33m;[39m
     [90m    |[39m           [31m[1m^[22m[39m
     [90m 17 |[39m
     [90m 18 |[39m   [90m// Mongoose bad ObjectId[39m
     [90m 19 |[39m   [36mif[39m (err[33m.[39mname [33m===[39m [32m'CastError'[39m) {[0m

      at error (src/middleware/error.js:16:11)
      at Layer.handle_error (node_modules/express/lib/router/layer.js:71:5)
      at trim_prefix (node_modules/express/lib/router/index.js:326:13)
      at node_modules/express/lib/router/index.js:286:9
      at Function.process_params (node_modules/express/lib/router/index.js:346:12)
      at next (node_modules/express/lib/router/index.js:280:10)
      at node_modules/express/lib/router/index.js:646:15
      at next (node_modules/express/lib/router/index.js:265:14)
      at next (src/middleware/auth.js:21:12)
      at Layer.handle [as handle_request] (node_modules/express/lib/router/layer.js:95:5)
      at trim_prefix (node_modules/express/lib/router/index.js:328:13)
      at node_modules/express/lib/router/index.js:286:9
      at Function.process_params (node_modules/express/lib/router/index.js:346:12)
      at next (node_modules/express/lib/router/index.js:280:10)
      at Function.handle (node_modules/express/lib/router/index.js:175:3)
      at router (node_modules/express/lib/router/index.js:47:12)
      at Layer.handle [as handle_request] (node_modules/express/lib/router/layer.js:95:5)
      at trim_prefix (node_modules/express/lib/router/index.js:328:13)
      at node_modules/express/lib/router/index.js:286:9
      at Function.process_params (node_modules/express/lib/router/index.js:346:12)
      at next (node_modules/express/lib/router/index.js:280:10)
      at logger (node_modules/morgan/index.js:144:5)
      at Layer.handle [as handle_request] (node_modules/express/lib/router/layer.js:95:5)
      at trim_prefix (node_modules/express/lib/router/index.js:328:13)
      at node_modules/express/lib/router/index.js:286:9
      at Function.process_params (node_modules/express/lib/router/index.js:346:12)
      at next (node_modules/express/lib/router/index.js:280:10)
      at cors (node_modules/cors/lib/index.js:188:7)
      at node_modules/cors/lib/index.js:224:17
      at callback (src/server.js:59:27)
      at node_modules/cors/lib/index.js:219:13
      at optionsCallback (node_modules/cors/lib/index.js:199:9)
      at corsMiddleware (node_modules/cors/lib/index.js:204:7)
      at Layer.handle [as handle_request] (node_modules/express/lib/router/layer.js:95:5)
      at trim_prefix (node_modules/express/lib/router/index.js:328:13)
      at node_modules/express/lib/router/index.js:286:9
      at Function.process_params (node_modules/express/lib/router/index.js:346:12)
      at next (node_modules/express/lib/router/index.js:280:10)
      at hpp (node_modules/hpp/lib/index.js:146:9)
      at Layer.handle [as handle_request] (node_modules/express/lib/router/layer.js:95:5)
      at trim_prefix (node_modules/express/lib/router/index.js:328:13)
      at node_modules/express/lib/router/index.js:286:9
      at Function.process_params (node_modules/express/lib/router/index.js:346:12)
      at next (node_modules/express/lib/router/index.js:280:10)
      at node_modules/express-mongo-sanitize/index.js:122:5
      at Layer.handle [as handle_request] (node_modules/express/lib/router/layer.js:95:5)
      at trim_prefix (node_modules/express/lib/router/index.js:328:13)
      at node_modules/express/lib/router/index.js:286:9
      at Function.process_params (node_modules/express/lib/router/index.js:346:12)
      at next (node_modules/express/lib/router/index.js:280:10)
      at next (node_modules/xss-clean/src/index.js:13:5)
      at Layer.handle [as handle_request] (node_modules/express/lib/router/layer.js:95:5)
      at trim_prefix (node_modules/express/lib/router/index.js:328:13)
      at node_modules/express/lib/router/index.js:286:9
      at Function.process_params (node_modules/express/lib/router/index.js:346:12)
      at next (node_modules/express/lib/router/index.js:280:10)
      at internalNext (node_modules/helmet/index.cjs:531:6)
      at xXssProtectionMiddleware (node_modules/helmet/index.cjs:311:3)
      at internalNext (node_modules/helmet/index.cjs:529:6)
      at xPoweredByMiddleware (node_modules/helmet/index.cjs:304:3)
      at internalNext (node_modules/helmet/index.cjs:529:6)
      at xPermittedCrossDomainPoliciesMiddleware (node_modules/helmet/index.cjs:297:3)
      at internalNext (node_modules/helmet/index.cjs:529:6)
      at xFrameOptionsMiddleware (node_modules/helmet/index.cjs:281:3)
      at internalNext (node_modules/helmet/index.cjs:529:6)
      at xDownloadOptionsMiddleware (node_modules/helmet/index.cjs:261:3)
      at internalNext (node_modules/helmet/index.cjs:529:6)
      at xDnsPrefetchControlMiddleware (node_modules/helmet/index.cjs:254:3)
      at internalNext (node_modules/helmet/index.cjs:529:6)
      at xContentTypeOptionsMiddleware (node_modules/helmet/index.cjs:246:3)
      at internalNext (node_modules/helmet/index.cjs:529:6)
      at strictTransportSecurityMiddleware (node_modules/helmet/index.cjs:239:3)
      at internalNext (node_modules/helmet/index.cjs:529:6)
      at referrerPolicyMiddleware (node_modules/helmet/index.cjs:207:3)
      at internalNext (node_modules/helmet/index.cjs:529:6)
      at originAgentClusterMiddleware (node_modules/helmet/index.cjs:182:3)
      at internalNext (node_modules/helmet/index.cjs:529:6)
      at crossOriginResourcePolicyMiddleware (node_modules/helmet/index.cjs:175:3)
      at internalNext (node_modules/helmet/index.cjs:529:6)
      at crossOriginOpenerPolicyMiddleware (node_modules/helmet/index.cjs:159:3)
      at internalNext (node_modules/helmet/index.cjs:529:6)
      at contentSecurityPolicyMiddleware (node_modules/helmet/index.cjs:124:4)
      at internalNext (node_modules/helmet/index.cjs:529:6)
      at helmetMiddleware (node_modules/helmet/index.cjs:533:6)
      at Layer.handle [as handle_request] (node_modules/express/lib/router/layer.js:95:5)
      at trim_prefix (node_modules/express/lib/router/index.js:328:13)
      at node_modules/express/lib/router/index.js:286:9
      at Function.process_params (node_modules/express/lib/router/index.js:346:12)
      at next (node_modules/express/lib/router/index.js:280:10)
      at jsonParser (node_modules/body-parser/lib/types/json.js:113:7)
      at Layer.handle [as handle_request] (node_modules/express/lib/router/layer.js:95:5)
      at trim_prefix (node_modules/express/lib/router/index.js:328:13)
      at node_modules/express/lib/router/index.js:286:9
      at Function.process_params (node_modules/express/lib/router/index.js:346:12)
      at next (node_modules/express/lib/router/index.js:280:10)
      at expressInit (node_modules/express/lib/middleware/init.js:40:5)
      at Layer.handle [as handle_request] (node_modules/express/lib/router/layer.js:95:5)

[undefined] [[32minfo[39m]: [32m[0mGET /api/appointments [33m401[0m 16.805 ms - 63[0m[39m
[undefined] [[32minfo[39m]: [32m[0mGET /api/appointments/6a2d0167f02fd3a4de340537 [32m200[0m 32.709 ms - 708[0m[39m
  console.error
    ErrorResponse: Appointment not found with id of 6a2d0168f02fd3a4de340547
        at C:\Users\anush\Desktop\anuprojects\Telemedicine Platform\src\controllers\appointmentController.js:150:17
        at processTicksAndRejections (node:internal/process/task_queues:95:5) {
      statusCode: 404
    }

    [0m [90m 14 |[39m
     [90m 15 |[39m   [90m// Log to console for developer[39m
    [31m[1m>[22m[39m[90m 16 |[39m   console[33m.[39merror(err)[33m;[39m
     [90m    |[39m           [31m[1m^[22m[39m
     [90m 17 |[39m
     [90m 18 |[39m   [90m// Mongoose bad ObjectId[39m
     [90m 19 |[39m   [36mif[39m (err[33m.[39mname [33m===[39m [32m'CastError'[39m) {[0m

      at error (src/middleware/error.js:16:11)
      at Layer.handle_error (node_modules/express/lib/router/layer.js:71:5)
      at trim_prefix (node_modules/express/lib/router/index.js:326:13)
      at node_modules/express/lib/router/index.js:286:9
      at Function.process_params (node_modules/express/lib/router/index.js:346:12)
      at next (node_modules/express/lib/router/index.js:280:10)
      at node_modules/express/lib/router/index.js:646:15
      at next (node_modules/express/lib/router/index.js:265:14)
      at next (node_modules/express/lib/router/route.js:141:14)
      at next (src/controllers/appointmentController.js:150:12)

[undefined] [[32minfo[39m]: [32m[0mGET /api/appointments/6a2d0168f02fd3a4de340547 [33m404[0m 13.612 ms - 85[0m[39m
[undefined] [[32minfo[39m]: [32m[0mPUT /api/appointments/6a2d0167f02fd3a4de340537/confirm [32m200[0m 21.368 ms - 515[0m[39m
  console.error
    ErrorResponse: User role patient is not authorized to access this route
        at C:\Users\anush\Desktop\anuprojects\Telemedicine Platform\src\middleware\auth.js:57:9
        at Layer.handle [as handle_request] (C:\Users\anush\Desktop\anuprojects\Telemedicine Platform\node_modules\express\lib\router\layer.js:95:5)
        at next (C:\Users\anush\Desktop\anuprojects\Telemedicine Platform\node_modules\express\lib\router\route.js:149:13)
        at Route.dispatch (C:\Users\anush\Desktop\anuprojects\Telemedicine Platform\node_modules\express\lib\router\route.js:119:3)
        at Layer.handle [as handle_request] (C:\Users\anush\Desktop\anuprojects\Telemedicine Platform\node_modules\express\lib\router\layer.js:95:5)
        at C:\Users\anush\Desktop\anuprojects\Telemedicine Platform\node_modules\express\lib\router\index.js:284:15
        at param (C:\Users\anush\Desktop\anuprojects\Telemedicine Platform\node_modules\express\lib\router\index.js:365:14)
        at param (C:\Users\anush\Desktop\anuprojects\Telemedicine Platform\node_modules\express\lib\router\index.js:376:14)
        at Function.process_params (C:\Users\anush\Desktop\anuprojects\Telemedicine Platform\node_modules\express\lib\router\index.js:421:3)
        at next (C:\Users\anush\Desktop\anuprojects\Telemedicine Platform\node_modules\express\lib\router\index.js:280:10)
        at next (C:\Users\anush\Desktop\anuprojects\Telemedicine Platform\src\middleware\auth.js:41:5)
        at processTicksAndRejections (node:internal/process/task_queues:95:5) {
      statusCode: 403
    }

    [0m [90m 14 |[39m
     [90m 15 |[39m   [90m// Log to console for developer[39m
    [31m[1m>[22m[39m[90m 16 |[39m   console[33m.[39merror(err)[33m;[39m
     [90m    |[39m           [31m[1m^[22m[39m
     [90m 17 |[39m
     [90m 18 |[39m   [90m// Mongoose bad ObjectId[39m
     [90m 19 |[39m   [36mif[39m (err[33m.[39mname [33m===[39m [32m'CastError'[39m) {[0m

      at error (src/middleware/error.js:16:11)
      at Layer.handle_error (node_modules/express/lib/router/layer.js:71:5)
      at trim_prefix (node_modules/express/lib/router/index.js:326:13)
      at node_modules/express/lib/router/index.js:286:9
      at Function.process_params (node_modules/express/lib/router/index.js:346:12)
      at next (node_modules/express/lib/router/index.js:280:10)
      at node_modules/express/lib/router/index.js:646:15
      at next (node_modules/express/lib/router/index.js:265:14)
      at next (node_modules/express/lib/router/route.js:141:14)
      at Layer.handle_error (node_modules/express/lib/router/layer.js:67:12)
      at next (node_modules/express/lib/router/route.js:147:13)
      at next (src/middleware/auth.js:56:14)
      at Layer.handle [as handle_request] (node_modules/express/lib/router/layer.js:95:5)
      at next (node_modules/express/lib/router/route.js:149:13)
      at Route.dispatch (node_modules/express/lib/router/route.js:119:3)
      at Layer.handle [as handle_request] (node_modules/express/lib/router/layer.js:95:5)
      at node_modules/express/lib/router/index.js:284:15
      at param (node_modules/express/lib/router/index.js:365:14)
      at param (node_modules/express/lib/router/index.js:376:14)
      at Function.process_params (node_modules/express/lib/router/index.js:421:3)
      at next (node_modules/express/lib/router/index.js:280:10)
      at next (src/middleware/auth.js:41:5)

[undefined] [[32minfo[39m]: [32m[0mPUT /api/appointments/6a2d0167f02fd3a4de340537/confirm [33m403[0m 13.912 ms - 84[0m[39m
[undefined] [[32minfo[39m]: [32m[0mPOST /api/appointments [32m201[0m 50.333 ms - 468[0m[39m
[undefined] [[32minfo[39m]: [32m[0mPUT /api/appointments/6a2d0168f02fd3a4de340558/cancel [32m200[0m 19.928 ms - 517[0m[39m
[undefined] [[32minfo[39m]: [32m[0mPUT /api/appointments/6a2d0167f02fd3a4de340537/complete [32m200[0m 20.157 ms - 515[0m[39m
PASS tests/appointment.test.js
  Appointment API
    POST /api/appointments
      ΓêÜ allows patient to book an appointment (71 ms)
      ΓêÜ rejects booking without auth (36 ms)
      ΓêÜ rejects booking with missing fields (49 ms)
    GET /api/appointments
      ΓêÜ returns appointments for authenticated user (46 ms)
      ΓêÜ rejects unauthenticated request (35 ms)
    GET /api/appointments/:id
      ΓêÜ returns appointment details by ID (50 ms)
      ΓêÜ returns 404 for non-existent appointment (30 ms)
    PUT /api/appointments/:id/confirm
      ΓêÜ allows doctor to confirm an appointment (35 ms)
      ΓêÜ blocks patient from confirming an appointment (32 ms)
    PUT /api/appointments/:id/cancel
      ΓêÜ allows patient to cancel own appointment (104 ms)
    PUT /api/appointments/:id/complete
      ΓêÜ allows doctor to mark appointment as completed (33 ms)

Test Suites: 1 failed, 5 passed, 6 total
Tests:       1 failed, 61 passed, 62 total
Snapshots:   0 total
Time:        15.484 s, estimated 17 s
Ran all test suites.
